2024-07-18 06:35:49,452 - INFO - Success on 1: 200 - {"SHORT_DESC": "Chemical & Consumables Container", "RQ_VALUE": null, "DESCRIPTION": "Chemical & Consumables Container"}
2024-07-18 06:35:50,630 - INFO - Success on 1: 200 - {"StatusTo": 5}
2024-07-18 06:35:50,816 - ERROR - Error at 0 on Try 1: 404 Client Error: Not Found for url: https://opcenter-test.goodyear.com/OpcenterRDnLGIL/odata/RndvRqIi(9036,90,1000000,9,5000000)/Update - {"IIVALUE": "AS*L", "IIVALUEF": 0}
2024-07-18 06:35:51,499 - ERROR - Error at 0 on Try 2: 404 Client Error: Not Found for url: https://opcenter-test.goodyear.com/OpcenterRDnLGIL/odata/RndvRqIi(9036,90,1000000,9,5000000)/Update - {"IIVALUE": "AS*L", "IIVALUEF": 0}
2024-07-18 06:35:52,192 - ERROR - Error at 0 on Try 3: 404 Client Error: Not Found for url: https://opcenter-test.goodyear.com/OpcenterRDnLGIL/odata/RndvRqIi(9036,90,1000000,9,5000000)/Update - {"IIVALUE": "AS*L", "IIVALUEF": 0}
2024-07-18 06:35:52,881 - ERROR - Error at 0 on Try 4: 404 Client Error: Not Found for url: https://opcenter-test.goodyear.com/OpcenterRDnLGIL/odata/RndvRqIi(9036,90,1000000,9,5000000)/Update - {"IIVALUE": "AS*L", "IIVALUEF": 0}
2024-07-18 06:35:53,567 - ERROR - Error at 0 on Try 5: 404 Client Error: Not Found for url: https://opcenter-test.goodyear.com/OpcenterRDnLGIL/odata/RndvRqIi(9036,90,1000000,9,5000000)/Update - {"IIVALUE": "AS*L", "IIVALUEF": 0}
2024-07-18 06:35:53,767 - ERROR - Error at 0 on Try 1: 404 Client Error: Not Found for url: https://opcenter-test.goodyear.com/OpcenterRDnLGIL/odata/RndvRqIi(9036,90,1000000,530,1000000)/Update - {"IIVALUE": "0", "IIVALUEF": 0}
2024-07-18 06:35:54,460 - ERROR - Error at 0 on Try 2: 404 Client Error: Not Found for url: https://opcenter-test.goodyear.com/OpcenterRDnLGIL/odata/RndvRqIi(9036,90,1000000,530,1000000)/Update - {"IIVALUE": "0", "IIVALUEF": 0}
2024-07-18 06:35:55,191 - ERROR - Error at 0 on Try 3: 404 Client Error: Not Found for url: https://opcenter-test.goodyear.com/OpcenterRDnLGIL/odata/RndvRqIi(9036,90,1000000,530,1000000)/Update - {"IIVALUE": "0", "IIVALUEF": 0}
2024-07-18 06:35:55,886 - ERROR - Error at 0 on Try 4: 404 Client Error: Not Found for url: https://opcenter-test.goodyear.com/OpcenterRDnLGIL/odata/RndvRqIi(9036,90,1000000,530,1000000)/Update - {"IIVALUE": "0", "IIVALUEF": 0}
2024-07-18 06:35:56,578 - ERROR - Error at 0 on Try 5: 404 Client Error: Not Found for url: https://opcenter-test.goodyear.com/OpcenterRDnLGIL/odata/RndvRqIi(9036,90,1000000,530,1000000)/Update - {"IIVALUE": "0", "IIVALUEF": 0}
2024-07-18 06:35:56,766 - ERROR - Error at 0 on Try 1: 404 Client Error: Not Found for url: https://opcenter-test.goodyear.com/OpcenterRDnLGIL/odata/RndvRqIi(9036,90,1000000,534,4000000)/Update - {"IIVALUE": "09/15/2023 12:00:00 AM +00:00", "IIVALUEF": 0}
2024-07-18 06:35:57,470 - ERROR - Error at 0 on Try 2: 404 Client Error: Not Found for url: https://opcenter-test.goodyear.com/OpcenterRDnLGIL/odata/RndvRqIi(9036,90,1000000,534,4000000)/Update - {"IIVALUE": "09/15/2023 12:00:00 AM +00:00", "IIVALUEF": 0}
2024-07-18 06:35:58,187 - ERROR - Error at 0 on Try 3: 404 Client Error: Not Found for url: https://opcenter-test.goodyear.com/OpcenterRDnLGIL/odata/RndvRqIi(9036,90,1000000,534,4000000)/Update - {"IIVALUE": "09/15/2023 12:00:00 AM +00:00", "IIVALUEF": 0}
2024-07-18 06:35:58,899 - ERROR - Error at 0 on Try 4: 404 Client Error: Not Found for url: https://opcenter-test.goodyear.com/OpcenterRDnLGIL/odata/RndvRqIi(9036,90,1000000,534,4000000)/Update - {"IIVALUE": "09/15/2023 12:00:00 AM +00:00", "IIVALUEF": 0}
2024-07-18 06:35:59,590 - ERROR - Error at 0 on Try 5: 404 Client Error: Not Found for url: https://opcenter-test.goodyear.com/OpcenterRDnLGIL/odata/RndvRqIi(9036,90,1000000,534,4000000)/Update - {"IIVALUE": "09/15/2023 12:00:00 AM +00:00", "IIVALUEF": 0}
2024-07-18 06:35:59,792 - ERROR - Error at 0 on Try 1: 404 Client Error: Not Found for url: https://opcenter-test.goodyear.com/OpcenterRDnLGIL/odata/RndvRqIi(9036,90,1000000,535,3000000)/Update - {"IIVALUE": "09/14/2026 12:00:00 AM +00:00", "IIVALUEF": 0}
2024-07-18 06:36:00,474 - ERROR - Error at 0 on Try 2: 404 Client Error: Not Found for url: https://opcenter-test.goodyear.com/OpcenterRDnLGIL/odata/RndvRqIi(9036,90,1000000,535,3000000)/Update - {"IIVALUE": "09/14/2026 12:00:00 AM +00:00", "IIVALUEF": 0}
2024-07-18 06:36:01,157 - ERROR - Error at 0 on Try 3: 404 Client Error: Not Found for url: https://opcenter-test.goodyear.com/OpcenterRDnLGIL/odata/RndvRqIi(9036,90,1000000,535,3000000)/Update - {"IIVALUE": "09/14/2026 12:00:00 AM +00:00", "IIVALUEF": 0}
2024-07-18 06:36:01,844 - ERROR - Error at 0 on Try 4: 404 Client Error: Not Found for url: https://opcenter-test.goodyear.com/OpcenterRDnLGIL/odata/RndvRqIi(9036,90,1000000,535,3000000)/Update - {"IIVALUE": "09/14/2026 12:00:00 AM +00:00", "IIVALUEF": 0}
2024-07-18 06:36:02,539 - ERROR - Error at 0 on Try 5: 404 Client Error: Not Found for url: https://opcenter-test.goodyear.com/OpcenterRDnLGIL/odata/RndvRqIi(9036,90,1000000,535,3000000)/Update - {"IIVALUE": "09/14/2026 12:00:00 AM +00:00", "IIVALUEF": 0}
2024-07-18 06:36:02,731 - ERROR - Error at 0 on Try 1: 404 Client Error: Not Found for url: https://opcenter-test.goodyear.com/OpcenterRDnLGIL/odata/RndvRqIi(9036,90,1000000,536,6000000)/Update - {"IIVALUE": "GIC*L", "IIVALUEF": 0}
2024-07-18 06:36:03,424 - ERROR - Error at 0 on Try 2: 404 Client Error: Not Found for url: https://opcenter-test.goodyear.com/OpcenterRDnLGIL/odata/RndvRqIi(9036,90,1000000,536,6000000)/Update - {"IIVALUE": "GIC*L", "IIVALUEF": 0}
2024-07-18 06:36:04,121 - ERROR - Error at 0 on Try 3: 404 Client Error: Not Found for url: https://opcenter-test.goodyear.com/OpcenterRDnLGIL/odata/RndvRqIi(9036,90,1000000,536,6000000)/Update - {"IIVALUE": "GIC*L", "IIVALUEF": 0}
2024-07-18 06:36:04,808 - ERROR - Error at 0 on Try 4: 404 Client Error: Not Found for url: https://opcenter-test.goodyear.com/OpcenterRDnLGIL/odata/RndvRqIi(9036,90,1000000,536,6000000)/Update - {"IIVALUE": "GIC*L", "IIVALUEF": 0}
2024-07-18 06:36:05,493 - ERROR - Error at 0 on Try 5: 404 Client Error: Not Found for url: https://opcenter-test.goodyear.com/OpcenterRDnLGIL/odata/RndvRqIi(9036,90,1000000,536,6000000)/Update - {"IIVALUE": "GIC*L", "IIVALUEF": 0}
2024-07-18 06:36:05,680 - ERROR - Error at 0 on Try 1: 404 Client Error: Not Found for url: https://opcenter-test.goodyear.com/OpcenterRDnLGIL/odata/RndvRqIi(9036,90,1000000,537,7000000)/Update - {"IIVALUE": "Ventilated Cabinet 4", "IIVALUEF": 0}
2024-07-18 06:36:06,364 - ERROR - Error at 0 on Try 2: 404 Client Error: Not Found for url: https://opcenter-test.goodyear.com/OpcenterRDnLGIL/odata/RndvRqIi(9036,90,1000000,537,7000000)/Update - {"IIVALUE": "Ventilated Cabinet 4", "IIVALUEF": 0}
2024-07-18 06:36:07,079 - ERROR - Error at 0 on Try 3: 404 Client Error: Not Found for url: https://opcenter-test.goodyear.com/OpcenterRDnLGIL/odata/RndvRqIi(9036,90,1000000,537,7000000)/Update - {"IIVALUE": "Ventilated Cabinet 4", "IIVALUEF": 0}
2024-07-18 06:36:07,789 - ERROR - Error at 0 on Try 4: 404 Client Error: Not Found for url: https://opcenter-test.goodyear.com/OpcenterRDnLGIL/odata/RndvRqIi(9036,90,1000000,537,7000000)/Update - {"IIVALUE": "Ventilated Cabinet 4", "IIVALUEF": 0}
2024-07-18 06:36:08,496 - ERROR - Error at 0 on Try 5: 404 Client Error: Not Found for url: https://opcenter-test.goodyear.com/OpcenterRDnLGIL/odata/RndvRqIi(9036,90,1000000,537,7000000)/Update - {"IIVALUE": "Ventilated Cabinet 4", "IIVALUEF": 0}
2024-07-18 06:36:08,701 - ERROR - Error at 0 on Try 1: 404 Client Error: Not Found for url: https://opcenter-test.goodyear.com/OpcenterRDnLGIL/odata/RndvRqIi(9036,90,1000000,538,8000000)/Update - {"IIVALUE": "0", "IIVALUEF": 0}
2024-07-18 06:36:09,382 - ERROR - Error at 0 on Try 2: 404 Client Error: Not Found for url: https://opcenter-test.goodyear.com/OpcenterRDnLGIL/odata/RndvRqIi(9036,90,1000000,538,8000000)/Update - {"IIVALUE": "0", "IIVALUEF": 0}
2024-07-18 06:36:10,058 - ERROR - Error at 0 on Try 3: 404 Client Error: Not Found for url: https://opcenter-test.goodyear.com/OpcenterRDnLGIL/odata/RndvRqIi(9036,90,1000000,538,8000000)/Update - {"IIVALUE": "0", "IIVALUEF": 0}
2024-07-18 06:36:10,744 - ERROR - Error at 0 on Try 4: 404 Client Error: Not Found for url: https://opcenter-test.goodyear.com/OpcenterRDnLGIL/odata/RndvRqIi(9036,90,1000000,538,8000000)/Update - {"IIVALUE": "0", "IIVALUEF": 0}
2024-07-18 06:36:11,453 - ERROR - Error at 0 on Try 5: 404 Client Error: Not Found for url: https://opcenter-test.goodyear.com/OpcenterRDnLGIL/odata/RndvRqIi(9036,90,1000000,538,8000000)/Update - {"IIVALUE": "0", "IIVALUEF": 0}
2024-07-18 06:36:11,668 - ERROR - Error at 0 on Try 1: 404 Client Error: Not Found for url: https://opcenter-test.goodyear.com/OpcenterRDnLGIL/odata/RndvRqIi(9036,90,1000000,539,9000000)/Update - {"IIVALUE": "Dartevelle, Coralie", "IIVALUEF": 0}
2024-07-18 06:36:12,362 - ERROR - Error at 0 on Try 2: 404 Client Error: Not Found for url: https://opcenter-test.goodyear.com/OpcenterRDnLGIL/odata/RndvRqIi(9036,90,1000000,539,9000000)/Update - {"IIVALUE": "Dartevelle, Coralie", "IIVALUEF": 0}
2024-07-18 06:36:13,056 - ERROR - Error at 0 on Try 3: 404 Client Error: Not Found for url: https://opcenter-test.goodyear.com/OpcenterRDnLGIL/odata/RndvRqIi(9036,90,1000000,539,9000000)/Update - {"IIVALUE": "Dartevelle, Coralie", "IIVALUEF": 0}
2024-07-18 06:36:13,741 - ERROR - Error at 0 on Try 4: 404 Client Error: Not Found for url: https://opcenter-test.goodyear.com/OpcenterRDnLGIL/odata/RndvRqIi(9036,90,1000000,539,9000000)/Update - {"IIVALUE": "Dartevelle, Coralie", "IIVALUEF": 0}
2024-07-18 06:36:14,430 - ERROR - Error at 0 on Try 5: 404 Client Error: Not Found for url: https://opcenter-test.goodyear.com/OpcenterRDnLGIL/odata/RndvRqIi(9036,90,1000000,539,9000000)/Update - {"IIVALUE": "Dartevelle, Coralie", "IIVALUEF": 0}
2024-07-18 06:36:14,647 - ERROR - Error at 0 on Try 1: 404 Client Error: Not Found for url: https://opcenter-test.goodyear.com/OpcenterRDnLGIL/odata/RndvRqIi(9036,90,1000000,540,10000000)/Update - {"IIVALUE": "105-11-3", "IIVALUEF": 0}
2024-07-18 06:36:15,348 - ERROR - Error at 0 on Try 2: 404 Client Error: Not Found for url: https://opcenter-test.goodyear.com/OpcenterRDnLGIL/odata/RndvRqIi(9036,90,1000000,540,10000000)/Update - {"IIVALUE": "105-11-3", "IIVALUEF": 0}
2024-07-18 06:36:16,035 - ERROR - Error at 0 on Try 3: 404 Client Error: Not Found for url: https://opcenter-test.goodyear.com/OpcenterRDnLGIL/odata/RndvRqIi(9036,90,1000000,540,10000000)/Update - {"IIVALUE": "105-11-3", "IIVALUEF": 0}
2024-07-18 06:36:16,731 - ERROR - Error at 0 on Try 4: 404 Client Error: Not Found for url: https://opcenter-test.goodyear.com/OpcenterRDnLGIL/odata/RndvRqIi(9036,90,1000000,540,10000000)/Update - {"IIVALUE": "105-11-3", "IIVALUEF": 0}
2024-07-18 06:36:17,434 - ERROR - Error at 0 on Try 5: 404 Client Error: Not Found for url: https://opcenter-test.goodyear.com/OpcenterRDnLGIL/odata/RndvRqIi(9036,90,1000000,540,10000000)/Update - {"IIVALUE": "105-11-3", "IIVALUEF": 0}
2024-07-18 06:36:17,622 - ERROR - Error at 0 on Try 1: 404 Client Error: Not Found for url: https://opcenter-test.goodyear.com/OpcenterRDnLGIL/odata/RndvRqIi(9036,90,1000000,541,11000000)/Update - {"IIVALUE": "50.0", "IIVALUEF": 0}
2024-07-18 06:36:18,326 - ERROR - Error at 0 on Try 2: 404 Client Error: Not Found for url: https://opcenter-test.goodyear.com/OpcenterRDnLGIL/odata/RndvRqIi(9036,90,1000000,541,11000000)/Update - {"IIVALUE": "50.0", "IIVALUEF": 0}
2024-07-18 06:36:19,031 - ERROR - Error at 0 on Try 3: 404 Client Error: Not Found for url: https://opcenter-test.goodyear.com/OpcenterRDnLGIL/odata/RndvRqIi(9036,90,1000000,541,11000000)/Update - {"IIVALUE": "50.0", "IIVALUEF": 0}
2024-07-18 06:36:19,729 - ERROR - Error at 0 on Try 4: 404 Client Error: Not Found for url: https://opcenter-test.goodyear.com/OpcenterRDnLGIL/odata/RndvRqIi(9036,90,1000000,541,11000000)/Update - {"IIVALUE": "50.0", "IIVALUEF": 0}
2024-07-18 06:36:20,416 - ERROR - Error at 0 on Try 5: 404 Client Error: Not Found for url: https://opcenter-test.goodyear.com/OpcenterRDnLGIL/odata/RndvRqIi(9036,90,1000000,541,11000000)/Update - {"IIVALUE": "50.0", "IIVALUEF": 0}
2024-07-18 06:36:20,617 - ERROR - Error at 0 on Try 1: 404 Client Error: Not Found for url: https://opcenter-test.goodyear.com/OpcenterRDnLGIL/odata/RndvRqIi(9036,90,1000000,640,12000000)/Update - {"IIVALUE": "Method/Project: Chromato", "IIVALUEF": 0}
2024-07-18 06:36:21,306 - ERROR - Error at 0 on Try 2: 404 Client Error: Not Found for url: https://opcenter-test.goodyear.com/OpcenterRDnLGIL/odata/RndvRqIi(9036,90,1000000,640,12000000)/Update - {"IIVALUE": "Method/Project: Chromato", "IIVALUEF": 0}
2024-07-18 06:36:22,006 - ERROR - Error at 0 on Try 3: 404 Client Error: Not Found for url: https://opcenter-test.goodyear.com/OpcenterRDnLGIL/odata/RndvRqIi(9036,90,1000000,640,12000000)/Update - {"IIVALUE": "Method/Project: Chromato", "IIVALUEF": 0}
2024-07-18 06:36:22,700 - ERROR - Error at 0 on Try 4: 404 Client Error: Not Found for url: https://opcenter-test.goodyear.com/OpcenterRDnLGIL/odata/RndvRqIi(9036,90,1000000,640,12000000)/Update - {"IIVALUE": "Method/Project: Chromato", "IIVALUEF": 0}
2024-07-18 06:36:23,383 - ERROR - Error at 0 on Try 5: 404 Client Error: Not Found for url: https://opcenter-test.goodyear.com/OpcenterRDnLGIL/odata/RndvRqIi(9036,90,1000000,640,12000000)/Update - {"IIVALUE": "Method/Project: Chromato", "IIVALUEF": 0}
2024-07-18 06:36:23,565 - ERROR - Error at 0 on Try 1: 404 Client Error: Not Found for url: https://opcenter-test.goodyear.com/OpcenterRDnLGIL/odata/RndvRqIi(9036,90,1000000,647,13000000)/Update - {"IIVALUE": "Adv. Chemistry", "IIVALUEF": 0}
2024-07-18 06:36:24,254 - ERROR - Error at 0 on Try 2: 404 Client Error: Not Found for url: https://opcenter-test.goodyear.com/OpcenterRDnLGIL/odata/RndvRqIi(9036,90,1000000,647,13000000)/Update - {"IIVALUE": "Adv. Chemistry", "IIVALUEF": 0}
2024-07-18 06:36:24,954 - ERROR - Error at 0 on Try 3: 404 Client Error: Not Found for url: https://opcenter-test.goodyear.com/OpcenterRDnLGIL/odata/RndvRqIi(9036,90,1000000,647,13000000)/Update - {"IIVALUE": "Adv. Chemistry", "IIVALUEF": 0}
2024-07-18 06:36:25,637 - ERROR - Error at 0 on Try 4: 404 Client Error: Not Found for url: https://opcenter-test.goodyear.com/OpcenterRDnLGIL/odata/RndvRqIi(9036,90,1000000,647,13000000)/Update - {"IIVALUE": "Adv. Chemistry", "IIVALUEF": 0}
2024-07-18 06:36:26,322 - ERROR - Error at 0 on Try 5: 404 Client Error: Not Found for url: https://opcenter-test.goodyear.com/OpcenterRDnLGIL/odata/RndvRqIi(9036,90,1000000,647,13000000)/Update - {"IIVALUE": "Adv. Chemistry", "IIVALUEF": 0}
2024-07-18 06:36:26,502 - ERROR - Error at 0 on Try 1: 404 Client Error: Not Found for url: https://opcenter-test.goodyear.com/OpcenterRDnLGIL/odata/RndvRqIi(9036,90,1000000,648,2000000)/Update - {"IIVALUE": "0", "IIVALUEF": 0}
2024-07-18 06:36:27,187 - ERROR - Error at 0 on Try 2: 404 Client Error: Not Found for url: https://opcenter-test.goodyear.com/OpcenterRDnLGIL/odata/RndvRqIi(9036,90,1000000,648,2000000)/Update - {"IIVALUE": "0", "IIVALUEF": 0}
2024-07-18 06:36:27,896 - ERROR - Error at 0 on Try 3: 404 Client Error: Not Found for url: https://opcenter-test.goodyear.com/OpcenterRDnLGIL/odata/RndvRqIi(9036,90,1000000,648,2000000)/Update - {"IIVALUE": "0", "IIVALUEF": 0}
2024-07-18 06:36:28,587 - ERROR - Error at 0 on Try 4: 404 Client Error: Not Found for url: https://opcenter-test.goodyear.com/OpcenterRDnLGIL/odata/RndvRqIi(9036,90,1000000,648,2000000)/Update - {"IIVALUE": "0", "IIVALUEF": 0}
2024-07-18 06:36:29,273 - ERROR - Error at 0 on Try 5: 404 Client Error: Not Found for url: https://opcenter-test.goodyear.com/OpcenterRDnLGIL/odata/RndvRqIi(9036,90,1000000,648,2000000)/Update - {"IIVALUE": "0", "IIVALUEF": 0}
2024-07-18 06:36:29,486 - ERROR - Error at 0 on Try 1: 404 Client Error: Not Found for url: https://opcenter-test.goodyear.com/OpcenterRDnLGIL/odata/RndvRqIi(9036,90,1000000,649,14000000)/Update - {"IIVALUE": "p-Benzoquinone dioxime, 95% ", "IIVALUEF": 0}
2024-07-18 06:36:30,185 - ERROR - Error at 0 on Try 2: 404 Client Error: Not Found for url: https://opcenter-test.goodyear.com/OpcenterRDnLGIL/odata/RndvRqIi(9036,90,1000000,649,14000000)/Update - {"IIVALUE": "p-Benzoquinone dioxime, 95% ", "IIVALUEF": 0}
2024-07-18 06:36:30,867 - ERROR - Error at 0 on Try 3: 404 Client Error: Not Found for url: https://opcenter-test.goodyear.com/OpcenterRDnLGIL/odata/RndvRqIi(9036,90,1000000,649,14000000)/Update - {"IIVALUE": "p-Benzoquinone dioxime, 95% ", "IIVALUEF": 0}
2024-07-18 06:36:31,553 - ERROR - Error at 0 on Try 4: 404 Client Error: Not Found for url: https://opcenter-test.goodyear.com/OpcenterRDnLGIL/odata/RndvRqIi(9036,90,1000000,649,14000000)/Update - {"IIVALUE": "p-Benzoquinone dioxime, 95% ", "IIVALUEF": 0}
2024-07-18 06:36:32,248 - ERROR - Error at 0 on Try 5: 404 Client Error: Not Found for url: https://opcenter-test.goodyear.com/OpcenterRDnLGIL/odata/RndvRqIi(9036,90,1000000,649,14000000)/Update - {"IIVALUE": "p-Benzoquinone dioxime, 95% ", "IIVALUEF": 0}
2024-07-18 06:36:32,456 - ERROR - Error at 0 on Try 1: 404 Client Error: Not Found for url: https://opcenter-test.goodyear.com/OpcenterRDnLGIL/odata/RndvRqIi(9036,90,1000000,650,15000000)/Update - {"IIVALUE": "Alfa Aesar", "IIVALUEF": 0}
2024-07-18 06:36:33,142 - ERROR - Error at 0 on Try 2: 404 Client Error: Not Found for url: https://opcenter-test.goodyear.com/OpcenterRDnLGIL/odata/RndvRqIi(9036,90,1000000,650,15000000)/Update - {"IIVALUE": "Alfa Aesar", "IIVALUEF": 0}
2024-07-18 06:36:33,839 - ERROR - Error at 0 on Try 3: 404 Client Error: Not Found for url: https://opcenter-test.goodyear.com/OpcenterRDnLGIL/odata/RndvRqIi(9036,90,1000000,650,15000000)/Update - {"IIVALUE": "Alfa Aesar", "IIVALUEF": 0}
2024-07-18 06:36:34,531 - ERROR - Error at 0 on Try 4: 404 Client Error: Not Found for url: https://opcenter-test.goodyear.com/OpcenterRDnLGIL/odata/RndvRqIi(9036,90,1000000,650,15000000)/Update - {"IIVALUE": "Alfa Aesar", "IIVALUEF": 0}
2024-07-18 06:36:35,226 - ERROR - Error at 0 on Try 5: 404 Client Error: Not Found for url: https://opcenter-test.goodyear.com/OpcenterRDnLGIL/odata/RndvRqIi(9036,90,1000000,650,15000000)/Update - {"IIVALUE": "Alfa Aesar", "IIVALUEF": 0}
2024-07-18 06:36:35,430 - ERROR - Error at 0 on Try 1: 404 Client Error: Not Found for url: https://opcenter-test.goodyear.com/OpcenterRDnLGIL/odata/RndvRqIi(9036,90,1000000,653,17000000)/Update - {"IIVALUE": "0", "IIVALUEF": 0}
2024-07-18 06:36:36,127 - ERROR - Error at 0 on Try 2: 404 Client Error: Not Found for url: https://opcenter-test.goodyear.com/OpcenterRDnLGIL/odata/RndvRqIi(9036,90,1000000,653,17000000)/Update - {"IIVALUE": "0", "IIVALUEF": 0}
2024-07-18 06:36:36,810 - ERROR - Error at 0 on Try 3: 404 Client Error: Not Found for url: https://opcenter-test.goodyear.com/OpcenterRDnLGIL/odata/RndvRqIi(9036,90,1000000,653,17000000)/Update - {"IIVALUE": "0", "IIVALUEF": 0}
2024-07-18 06:36:37,497 - ERROR - Error at 0 on Try 4: 404 Client Error: Not Found for url: https://opcenter-test.goodyear.com/OpcenterRDnLGIL/odata/RndvRqIi(9036,90,1000000,653,17000000)/Update - {"IIVALUE": "0", "IIVALUEF": 0}
2024-07-18 06:36:38,181 - ERROR - Error at 0 on Try 5: 404 Client Error: Not Found for url: https://opcenter-test.goodyear.com/OpcenterRDnLGIL/odata/RndvRqIi(9036,90,1000000,653,17000000)/Update - {"IIVALUE": "0", "IIVALUEF": 0}
2024-07-18 06:36:38,374 - ERROR - Error at 0 on Try 1: 404 Client Error: Not Found for url: https://opcenter-test.goodyear.com/OpcenterRDnLGIL/odata/RndvRqIi(9036,90,1000000,654,16000000)/Update - {"IIVALUE": "g", "IIVALUEF": 0}
2024-07-18 06:36:39,062 - ERROR - Error at 0 on Try 2: 404 Client Error: Not Found for url: https://opcenter-test.goodyear.com/OpcenterRDnLGIL/odata/RndvRqIi(9036,90,1000000,654,16000000)/Update - {"IIVALUE": "g", "IIVALUEF": 0}
2024-07-18 06:36:39,749 - ERROR - Error at 0 on Try 3: 404 Client Error: Not Found for url: https://opcenter-test.goodyear.com/OpcenterRDnLGIL/odata/RndvRqIi(9036,90,1000000,654,16000000)/Update - {"IIVALUE": "g", "IIVALUEF": 0}
2024-07-18 06:36:40,442 - ERROR - Error at 0 on Try 4: 404 Client Error: Not Found for url: https://opcenter-test.goodyear.com/OpcenterRDnLGIL/odata/RndvRqIi(9036,90,1000000,654,16000000)/Update - {"IIVALUE": "g", "IIVALUEF": 0}
2024-07-18 06:36:41,146 - ERROR - Error at 0 on Try 5: 404 Client Error: Not Found for url: https://opcenter-test.goodyear.com/OpcenterRDnLGIL/odata/RndvRqIi(9036,90,1000000,654,16000000)/Update - {"IIVALUE": "g", "IIVALUEF": 0}
2024-07-18 06:36:41,364 - ERROR - Error at 0 on Try 1: 404 Client Error: Not Found for url: https://opcenter-test.goodyear.com/OpcenterRDnLGIL/odata/RndvRqIi(9036,90,1000000,656,18000000)/Update - {"IIVALUE": "0", "IIVALUEF": 0}
2024-07-18 06:36:42,050 - ERROR - Error at 0 on Try 2: 404 Client Error: Not Found for url: https://opcenter-test.goodyear.com/OpcenterRDnLGIL/odata/RndvRqIi(9036,90,1000000,656,18000000)/Update - {"IIVALUE": "0", "IIVALUEF": 0}
2024-07-18 06:36:42,730 - ERROR - Error at 0 on Try 3: 404 Client Error: Not Found for url: https://opcenter-test.goodyear.com/OpcenterRDnLGIL/odata/RndvRqIi(9036,90,1000000,656,18000000)/Update - {"IIVALUE": "0", "IIVALUEF": 0}
2024-07-18 06:36:43,441 - ERROR - Error at 0 on Try 4: 404 Client Error: Not Found for url: https://opcenter-test.goodyear.com/OpcenterRDnLGIL/odata/RndvRqIi(9036,90,1000000,656,18000000)/Update - {"IIVALUE": "0", "IIVALUEF": 0}
2024-07-18 06:36:44,131 - ERROR - Error at 0 on Try 5: 404 Client Error: Not Found for url: https://opcenter-test.goodyear.com/OpcenterRDnLGIL/odata/RndvRqIi(9036,90,1000000,656,18000000)/Update - {"IIVALUE": "0", "IIVALUEF": 0}
2024-07-18 06:36:44,320 - ERROR - Error at 0 on Try 1: 404 Client Error: Not Found for url: https://opcenter-test.goodyear.com/OpcenterRDnLGIL/odata/RndvRqIi(9036,90,1000000,531,19000000)/Update - {"IIVALUE": "H1231A", "IIVALUEF": 0}
2024-07-18 06:36:45,029 - ERROR - Error at 0 on Try 2: 404 Client Error: Not Found for url: https://opcenter-test.goodyear.com/OpcenterRDnLGIL/odata/RndvRqIi(9036,90,1000000,531,19000000)/Update - {"IIVALUE": "H1231A", "IIVALUEF": 0}
2024-07-18 06:36:45,723 - ERROR - Error at 0 on Try 3: 404 Client Error: Not Found for url: https://opcenter-test.goodyear.com/OpcenterRDnLGIL/odata/RndvRqIi(9036,90,1000000,531,19000000)/Update - {"IIVALUE": "H1231A", "IIVALUEF": 0}
2024-07-18 06:36:46,432 - ERROR - Error at 0 on Try 4: 404 Client Error: Not Found for url: https://opcenter-test.goodyear.com/OpcenterRDnLGIL/odata/RndvRqIi(9036,90,1000000,531,19000000)/Update - {"IIVALUE": "H1231A", "IIVALUEF": 0}
2024-07-18 06:36:47,122 - ERROR - Error at 0 on Try 5: 404 Client Error: Not Found for url: https://opcenter-test.goodyear.com/OpcenterRDnLGIL/odata/RndvRqIi(9036,90,1000000,531,19000000)/Update - {"IIVALUE": "H1231A", "IIVALUEF": 0}
2024-07-18 06:36:47,501 - INFO - Success on 1: 200 - {"IIVALUE": "A17532", "IIVALUEF": 0}
2024-07-18 06:36:57,975 - INFO - Success on 2: 200 - {"SHORT_DESC": "Chemical & Consumables Container", "RQ_VALUE": null, "DESCRIPTION": "Chemical & Consumables Container"}
2024-07-18 06:36:59,178 - INFO - Success on 2: 200 - {"StatusTo": 5}
2024-07-18 06:36:59,380 - ERROR - Error at 1 on Try 1: 404 Client Error: Not Found for url: https://opcenter-test.goodyear.com/OpcenterRDnLGIL/odata/RndvRqIi(9037,90,1000000,9,5000000)/Update - {"IIVALUE": "AS*L", "IIVALUEF": 0}
2024-07-18 06:37:00,065 - ERROR - Error at 1 on Try 2: 404 Client Error: Not Found for url: https://opcenter-test.goodyear.com/OpcenterRDnLGIL/odata/RndvRqIi(9037,90,1000000,9,5000000)/Update - {"IIVALUE": "AS*L", "IIVALUEF": 0}
2024-07-18 06:37:00,753 - ERROR - Error at 1 on Try 3: 404 Client Error: Not Found for url: https://opcenter-test.goodyear.com/OpcenterRDnLGIL/odata/RndvRqIi(9037,90,1000000,9,5000000)/Update - {"IIVALUE": "AS*L", "IIVALUEF": 0}
2024-07-18 06:37:01,438 - ERROR - Error at 1 on Try 4: 404 Client Error: Not Found for url: https://opcenter-test.goodyear.com/OpcenterRDnLGIL/odata/RndvRqIi(9037,90,1000000,9,5000000)/Update - {"IIVALUE": "AS*L", "IIVALUEF": 0}
2024-07-18 06:37:02,137 - ERROR - Error at 1 on Try 5: 404 Client Error: Not Found for url: https://opcenter-test.goodyear.com/OpcenterRDnLGIL/odata/RndvRqIi(9037,90,1000000,9,5000000)/Update - {"IIVALUE": "AS*L", "IIVALUEF": 0}
2024-07-18 06:37:02,327 - ERROR - Error at 1 on Try 1: 404 Client Error: Not Found for url: https://opcenter-test.goodyear.com/OpcenterRDnLGIL/odata/RndvRqIi(9037,90,1000000,530,1000000)/Update - {"IIVALUE": "0", "IIVALUEF": 0}
2024-07-18 06:37:03,021 - ERROR - Error at 1 on Try 2: 404 Client Error: Not Found for url: https://opcenter-test.goodyear.com/OpcenterRDnLGIL/odata/RndvRqIi(9037,90,1000000,530,1000000)/Update - {"IIVALUE": "0", "IIVALUEF": 0}
2024-07-18 06:37:03,704 - ERROR - Error at 1 on Try 3: 404 Client Error: Not Found for url: https://opcenter-test.goodyear.com/OpcenterRDnLGIL/odata/RndvRqIi(9037,90,1000000,530,1000000)/Update - {"IIVALUE": "0", "IIVALUEF": 0}
2024-07-18 06:37:04,397 - ERROR - Error at 1 on Try 4: 404 Client Error: Not Found for url: https://opcenter-test.goodyear.com/OpcenterRDnLGIL/odata/RndvRqIi(9037,90,1000000,530,1000000)/Update - {"IIVALUE": "0", "IIVALUEF": 0}
2024-07-18 06:37:05,096 - ERROR - Error at 1 on Try 5: 404 Client Error: Not Found for url: https://opcenter-test.goodyear.com/OpcenterRDnLGIL/odata/RndvRqIi(9037,90,1000000,530,1000000)/Update - {"IIVALUE": "0", "IIVALUEF": 0}
2024-07-18 06:37:05,319 - ERROR - Error at 1 on Try 1: 404 Client Error: Not Found for url: https://opcenter-test.goodyear.com/OpcenterRDnLGIL/odata/RndvRqIi(9037,90,1000000,534,4000000)/Update - {"IIVALUE": "09/15/2023 12:00:00 AM +00:00", "IIVALUEF": 0}
2024-07-18 06:37:06,017 - ERROR - Error at 1 on Try 2: 404 Client Error: Not Found for url: https://opcenter-test.goodyear.com/OpcenterRDnLGIL/odata/RndvRqIi(9037,90,1000000,534,4000000)/Update - {"IIVALUE": "09/15/2023 12:00:00 AM +00:00", "IIVALUEF": 0}
2024-07-18 06:37:06,702 - ERROR - Error at 1 on Try 3: 404 Client Error: Not Found for url: https://opcenter-test.goodyear.com/OpcenterRDnLGIL/odata/RndvRqIi(9037,90,1000000,534,4000000)/Update - {"IIVALUE": "09/15/2023 12:00:00 AM +00:00", "IIVALUEF": 0}
2024-07-18 06:37:07,384 - ERROR - Error at 1 on Try 4: 404 Client Error: Not Found for url: https://opcenter-test.goodyear.com/OpcenterRDnLGIL/odata/RndvRqIi(9037,90,1000000,534,4000000)/Update - {"IIVALUE": "09/15/2023 12:00:00 AM +00:00", "IIVALUEF": 0}
2024-07-18 06:37:08,074 - ERROR - Error at 1 on Try 5: 404 Client Error: Not Found for url: https://opcenter-test.goodyear.com/OpcenterRDnLGIL/odata/RndvRqIi(9037,90,1000000,534,4000000)/Update - {"IIVALUE": "09/15/2023 12:00:00 AM +00:00", "IIVALUEF": 0}
2024-07-18 06:37:08,282 - ERROR - Error at 1 on Try 1: 404 Client Error: Not Found for url: https://opcenter-test.goodyear.com/OpcenterRDnLGIL/odata/RndvRqIi(9037,90,1000000,535,3000000)/Update - {"IIVALUE": "09/14/2026 12:00:00 AM +00:00", "IIVALUEF": 0}
2024-07-18 06:37:08,969 - ERROR - Error at 1 on Try 2: 404 Client Error: Not Found for url: https://opcenter-test.goodyear.com/OpcenterRDnLGIL/odata/RndvRqIi(9037,90,1000000,535,3000000)/Update - {"IIVALUE": "09/14/2026 12:00:00 AM +00:00", "IIVALUEF": 0}
2024-07-18 06:37:09,658 - ERROR - Error at 1 on Try 3: 404 Client Error: Not Found for url: https://opcenter-test.goodyear.com/OpcenterRDnLGIL/odata/RndvRqIi(9037,90,1000000,535,3000000)/Update - {"IIVALUE": "09/14/2026 12:00:00 AM +00:00", "IIVALUEF": 0}
2024-07-18 06:37:10,351 - ERROR - Error at 1 on Try 4: 404 Client Error: Not Found for url: https://opcenter-test.goodyear.com/OpcenterRDnLGIL/odata/RndvRqIi(9037,90,1000000,535,3000000)/Update - {"IIVALUE": "09/14/2026 12:00:00 AM +00:00", "IIVALUEF": 0}
2024-07-18 06:37:11,040 - ERROR - Error at 1 on Try 5: 404 Client Error: Not Found for url: https://opcenter-test.goodyear.com/OpcenterRDnLGIL/odata/RndvRqIi(9037,90,1000000,535,3000000)/Update - {"IIVALUE": "09/14/2026 12:00:00 AM +00:00", "IIVALUEF": 0}
2024-07-18 06:37:11,229 - ERROR - Error at 1 on Try 1: 404 Client Error: Not Found for url: https://opcenter-test.goodyear.com/OpcenterRDnLGIL/odata/RndvRqIi(9037,90,1000000,536,6000000)/Update - {"IIVALUE": "GIC*L", "IIVALUEF": 0}
2024-07-18 06:37:11,917 - ERROR - Error at 1 on Try 2: 404 Client Error: Not Found for url: https://opcenter-test.goodyear.com/OpcenterRDnLGIL/odata/RndvRqIi(9037,90,1000000,536,6000000)/Update - {"IIVALUE": "GIC*L", "IIVALUEF": 0}
2024-07-18 06:37:12,629 - ERROR - Error at 1 on Try 3: 404 Client Error: Not Found for url: https://opcenter-test.goodyear.com/OpcenterRDnLGIL/odata/RndvRqIi(9037,90,1000000,536,6000000)/Update - {"IIVALUE": "GIC*L", "IIVALUEF": 0}
2024-07-18 06:37:13,313 - ERROR - Error at 1 on Try 4: 404 Client Error: Not Found for url: https://opcenter-test.goodyear.com/OpcenterRDnLGIL/odata/RndvRqIi(9037,90,1000000,536,6000000)/Update - {"IIVALUE": "GIC*L", "IIVALUEF": 0}
2024-07-18 06:37:14,005 - ERROR - Error at 1 on Try 5: 404 Client Error: Not Found for url: https://opcenter-test.goodyear.com/OpcenterRDnLGIL/odata/RndvRqIi(9037,90,1000000,536,6000000)/Update - {"IIVALUE": "GIC*L", "IIVALUEF": 0}
2024-07-18 06:37:14,220 - ERROR - Error at 1 on Try 1: 404 Client Error: Not Found for url: https://opcenter-test.goodyear.com/OpcenterRDnLGIL/odata/RndvRqIi(9037,90,1000000,537,7000000)/Update - {"IIVALUE": "Ventilated Cabinet 4", "IIVALUEF": 0}
2024-07-18 06:37:14,907 - ERROR - Error at 1 on Try 2: 404 Client Error: Not Found for url: https://opcenter-test.goodyear.com/OpcenterRDnLGIL/odata/RndvRqIi(9037,90,1000000,537,7000000)/Update - {"IIVALUE": "Ventilated Cabinet 4", "IIVALUEF": 0}
2024-07-18 06:37:15,593 - ERROR - Error at 1 on Try 3: 404 Client Error: Not Found for url: https://opcenter-test.goodyear.com/OpcenterRDnLGIL/odata/RndvRqIi(9037,90,1000000,537,7000000)/Update - {"IIVALUE": "Ventilated Cabinet 4", "IIVALUEF": 0}
2024-07-18 06:37:16,281 - ERROR - Error at 1 on Try 4: 404 Client Error: Not Found for url: https://opcenter-test.goodyear.com/OpcenterRDnLGIL/odata/RndvRqIi(9037,90,1000000,537,7000000)/Update - {"IIVALUE": "Ventilated Cabinet 4", "IIVALUEF": 0}
2024-07-18 06:37:16,968 - ERROR - Error at 1 on Try 5: 404 Client Error: Not Found for url: https://opcenter-test.goodyear.com/OpcenterRDnLGIL/odata/RndvRqIi(9037,90,1000000,537,7000000)/Update - {"IIVALUE": "Ventilated Cabinet 4", "IIVALUEF": 0}
2024-07-18 06:37:17,159 - ERROR - Error at 1 on Try 1: 404 Client Error: Not Found for url: https://opcenter-test.goodyear.com/OpcenterRDnLGIL/odata/RndvRqIi(9037,90,1000000,538,8000000)/Update - {"IIVALUE": "0", "IIVALUEF": 0}
2024-07-18 06:37:17,849 - ERROR - Error at 1 on Try 2: 404 Client Error: Not Found for url: https://opcenter-test.goodyear.com/OpcenterRDnLGIL/odata/RndvRqIi(9037,90,1000000,538,8000000)/Update - {"IIVALUE": "0", "IIVALUEF": 0}
2024-07-18 06:37:18,535 - ERROR - Error at 1 on Try 3: 404 Client Error: Not Found for url: https://opcenter-test.goodyear.com/OpcenterRDnLGIL/odata/RndvRqIi(9037,90,1000000,538,8000000)/Update - {"IIVALUE": "0", "IIVALUEF": 0}
2024-07-18 06:37:19,218 - ERROR - Error at 1 on Try 4: 404 Client Error: Not Found for url: https://opcenter-test.goodyear.com/OpcenterRDnLGIL/odata/RndvRqIi(9037,90,1000000,538,8000000)/Update - {"IIVALUE": "0", "IIVALUEF": 0}
2024-07-18 06:37:19,905 - ERROR - Error at 1 on Try 5: 404 Client Error: Not Found for url: https://opcenter-test.goodyear.com/OpcenterRDnLGIL/odata/RndvRqIi(9037,90,1000000,538,8000000)/Update - {"IIVALUE": "0", "IIVALUEF": 0}
2024-07-18 06:37:20,095 - ERROR - Error at 1 on Try 1: 404 Client Error: Not Found for url: https://opcenter-test.goodyear.com/OpcenterRDnLGIL/odata/RndvRqIi(9037,90,1000000,539,9000000)/Update - {"IIVALUE": "Kepenne, Veronique", "IIVALUEF": 0}
2024-07-18 06:37:20,784 - ERROR - Error at 1 on Try 2: 404 Client Error: Not Found for url: https://opcenter-test.goodyear.com/OpcenterRDnLGIL/odata/RndvRqIi(9037,90,1000000,539,9000000)/Update - {"IIVALUE": "Kepenne, Veronique", "IIVALUEF": 0}
2024-07-18 06:37:21,483 - ERROR - Error at 1 on Try 3: 404 Client Error: Not Found for url: https://opcenter-test.goodyear.com/OpcenterRDnLGIL/odata/RndvRqIi(9037,90,1000000,539,9000000)/Update - {"IIVALUE": "Kepenne, Veronique", "IIVALUEF": 0}
2024-07-18 06:37:22,166 - ERROR - Error at 1 on Try 4: 404 Client Error: Not Found for url: https://opcenter-test.goodyear.com/OpcenterRDnLGIL/odata/RndvRqIi(9037,90,1000000,539,9000000)/Update - {"IIVALUE": "Kepenne, Veronique", "IIVALUEF": 0}
2024-07-18 06:37:22,856 - ERROR - Error at 1 on Try 5: 404 Client Error: Not Found for url: https://opcenter-test.goodyear.com/OpcenterRDnLGIL/odata/RndvRqIi(9037,90,1000000,539,9000000)/Update - {"IIVALUE": "Kepenne, Veronique", "IIVALUEF": 0}
2024-07-18 06:37:23,040 - ERROR - Error at 1 on Try 1: 404 Client Error: Not Found for url: https://opcenter-test.goodyear.com/OpcenterRDnLGIL/odata/RndvRqIi(9037,90,1000000,540,10000000)/Update - {"IIVALUE": "77-09-8", "IIVALUEF": 0}
2024-07-18 06:37:23,724 - ERROR - Error at 1 on Try 2: 404 Client Error: Not Found for url: https://opcenter-test.goodyear.com/OpcenterRDnLGIL/odata/RndvRqIi(9037,90,1000000,540,10000000)/Update - {"IIVALUE": "77-09-8", "IIVALUEF": 0}
2024-07-18 06:37:24,425 - ERROR - Error at 1 on Try 3: 404 Client Error: Not Found for url: https://opcenter-test.goodyear.com/OpcenterRDnLGIL/odata/RndvRqIi(9037,90,1000000,540,10000000)/Update - {"IIVALUE": "77-09-8", "IIVALUEF": 0}
2024-07-18 06:37:25,113 - ERROR - Error at 1 on Try 4: 404 Client Error: Not Found for url: https://opcenter-test.goodyear.com/OpcenterRDnLGIL/odata/RndvRqIi(9037,90,1000000,540,10000000)/Update - {"IIVALUE": "77-09-8", "IIVALUEF": 0}
2024-07-18 06:37:25,818 - ERROR - Error at 1 on Try 5: 404 Client Error: Not Found for url: https://opcenter-test.goodyear.com/OpcenterRDnLGIL/odata/RndvRqIi(9037,90,1000000,540,10000000)/Update - {"IIVALUE": "77-09-8", "IIVALUEF": 0}
2024-07-18 06:37:26,011 - ERROR - Error at 1 on Try 1: 404 Client Error: Not Found for url: https://opcenter-test.goodyear.com/OpcenterRDnLGIL/odata/RndvRqIi(9037,90,1000000,541,11000000)/Update - {"IIVALUE": "25.0", "IIVALUEF": 0}
2024-07-18 06:37:26,693 - ERROR - Error at 1 on Try 2: 404 Client Error: Not Found for url: https://opcenter-test.goodyear.com/OpcenterRDnLGIL/odata/RndvRqIi(9037,90,1000000,541,11000000)/Update - {"IIVALUE": "25.0", "IIVALUEF": 0}
2024-07-18 06:37:27,379 - ERROR - Error at 1 on Try 3: 404 Client Error: Not Found for url: https://opcenter-test.goodyear.com/OpcenterRDnLGIL/odata/RndvRqIi(9037,90,1000000,541,11000000)/Update - {"IIVALUE": "25.0", "IIVALUEF": 0}
2024-07-18 06:37:28,069 - ERROR - Error at 1 on Try 4: 404 Client Error: Not Found for url: https://opcenter-test.goodyear.com/OpcenterRDnLGIL/odata/RndvRqIi(9037,90,1000000,541,11000000)/Update - {"IIVALUE": "25.0", "IIVALUEF": 0}
2024-07-18 06:37:28,766 - ERROR - Error at 1 on Try 5: 404 Client Error: Not Found for url: https://opcenter-test.goodyear.com/OpcenterRDnLGIL/odata/RndvRqIi(9037,90,1000000,541,11000000)/Update - {"IIVALUE": "25.0", "IIVALUEF": 0}
2024-07-18 06:37:28,953 - ERROR - Error at 1 on Try 1: 404 Client Error: Not Found for url: https://opcenter-test.goodyear.com/OpcenterRDnLGIL/odata/RndvRqIi(9037,90,1000000,640,12000000)/Update - {"IIVALUE": "0", "IIVALUEF": 0}
2024-07-18 06:37:29,651 - ERROR - Error at 1 on Try 2: 404 Client Error: Not Found for url: https://opcenter-test.goodyear.com/OpcenterRDnLGIL/odata/RndvRqIi(9037,90,1000000,640,12000000)/Update - {"IIVALUE": "0", "IIVALUEF": 0}
2024-07-18 06:37:30,355 - ERROR - Error at 1 on Try 3: 404 Client Error: Not Found for url: https://opcenter-test.goodyear.com/OpcenterRDnLGIL/odata/RndvRqIi(9037,90,1000000,640,12000000)/Update - {"IIVALUE": "0", "IIVALUEF": 0}
2024-07-18 06:37:31,045 - ERROR - Error at 1 on Try 4: 404 Client Error: Not Found for url: https://opcenter-test.goodyear.com/OpcenterRDnLGIL/odata/RndvRqIi(9037,90,1000000,640,12000000)/Update - {"IIVALUE": "0", "IIVALUEF": 0}
2024-07-18 06:37:31,729 - ERROR - Error at 1 on Try 5: 404 Client Error: Not Found for url: https://opcenter-test.goodyear.com/OpcenterRDnLGIL/odata/RndvRqIi(9037,90,1000000,640,12000000)/Update - {"IIVALUE": "0", "IIVALUEF": 0}
2024-07-18 06:37:31,930 - ERROR - Error at 1 on Try 1: 404 Client Error: Not Found for url: https://opcenter-test.goodyear.com/OpcenterRDnLGIL/odata/RndvRqIi(9037,90,1000000,647,13000000)/Update - {"IIVALUE": "Adv. Chemistry", "IIVALUEF": 0}
2024-07-18 06:37:32,623 - ERROR - Error at 1 on Try 2: 404 Client Error: Not Found for url: https://opcenter-test.goodyear.com/OpcenterRDnLGIL/odata/RndvRqIi(9037,90,1000000,647,13000000)/Update - {"IIVALUE": "Adv. Chemistry", "IIVALUEF": 0}
2024-07-18 06:37:33,305 - ERROR - Error at 1 on Try 3: 404 Client Error: Not Found for url: https://opcenter-test.goodyear.com/OpcenterRDnLGIL/odata/RndvRqIi(9037,90,1000000,647,13000000)/Update - {"IIVALUE": "Adv. Chemistry", "IIVALUEF": 0}
2024-07-18 06:37:34,006 - ERROR - Error at 1 on Try 4: 404 Client Error: Not Found for url: https://opcenter-test.goodyear.com/OpcenterRDnLGIL/odata/RndvRqIi(9037,90,1000000,647,13000000)/Update - {"IIVALUE": "Adv. Chemistry", "IIVALUEF": 0}
2024-07-18 06:37:34,702 - ERROR - Error at 1 on Try 5: 404 Client Error: Not Found for url: https://opcenter-test.goodyear.com/OpcenterRDnLGIL/odata/RndvRqIi(9037,90,1000000,647,13000000)/Update - {"IIVALUE": "Adv. Chemistry", "IIVALUEF": 0}
2024-07-18 06:37:34,930 - ERROR - Error at 1 on Try 1: 404 Client Error: Not Found for url: https://opcenter-test.goodyear.com/OpcenterRDnLGIL/odata/RndvRqIi(9037,90,1000000,648,2000000)/Update - {"IIVALUE": "0", "IIVALUEF": 0}
2024-07-18 06:37:35,610 - ERROR - Error at 1 on Try 2: 404 Client Error: Not Found for url: https://opcenter-test.goodyear.com/OpcenterRDnLGIL/odata/RndvRqIi(9037,90,1000000,648,2000000)/Update - {"IIVALUE": "0", "IIVALUEF": 0}
2024-07-18 06:37:36,316 - ERROR - Error at 1 on Try 3: 404 Client Error: Not Found for url: https://opcenter-test.goodyear.com/OpcenterRDnLGIL/odata/RndvRqIi(9037,90,1000000,648,2000000)/Update - {"IIVALUE": "0", "IIVALUEF": 0}
2024-07-18 06:37:37,006 - ERROR - Error at 1 on Try 4: 404 Client Error: Not Found for url: https://opcenter-test.goodyear.com/OpcenterRDnLGIL/odata/RndvRqIi(9037,90,1000000,648,2000000)/Update - {"IIVALUE": "0", "IIVALUEF": 0}
2024-07-18 06:37:37,700 - ERROR - Error at 1 on Try 5: 404 Client Error: Not Found for url: https://opcenter-test.goodyear.com/OpcenterRDnLGIL/odata/RndvRqIi(9037,90,1000000,648,2000000)/Update - {"IIVALUE": "0", "IIVALUEF": 0}
2024-07-18 06:37:37,891 - ERROR - Error at 1 on Try 1: 404 Client Error: Not Found for url: https://opcenter-test.goodyear.com/OpcenterRDnLGIL/odata/RndvRqIi(9037,90,1000000,649,14000000)/Update - {"IIVALUE": "Phenolphthalein indicator ", "IIVALUEF": 0}
2024-07-18 06:37:38,579 - ERROR - Error at 1 on Try 2: 404 Client Error: Not Found for url: https://opcenter-test.goodyear.com/OpcenterRDnLGIL/odata/RndvRqIi(9037,90,1000000,649,14000000)/Update - {"IIVALUE": "Phenolphthalein indicator ", "IIVALUEF": 0}
2024-07-18 06:37:39,264 - ERROR - Error at 1 on Try 3: 404 Client Error: Not Found for url: https://opcenter-test.goodyear.com/OpcenterRDnLGIL/odata/RndvRqIi(9037,90,1000000,649,14000000)/Update - {"IIVALUE": "Phenolphthalein indicator ", "IIVALUEF": 0}
2024-07-18 06:37:39,957 - ERROR - Error at 1 on Try 4: 404 Client Error: Not Found for url: https://opcenter-test.goodyear.com/OpcenterRDnLGIL/odata/RndvRqIi(9037,90,1000000,649,14000000)/Update - {"IIVALUE": "Phenolphthalein indicator ", "IIVALUEF": 0}
2024-07-18 06:37:40,641 - ERROR - Error at 1 on Try 5: 404 Client Error: Not Found for url: https://opcenter-test.goodyear.com/OpcenterRDnLGIL/odata/RndvRqIi(9037,90,1000000,649,14000000)/Update - {"IIVALUE": "Phenolphthalein indicator ", "IIVALUEF": 0}
2024-07-18 06:37:40,857 - ERROR - Error at 1 on Try 1: 404 Client Error: Not Found for url: https://opcenter-test.goodyear.com/OpcenterRDnLGIL/odata/RndvRqIi(9037,90,1000000,650,15000000)/Update - {"IIVALUE": "Merck", "IIVALUEF": 0}
2024-07-18 06:37:41,543 - ERROR - Error at 1 on Try 2: 404 Client Error: Not Found for url: https://opcenter-test.goodyear.com/OpcenterRDnLGIL/odata/RndvRqIi(9037,90,1000000,650,15000000)/Update - {"IIVALUE": "Merck", "IIVALUEF": 0}
2024-07-18 06:37:42,227 - ERROR - Error at 1 on Try 3: 404 Client Error: Not Found for url: https://opcenter-test.goodyear.com/OpcenterRDnLGIL/odata/RndvRqIi(9037,90,1000000,650,15000000)/Update - {"IIVALUE": "Merck", "IIVALUEF": 0}
2024-07-18 06:37:42,905 - ERROR - Error at 1 on Try 4: 404 Client Error: Not Found for url: https://opcenter-test.goodyear.com/OpcenterRDnLGIL/odata/RndvRqIi(9037,90,1000000,650,15000000)/Update - {"IIVALUE": "Merck", "IIVALUEF": 0}
2024-07-18 06:37:43,580 - ERROR - Error at 1 on Try 5: 404 Client Error: Not Found for url: https://opcenter-test.goodyear.com/OpcenterRDnLGIL/odata/RndvRqIi(9037,90,1000000,650,15000000)/Update - {"IIVALUE": "Merck", "IIVALUEF": 0}
2024-07-18 06:37:43,758 - ERROR - Error at 1 on Try 1: 404 Client Error: Not Found for url: https://opcenter-test.goodyear.com/OpcenterRDnLGIL/odata/RndvRqIi(9037,90,1000000,653,17000000)/Update - {"IIVALUE": "0", "IIVALUEF": 0}
2024-07-18 06:37:44,436 - ERROR - Error at 1 on Try 2: 404 Client Error: Not Found for url: https://opcenter-test.goodyear.com/OpcenterRDnLGIL/odata/RndvRqIi(9037,90,1000000,653,17000000)/Update - {"IIVALUE": "0", "IIVALUEF": 0}
2024-07-18 06:37:45,119 - ERROR - Error at 1 on Try 3: 404 Client Error: Not Found for url: https://opcenter-test.goodyear.com/OpcenterRDnLGIL/odata/RndvRqIi(9037,90,1000000,653,17000000)/Update - {"IIVALUE": "0", "IIVALUEF": 0}
2024-07-18 06:37:45,800 - ERROR - Error at 1 on Try 4: 404 Client Error: Not Found for url: https://opcenter-test.goodyear.com/OpcenterRDnLGIL/odata/RndvRqIi(9037,90,1000000,653,17000000)/Update - {"IIVALUE": "0", "IIVALUEF": 0}
2024-07-18 06:37:46,476 - ERROR - Error at 1 on Try 5: 404 Client Error: Not Found for url: https://opcenter-test.goodyear.com/OpcenterRDnLGIL/odata/RndvRqIi(9037,90,1000000,653,17000000)/Update - {"IIVALUE": "0", "IIVALUEF": 0}
2024-07-18 06:37:46,651 - ERROR - Error at 1 on Try 1: 404 Client Error: Not Found for url: https://opcenter-test.goodyear.com/OpcenterRDnLGIL/odata/RndvRqIi(9037,90,1000000,654,16000000)/Update - {"IIVALUE": "g", "IIVALUEF": 0}
2024-07-18 06:37:47,358 - ERROR - Error at 1 on Try 2: 404 Client Error: Not Found for url: https://opcenter-test.goodyear.com/OpcenterRDnLGIL/odata/RndvRqIi(9037,90,1000000,654,16000000)/Update - {"IIVALUE": "g", "IIVALUEF": 0}
2024-07-18 06:37:48,072 - ERROR - Error at 1 on Try 3: 404 Client Error: Not Found for url: https://opcenter-test.goodyear.com/OpcenterRDnLGIL/odata/RndvRqIi(9037,90,1000000,654,16000000)/Update - {"IIVALUE": "g", "IIVALUEF": 0}
2024-07-18 06:37:48,763 - ERROR - Error at 1 on Try 4: 404 Client Error: Not Found for url: https://opcenter-test.goodyear.com/OpcenterRDnLGIL/odata/RndvRqIi(9037,90,1000000,654,16000000)/Update - {"IIVALUE": "g", "IIVALUEF": 0}
2024-07-18 06:37:49,440 - ERROR - Error at 1 on Try 5: 404 Client Error: Not Found for url: https://opcenter-test.goodyear.com/OpcenterRDnLGIL/odata/RndvRqIi(9037,90,1000000,654,16000000)/Update - {"IIVALUE": "g", "IIVALUEF": 0}
2024-07-18 06:37:49,623 - ERROR - Error at 1 on Try 1: 404 Client Error: Not Found for url: https://opcenter-test.goodyear.com/OpcenterRDnLGIL/odata/RndvRqIi(9037,90,1000000,656,18000000)/Update - {"IIVALUE": "0", "IIVALUEF": 0}
2024-07-18 06:37:50,305 - ERROR - Error at 1 on Try 2: 404 Client Error: Not Found for url: https://opcenter-test.goodyear.com/OpcenterRDnLGIL/odata/RndvRqIi(9037,90,1000000,656,18000000)/Update - {"IIVALUE": "0", "IIVALUEF": 0}
2024-07-18 06:37:50,997 - ERROR - Error at 1 on Try 3: 404 Client Error: Not Found for url: https://opcenter-test.goodyear.com/OpcenterRDnLGIL/odata/RndvRqIi(9037,90,1000000,656,18000000)/Update - {"IIVALUE": "0", "IIVALUEF": 0}
2024-07-18 06:37:51,698 - ERROR - Error at 1 on Try 4: 404 Client Error: Not Found for url: https://opcenter-test.goodyear.com/OpcenterRDnLGIL/odata/RndvRqIi(9037,90,1000000,656,18000000)/Update - {"IIVALUE": "0", "IIVALUEF": 0}
2024-07-18 06:37:52,390 - ERROR - Error at 1 on Try 5: 404 Client Error: Not Found for url: https://opcenter-test.goodyear.com/OpcenterRDnLGIL/odata/RndvRqIi(9037,90,1000000,656,18000000)/Update - {"IIVALUE": "0", "IIVALUEF": 0}
2024-07-18 06:37:52,576 - ERROR - Error at 1 on Try 1: 404 Client Error: Not Found for url: https://opcenter-test.goodyear.com/OpcenterRDnLGIL/odata/RndvRqIi(9037,90,1000000,531,19000000)/Update - {"IIVALUE": "K42845433219", "IIVALUEF": 0}
2024-07-18 06:37:53,269 - ERROR - Error at 1 on Try 2: 404 Client Error: Not Found for url: https://opcenter-test.goodyear.com/OpcenterRDnLGIL/odata/RndvRqIi(9037,90,1000000,531,19000000)/Update - {"IIVALUE": "K42845433219", "IIVALUEF": 0}
2024-07-18 06:37:53,953 - ERROR - Error at 1 on Try 3: 404 Client Error: Not Found for url: https://opcenter-test.goodyear.com/OpcenterRDnLGIL/odata/RndvRqIi(9037,90,1000000,531,19000000)/Update - {"IIVALUE": "K42845433219", "IIVALUEF": 0}
2024-07-18 06:37:54,636 - ERROR - Error at 1 on Try 4: 404 Client Error: Not Found for url: https://opcenter-test.goodyear.com/OpcenterRDnLGIL/odata/RndvRqIi(9037,90,1000000,531,19000000)/Update - {"IIVALUE": "K42845433219", "IIVALUEF": 0}
2024-07-18 06:37:55,314 - ERROR - Error at 1 on Try 5: 404 Client Error: Not Found for url: https://opcenter-test.goodyear.com/OpcenterRDnLGIL/odata/RndvRqIi(9037,90,1000000,531,19000000)/Update - {"IIVALUE": "K42845433219", "IIVALUEF": 0}
2024-07-18 06:37:55,657 - INFO - Success on 2: 200 - {"IIVALUE": "1.07233.0025", "IIVALUEF": 0}
2024-07-18 06:38:06,084 - INFO - Success on 3: 200 - {"SHORT_DESC": "Chemical & Consumables Container", "RQ_VALUE": null, "DESCRIPTION": "Chemical & Consumables Container"}
2024-07-18 06:38:07,250 - INFO - Success on 3: 200 - {"StatusTo": 5}
2024-07-18 06:38:07,425 - ERROR - Error at 2 on Try 1: 404 Client Error: Not Found for url: https://opcenter-test.goodyear.com/OpcenterRDnLGIL/odata/RndvRqIi(9038,90,1000000,9,5000000)/Update - {"IIVALUE": "AS*L", "IIVALUEF": 0}
2024-07-18 06:38:08,107 - ERROR - Error at 2 on Try 2: 404 Client Error: Not Found for url: https://opcenter-test.goodyear.com/OpcenterRDnLGIL/odata/RndvRqIi(9038,90,1000000,9,5000000)/Update - {"IIVALUE": "AS*L", "IIVALUEF": 0}
2024-07-18 06:38:08,783 - ERROR - Error at 2 on Try 3: 404 Client Error: Not Found for url: https://opcenter-test.goodyear.com/OpcenterRDnLGIL/odata/RndvRqIi(9038,90,1000000,9,5000000)/Update - {"IIVALUE": "AS*L", "IIVALUEF": 0}
2024-07-18 06:38:09,462 - ERROR - Error at 2 on Try 4: 404 Client Error: Not Found for url: https://opcenter-test.goodyear.com/OpcenterRDnLGIL/odata/RndvRqIi(9038,90,1000000,9,5000000)/Update - {"IIVALUE": "AS*L", "IIVALUEF": 0}
2024-07-18 06:38:10,145 - ERROR - Error at 2 on Try 5: 404 Client Error: Not Found for url: https://opcenter-test.goodyear.com/OpcenterRDnLGIL/odata/RndvRqIi(9038,90,1000000,9,5000000)/Update - {"IIVALUE": "AS*L", "IIVALUEF": 0}
2024-07-18 06:38:10,324 - ERROR - Error at 2 on Try 1: 404 Client Error: Not Found for url: https://opcenter-test.goodyear.com/OpcenterRDnLGIL/odata/RndvRqIi(9038,90,1000000,530,1000000)/Update - {"IIVALUE": "0", "IIVALUEF": 0}
2024-07-18 06:38:11,002 - ERROR - Error at 2 on Try 2: 404 Client Error: Not Found for url: https://opcenter-test.goodyear.com/OpcenterRDnLGIL/odata/RndvRqIi(9038,90,1000000,530,1000000)/Update - {"IIVALUE": "0", "IIVALUEF": 0}
2024-07-18 06:38:11,689 - ERROR - Error at 2 on Try 3: 404 Client Error: Not Found for url: https://opcenter-test.goodyear.com/OpcenterRDnLGIL/odata/RndvRqIi(9038,90,1000000,530,1000000)/Update - {"IIVALUE": "0", "IIVALUEF": 0}
2024-07-18 06:38:12,373 - ERROR - Error at 2 on Try 4: 404 Client Error: Not Found for url: https://opcenter-test.goodyear.com/OpcenterRDnLGIL/odata/RndvRqIi(9038,90,1000000,530,1000000)/Update - {"IIVALUE": "0", "IIVALUEF": 0}
2024-07-18 06:38:13,059 - ERROR - Error at 2 on Try 5: 404 Client Error: Not Found for url: https://opcenter-test.goodyear.com/OpcenterRDnLGIL/odata/RndvRqIi(9038,90,1000000,530,1000000)/Update - {"IIVALUE": "0", "IIVALUEF": 0}
2024-07-18 06:38:13,238 - ERROR - Error at 2 on Try 1: 404 Client Error: Not Found for url: https://opcenter-test.goodyear.com/OpcenterRDnLGIL/odata/RndvRqIi(9038,90,1000000,534,4000000)/Update - {"IIVALUE": "09/15/2023 12:00:00 AM +00:00", "IIVALUEF": 0}
2024-07-18 06:38:13,924 - ERROR - Error at 2 on Try 2: 404 Client Error: Not Found for url: https://opcenter-test.goodyear.com/OpcenterRDnLGIL/odata/RndvRqIi(9038,90,1000000,534,4000000)/Update - {"IIVALUE": "09/15/2023 12:00:00 AM +00:00", "IIVALUEF": 0}
2024-07-18 06:38:14,607 - ERROR - Error at 2 on Try 3: 404 Client Error: Not Found for url: https://opcenter-test.goodyear.com/OpcenterRDnLGIL/odata/RndvRqIi(9038,90,1000000,534,4000000)/Update - {"IIVALUE": "09/15/2023 12:00:00 AM +00:00", "IIVALUEF": 0}
2024-07-18 06:38:15,285 - ERROR - Error at 2 on Try 4: 404 Client Error: Not Found for url: https://opcenter-test.goodyear.com/OpcenterRDnLGIL/odata/RndvRqIi(9038,90,1000000,534,4000000)/Update - {"IIVALUE": "09/15/2023 12:00:00 AM +00:00", "IIVALUEF": 0}
2024-07-18 06:38:15,964 - ERROR - Error at 2 on Try 5: 404 Client Error: Not Found for url: https://opcenter-test.goodyear.com/OpcenterRDnLGIL/odata/RndvRqIi(9038,90,1000000,534,4000000)/Update - {"IIVALUE": "09/15/2023 12:00:00 AM +00:00", "IIVALUEF": 0}
2024-07-18 06:38:16,146 - ERROR - Error at 2 on Try 1: 404 Client Error: Not Found for url: https://opcenter-test.goodyear.com/OpcenterRDnLGIL/odata/RndvRqIi(9038,90,1000000,535,3000000)/Update - {"IIVALUE": "09/14/2026 12:00:00 AM +00:00", "IIVALUEF": 0}
2024-07-18 06:38:16,827 - ERROR - Error at 2 on Try 2: 404 Client Error: Not Found for url: https://opcenter-test.goodyear.com/OpcenterRDnLGIL/odata/RndvRqIi(9038,90,1000000,535,3000000)/Update - {"IIVALUE": "09/14/2026 12:00:00 AM +00:00", "IIVALUEF": 0}
2024-07-18 06:38:17,512 - ERROR - Error at 2 on Try 3: 404 Client Error: Not Found for url: https://opcenter-test.goodyear.com/OpcenterRDnLGIL/odata/RndvRqIi(9038,90,1000000,535,3000000)/Update - {"IIVALUE": "09/14/2026 12:00:00 AM +00:00", "IIVALUEF": 0}
2024-07-18 06:38:18,198 - ERROR - Error at 2 on Try 4: 404 Client Error: Not Found for url: https://opcenter-test.goodyear.com/OpcenterRDnLGIL/odata/RndvRqIi(9038,90,1000000,535,3000000)/Update - {"IIVALUE": "09/14/2026 12:00:00 AM +00:00", "IIVALUEF": 0}
2024-07-18 06:38:18,882 - ERROR - Error at 2 on Try 5: 404 Client Error: Not Found for url: https://opcenter-test.goodyear.com/OpcenterRDnLGIL/odata/RndvRqIi(9038,90,1000000,535,3000000)/Update - {"IIVALUE": "09/14/2026 12:00:00 AM +00:00", "IIVALUEF": 0}
2024-07-18 06:38:19,067 - ERROR - Error at 2 on Try 1: 404 Client Error: Not Found for url: https://opcenter-test.goodyear.com/OpcenterRDnLGIL/odata/RndvRqIi(9038,90,1000000,536,6000000)/Update - {"IIVALUE": "GIC*L", "IIVALUEF": 0}
2024-07-18 06:38:19,750 - ERROR - Error at 2 on Try 2: 404 Client Error: Not Found for url: https://opcenter-test.goodyear.com/OpcenterRDnLGIL/odata/RndvRqIi(9038,90,1000000,536,6000000)/Update - {"IIVALUE": "GIC*L", "IIVALUEF": 0}
2024-07-18 06:38:20,432 - ERROR - Error at 2 on Try 3: 404 Client Error: Not Found for url: https://opcenter-test.goodyear.com/OpcenterRDnLGIL/odata/RndvRqIi(9038,90,1000000,536,6000000)/Update - {"IIVALUE": "GIC*L", "IIVALUEF": 0}
2024-07-18 06:38:21,114 - ERROR - Error at 2 on Try 4: 404 Client Error: Not Found for url: https://opcenter-test.goodyear.com/OpcenterRDnLGIL/odata/RndvRqIi(9038,90,1000000,536,6000000)/Update - {"IIVALUE": "GIC*L", "IIVALUEF": 0}
2024-07-18 06:38:21,796 - ERROR - Error at 2 on Try 5: 404 Client Error: Not Found for url: https://opcenter-test.goodyear.com/OpcenterRDnLGIL/odata/RndvRqIi(9038,90,1000000,536,6000000)/Update - {"IIVALUE": "GIC*L", "IIVALUEF": 0}
2024-07-18 06:38:21,974 - ERROR - Error at 2 on Try 1: 404 Client Error: Not Found for url: https://opcenter-test.goodyear.com/OpcenterRDnLGIL/odata/RndvRqIi(9038,90,1000000,537,7000000)/Update - {"IIVALUE": "Ventilated Cabinet 4", "IIVALUEF": 0}
2024-07-18 06:38:22,652 - ERROR - Error at 2 on Try 2: 404 Client Error: Not Found for url: https://opcenter-test.goodyear.com/OpcenterRDnLGIL/odata/RndvRqIi(9038,90,1000000,537,7000000)/Update - {"IIVALUE": "Ventilated Cabinet 4", "IIVALUEF": 0}
2024-07-18 06:38:23,333 - ERROR - Error at 2 on Try 3: 404 Client Error: Not Found for url: https://opcenter-test.goodyear.com/OpcenterRDnLGIL/odata/RndvRqIi(9038,90,1000000,537,7000000)/Update - {"IIVALUE": "Ventilated Cabinet 4", "IIVALUEF": 0}
2024-07-18 06:38:24,010 - ERROR - Error at 2 on Try 4: 404 Client Error: Not Found for url: https://opcenter-test.goodyear.com/OpcenterRDnLGIL/odata/RndvRqIi(9038,90,1000000,537,7000000)/Update - {"IIVALUE": "Ventilated Cabinet 4", "IIVALUEF": 0}
2024-07-18 06:38:24,694 - ERROR - Error at 2 on Try 5: 404 Client Error: Not Found for url: https://opcenter-test.goodyear.com/OpcenterRDnLGIL/odata/RndvRqIi(9038,90,1000000,537,7000000)/Update - {"IIVALUE": "Ventilated Cabinet 4", "IIVALUEF": 0}
2024-07-18 06:38:24,874 - ERROR - Error at 2 on Try 1: 404 Client Error: Not Found for url: https://opcenter-test.goodyear.com/OpcenterRDnLGIL/odata/RndvRqIi(9038,90,1000000,538,8000000)/Update - {"IIVALUE": "0", "IIVALUEF": 0}
2024-07-18 06:38:25,552 - ERROR - Error at 2 on Try 2: 404 Client Error: Not Found for url: https://opcenter-test.goodyear.com/OpcenterRDnLGIL/odata/RndvRqIi(9038,90,1000000,538,8000000)/Update - {"IIVALUE": "0", "IIVALUEF": 0}
2024-07-18 06:38:26,231 - ERROR - Error at 2 on Try 3: 404 Client Error: Not Found for url: https://opcenter-test.goodyear.com/OpcenterRDnLGIL/odata/RndvRqIi(9038,90,1000000,538,8000000)/Update - {"IIVALUE": "0", "IIVALUEF": 0}
2024-07-18 06:38:26,915 - ERROR - Error at 2 on Try 4: 404 Client Error: Not Found for url: https://opcenter-test.goodyear.com/OpcenterRDnLGIL/odata/RndvRqIi(9038,90,1000000,538,8000000)/Update - {"IIVALUE": "0", "IIVALUEF": 0}
2024-07-18 06:38:27,595 - ERROR - Error at 2 on Try 5: 404 Client Error: Not Found for url: https://opcenter-test.goodyear.com/OpcenterRDnLGIL/odata/RndvRqIi(9038,90,1000000,538,8000000)/Update - {"IIVALUE": "0", "IIVALUEF": 0}
2024-07-18 06:38:27,773 - ERROR - Error at 2 on Try 1: 404 Client Error: Not Found for url: https://opcenter-test.goodyear.com/OpcenterRDnLGIL/odata/RndvRqIi(9038,90,1000000,539,9000000)/Update - {"IIVALUE": "Kepenne, Veronique", "IIVALUEF": 0}
2024-07-18 06:38:28,456 - ERROR - Error at 2 on Try 2: 404 Client Error: Not Found for url: https://opcenter-test.goodyear.com/OpcenterRDnLGIL/odata/RndvRqIi(9038,90,1000000,539,9000000)/Update - {"IIVALUE": "Kepenne, Veronique", "IIVALUEF": 0}
2024-07-18 06:38:29,136 - ERROR - Error at 2 on Try 3: 404 Client Error: Not Found for url: https://opcenter-test.goodyear.com/OpcenterRDnLGIL/odata/RndvRqIi(9038,90,1000000,539,9000000)/Update - {"IIVALUE": "Kepenne, Veronique", "IIVALUEF": 0}
2024-07-18 06:38:29,816 - ERROR - Error at 2 on Try 4: 404 Client Error: Not Found for url: https://opcenter-test.goodyear.com/OpcenterRDnLGIL/odata/RndvRqIi(9038,90,1000000,539,9000000)/Update - {"IIVALUE": "Kepenne, Veronique", "IIVALUEF": 0}
2024-07-18 06:38:30,497 - ERROR - Error at 2 on Try 5: 404 Client Error: Not Found for url: https://opcenter-test.goodyear.com/OpcenterRDnLGIL/odata/RndvRqIi(9038,90,1000000,539,9000000)/Update - {"IIVALUE": "Kepenne, Veronique", "IIVALUEF": 0}
2024-07-18 06:38:30,682 - ERROR - Error at 2 on Try 1: 404 Client Error: Not Found for url: https://opcenter-test.goodyear.com/OpcenterRDnLGIL/odata/RndvRqIi(9038,90,1000000,540,10000000)/Update - {"IIVALUE": "CE 215-181-3", "IIVALUEF": 0}
2024-07-18 06:38:31,360 - ERROR - Error at 2 on Try 2: 404 Client Error: Not Found for url: https://opcenter-test.goodyear.com/OpcenterRDnLGIL/odata/RndvRqIi(9038,90,1000000,540,10000000)/Update - {"IIVALUE": "CE 215-181-3", "IIVALUEF": 0}
2024-07-18 06:38:32,043 - ERROR - Error at 2 on Try 3: 404 Client Error: Not Found for url: https://opcenter-test.goodyear.com/OpcenterRDnLGIL/odata/RndvRqIi(9038,90,1000000,540,10000000)/Update - {"IIVALUE": "CE 215-181-3", "IIVALUEF": 0}
2024-07-18 06:38:32,721 - ERROR - Error at 2 on Try 4: 404 Client Error: Not Found for url: https://opcenter-test.goodyear.com/OpcenterRDnLGIL/odata/RndvRqIi(9038,90,1000000,540,10000000)/Update - {"IIVALUE": "CE 215-181-3", "IIVALUEF": 0}
2024-07-18 06:38:33,406 - ERROR - Error at 2 on Try 5: 404 Client Error: Not Found for url: https://opcenter-test.goodyear.com/OpcenterRDnLGIL/odata/RndvRqIi(9038,90,1000000,540,10000000)/Update - {"IIVALUE": "CE 215-181-3", "IIVALUEF": 0}
2024-07-18 06:38:33,588 - ERROR - Error at 2 on Try 1: 404 Client Error: Not Found for url: https://opcenter-test.goodyear.com/OpcenterRDnLGIL/odata/RndvRqIi(9038,90,1000000,541,11000000)/Update - {"IIVALUE": "80.0", "IIVALUEF": 0}
2024-07-18 06:38:34,271 - ERROR - Error at 2 on Try 2: 404 Client Error: Not Found for url: https://opcenter-test.goodyear.com/OpcenterRDnLGIL/odata/RndvRqIi(9038,90,1000000,541,11000000)/Update - {"IIVALUE": "80.0", "IIVALUEF": 0}
2024-07-18 06:38:34,949 - ERROR - Error at 2 on Try 3: 404 Client Error: Not Found for url: https://opcenter-test.goodyear.com/OpcenterRDnLGIL/odata/RndvRqIi(9038,90,1000000,541,11000000)/Update - {"IIVALUE": "80.0", "IIVALUEF": 0}
2024-07-18 06:38:35,626 - ERROR - Error at 2 on Try 4: 404 Client Error: Not Found for url: https://opcenter-test.goodyear.com/OpcenterRDnLGIL/odata/RndvRqIi(9038,90,1000000,541,11000000)/Update - {"IIVALUE": "80.0", "IIVALUEF": 0}
2024-07-18 06:38:36,304 - ERROR - Error at 2 on Try 5: 404 Client Error: Not Found for url: https://opcenter-test.goodyear.com/OpcenterRDnLGIL/odata/RndvRqIi(9038,90,1000000,541,11000000)/Update - {"IIVALUE": "80.0", "IIVALUEF": 0}
2024-07-18 06:38:36,480 - ERROR - Error at 2 on Try 1: 404 Client Error: Not Found for url: https://opcenter-test.goodyear.com/OpcenterRDnLGIL/odata/RndvRqIi(9038,90,1000000,640,12000000)/Update - {"IIVALUE": "Method/Project: QA 0056-01", "IIVALUEF": 0}
2024-07-18 06:38:37,162 - ERROR - Error at 2 on Try 2: 404 Client Error: Not Found for url: https://opcenter-test.goodyear.com/OpcenterRDnLGIL/odata/RndvRqIi(9038,90,1000000,640,12000000)/Update - {"IIVALUE": "Method/Project: QA 0056-01", "IIVALUEF": 0}
2024-07-18 06:38:37,846 - ERROR - Error at 2 on Try 3: 404 Client Error: Not Found for url: https://opcenter-test.goodyear.com/OpcenterRDnLGIL/odata/RndvRqIi(9038,90,1000000,640,12000000)/Update - {"IIVALUE": "Method/Project: QA 0056-01", "IIVALUEF": 0}
2024-07-18 06:38:38,526 - ERROR - Error at 2 on Try 4: 404 Client Error: Not Found for url: https://opcenter-test.goodyear.com/OpcenterRDnLGIL/odata/RndvRqIi(9038,90,1000000,640,12000000)/Update - {"IIVALUE": "Method/Project: QA 0056-01", "IIVALUEF": 0}
2024-07-18 06:38:39,208 - ERROR - Error at 2 on Try 5: 404 Client Error: Not Found for url: https://opcenter-test.goodyear.com/OpcenterRDnLGIL/odata/RndvRqIi(9038,90,1000000,640,12000000)/Update - {"IIVALUE": "Method/Project: QA 0056-01", "IIVALUEF": 0}
2024-07-18 06:38:39,390 - ERROR - Error at 2 on Try 1: 404 Client Error: Not Found for url: https://opcenter-test.goodyear.com/OpcenterRDnLGIL/odata/RndvRqIi(9038,90,1000000,647,13000000)/Update - {"IIVALUE": "Adv. Chemistry", "IIVALUEF": 0}
2024-07-18 06:38:40,069 - ERROR - Error at 2 on Try 2: 404 Client Error: Not Found for url: https://opcenter-test.goodyear.com/OpcenterRDnLGIL/odata/RndvRqIi(9038,90,1000000,647,13000000)/Update - {"IIVALUE": "Adv. Chemistry", "IIVALUEF": 0}
2024-07-18 06:38:40,750 - ERROR - Error at 2 on Try 3: 404 Client Error: Not Found for url: https://opcenter-test.goodyear.com/OpcenterRDnLGIL/odata/RndvRqIi(9038,90,1000000,647,13000000)/Update - {"IIVALUE": "Adv. Chemistry", "IIVALUEF": 0}
2024-07-18 06:38:41,431 - ERROR - Error at 2 on Try 4: 404 Client Error: Not Found for url: https://opcenter-test.goodyear.com/OpcenterRDnLGIL/odata/RndvRqIi(9038,90,1000000,647,13000000)/Update - {"IIVALUE": "Adv. Chemistry", "IIVALUEF": 0}
2024-07-18 06:38:42,111 - ERROR - Error at 2 on Try 5: 404 Client Error: Not Found for url: https://opcenter-test.goodyear.com/OpcenterRDnLGIL/odata/RndvRqIi(9038,90,1000000,647,13000000)/Update - {"IIVALUE": "Adv. Chemistry", "IIVALUEF": 0}
2024-07-18 06:38:42,286 - ERROR - Error at 2 on Try 1: 404 Client Error: Not Found for url: https://opcenter-test.goodyear.com/OpcenterRDnLGIL/odata/RndvRqIi(9038,90,1000000,648,2000000)/Update - {"IIVALUE": "0", "IIVALUEF": 0}
2024-07-18 06:38:42,961 - ERROR - Error at 2 on Try 2: 404 Client Error: Not Found for url: https://opcenter-test.goodyear.com/OpcenterRDnLGIL/odata/RndvRqIi(9038,90,1000000,648,2000000)/Update - {"IIVALUE": "0", "IIVALUEF": 0}
2024-07-18 06:38:43,641 - ERROR - Error at 2 on Try 3: 404 Client Error: Not Found for url: https://opcenter-test.goodyear.com/OpcenterRDnLGIL/odata/RndvRqIi(9038,90,1000000,648,2000000)/Update - {"IIVALUE": "0", "IIVALUEF": 0}
2024-07-18 06:38:44,323 - ERROR - Error at 2 on Try 4: 404 Client Error: Not Found for url: https://opcenter-test.goodyear.com/OpcenterRDnLGIL/odata/RndvRqIi(9038,90,1000000,648,2000000)/Update - {"IIVALUE": "0", "IIVALUEF": 0}
2024-07-18 06:38:45,003 - ERROR - Error at 2 on Try 5: 404 Client Error: Not Found for url: https://opcenter-test.goodyear.com/OpcenterRDnLGIL/odata/RndvRqIi(9038,90,1000000,648,2000000)/Update - {"IIVALUE": "0", "IIVALUEF": 0}
2024-07-18 06:38:45,181 - ERROR - Error at 2 on Try 1: 404 Client Error: Not Found for url: https://opcenter-test.goodyear.com/OpcenterRDnLGIL/odata/RndvRqIi(9038,90,1000000,649,14000000)/Update - {"IIVALUE": "Potassium hydroxyde pellets for analysis ", "IIVALUEF": 0}
2024-07-18 06:38:45,857 - ERROR - Error at 2 on Try 2: 404 Client Error: Not Found for url: https://opcenter-test.goodyear.com/OpcenterRDnLGIL/odata/RndvRqIi(9038,90,1000000,649,14000000)/Update - {"IIVALUE": "Potassium hydroxyde pellets for analysis ", "IIVALUEF": 0}
2024-07-18 06:38:46,531 - ERROR - Error at 2 on Try 3: 404 Client Error: Not Found for url: https://opcenter-test.goodyear.com/OpcenterRDnLGIL/odata/RndvRqIi(9038,90,1000000,649,14000000)/Update - {"IIVALUE": "Potassium hydroxyde pellets for analysis ", "IIVALUEF": 0}
2024-07-18 06:38:47,212 - ERROR - Error at 2 on Try 4: 404 Client Error: Not Found for url: https://opcenter-test.goodyear.com/OpcenterRDnLGIL/odata/RndvRqIi(9038,90,1000000,649,14000000)/Update - {"IIVALUE": "Potassium hydroxyde pellets for analysis ", "IIVALUEF": 0}
2024-07-18 06:38:47,894 - ERROR - Error at 2 on Try 5: 404 Client Error: Not Found for url: https://opcenter-test.goodyear.com/OpcenterRDnLGIL/odata/RndvRqIi(9038,90,1000000,649,14000000)/Update - {"IIVALUE": "Potassium hydroxyde pellets for analysis ", "IIVALUEF": 0}
2024-07-18 06:38:48,073 - ERROR - Error at 2 on Try 1: 404 Client Error: Not Found for url: https://opcenter-test.goodyear.com/OpcenterRDnLGIL/odata/RndvRqIi(9038,90,1000000,650,15000000)/Update - {"IIVALUE": "Merck", "IIVALUEF": 0}
2024-07-18 06:38:48,757 - ERROR - Error at 2 on Try 2: 404 Client Error: Not Found for url: https://opcenter-test.goodyear.com/OpcenterRDnLGIL/odata/RndvRqIi(9038,90,1000000,650,15000000)/Update - {"IIVALUE": "Merck", "IIVALUEF": 0}
2024-07-18 06:38:49,432 - ERROR - Error at 2 on Try 3: 404 Client Error: Not Found for url: https://opcenter-test.goodyear.com/OpcenterRDnLGIL/odata/RndvRqIi(9038,90,1000000,650,15000000)/Update - {"IIVALUE": "Merck", "IIVALUEF": 0}
2024-07-18 06:38:50,115 - ERROR - Error at 2 on Try 4: 404 Client Error: Not Found for url: https://opcenter-test.goodyear.com/OpcenterRDnLGIL/odata/RndvRqIi(9038,90,1000000,650,15000000)/Update - {"IIVALUE": "Merck", "IIVALUEF": 0}
2024-07-18 06:38:50,792 - ERROR - Error at 2 on Try 5: 404 Client Error: Not Found for url: https://opcenter-test.goodyear.com/OpcenterRDnLGIL/odata/RndvRqIi(9038,90,1000000,650,15000000)/Update - {"IIVALUE": "Merck", "IIVALUEF": 0}
2024-07-18 06:38:50,970 - ERROR - Error at 2 on Try 1: 404 Client Error: Not Found for url: https://opcenter-test.goodyear.com/OpcenterRDnLGIL/odata/RndvRqIi(9038,90,1000000,653,17000000)/Update - {"IIVALUE": "0", "IIVALUEF": 0}
2024-07-18 06:38:51,647 - ERROR - Error at 2 on Try 2: 404 Client Error: Not Found for url: https://opcenter-test.goodyear.com/OpcenterRDnLGIL/odata/RndvRqIi(9038,90,1000000,653,17000000)/Update - {"IIVALUE": "0", "IIVALUEF": 0}
2024-07-18 06:38:52,324 - ERROR - Error at 2 on Try 3: 404 Client Error: Not Found for url: https://opcenter-test.goodyear.com/OpcenterRDnLGIL/odata/RndvRqIi(9038,90,1000000,653,17000000)/Update - {"IIVALUE": "0", "IIVALUEF": 0}
2024-07-18 06:38:53,001 - ERROR - Error at 2 on Try 4: 404 Client Error: Not Found for url: https://opcenter-test.goodyear.com/OpcenterRDnLGIL/odata/RndvRqIi(9038,90,1000000,653,17000000)/Update - {"IIVALUE": "0", "IIVALUEF": 0}
2024-07-18 06:38:53,679 - ERROR - Error at 2 on Try 5: 404 Client Error: Not Found for url: https://opcenter-test.goodyear.com/OpcenterRDnLGIL/odata/RndvRqIi(9038,90,1000000,653,17000000)/Update - {"IIVALUE": "0", "IIVALUEF": 0}
2024-07-18 06:38:53,853 - ERROR - Error at 2 on Try 1: 404 Client Error: Not Found for url: https://opcenter-test.goodyear.com/OpcenterRDnLGIL/odata/RndvRqIi(9038,90,1000000,654,16000000)/Update - {"IIVALUE": "g", "IIVALUEF": 0}
2024-07-18 06:38:54,530 - ERROR - Error at 2 on Try 2: 404 Client Error: Not Found for url: https://opcenter-test.goodyear.com/OpcenterRDnLGIL/odata/RndvRqIi(9038,90,1000000,654,16000000)/Update - {"IIVALUE": "g", "IIVALUEF": 0}
2024-07-18 06:38:55,209 - ERROR - Error at 2 on Try 3: 404 Client Error: Not Found for url: https://opcenter-test.goodyear.com/OpcenterRDnLGIL/odata/RndvRqIi(9038,90,1000000,654,16000000)/Update - {"IIVALUE": "g", "IIVALUEF": 0}
2024-07-18 06:38:55,884 - ERROR - Error at 2 on Try 4: 404 Client Error: Not Found for url: https://opcenter-test.goodyear.com/OpcenterRDnLGIL/odata/RndvRqIi(9038,90,1000000,654,16000000)/Update - {"IIVALUE": "g", "IIVALUEF": 0}
2024-07-18 06:38:56,569 - ERROR - Error at 2 on Try 5: 404 Client Error: Not Found for url: https://opcenter-test.goodyear.com/OpcenterRDnLGIL/odata/RndvRqIi(9038,90,1000000,654,16000000)/Update - {"IIVALUE": "g", "IIVALUEF": 0}
2024-07-18 06:38:56,744 - ERROR - Error at 2 on Try 1: 404 Client Error: Not Found for url: https://opcenter-test.goodyear.com/OpcenterRDnLGIL/odata/RndvRqIi(9038,90,1000000,656,18000000)/Update - {"IIVALUE": "0", "IIVALUEF": 0}
2024-07-18 06:38:57,419 - ERROR - Error at 2 on Try 2: 404 Client Error: Not Found for url: https://opcenter-test.goodyear.com/OpcenterRDnLGIL/odata/RndvRqIi(9038,90,1000000,656,18000000)/Update - {"IIVALUE": "0", "IIVALUEF": 0}
2024-07-18 06:38:58,100 - ERROR - Error at 2 on Try 3: 404 Client Error: Not Found for url: https://opcenter-test.goodyear.com/OpcenterRDnLGIL/odata/RndvRqIi(9038,90,1000000,656,18000000)/Update - {"IIVALUE": "0", "IIVALUEF": 0}
2024-07-18 06:38:58,807 - ERROR - Error at 2 on Try 4: 404 Client Error: Not Found for url: https://opcenter-test.goodyear.com/OpcenterRDnLGIL/odata/RndvRqIi(9038,90,1000000,656,18000000)/Update - {"IIVALUE": "0", "IIVALUEF": 0}
2024-07-18 06:38:59,515 - ERROR - Error at 2 on Try 5: 404 Client Error: Not Found for url: https://opcenter-test.goodyear.com/OpcenterRDnLGIL/odata/RndvRqIi(9038,90,1000000,656,18000000)/Update - {"IIVALUE": "0", "IIVALUEF": 0}
2024-07-18 06:38:59,709 - ERROR - Error at 2 on Try 1: 404 Client Error: Not Found for url: https://opcenter-test.goodyear.com/OpcenterRDnLGIL/odata/RndvRqIi(9038,90,1000000,531,19000000)/Update - {"IIVALUE": "B533721 431", "IIVALUEF": 0}
2024-07-18 06:39:00,392 - ERROR - Error at 2 on Try 2: 404 Client Error: Not Found for url: https://opcenter-test.goodyear.com/OpcenterRDnLGIL/odata/RndvRqIi(9038,90,1000000,531,19000000)/Update - {"IIVALUE": "B533721 431", "IIVALUEF": 0}
2024-07-18 06:39:01,074 - ERROR - Error at 2 on Try 3: 404 Client Error: Not Found for url: https://opcenter-test.goodyear.com/OpcenterRDnLGIL/odata/RndvRqIi(9038,90,1000000,531,19000000)/Update - {"IIVALUE": "B533721 431", "IIVALUEF": 0}
2024-07-18 06:39:01,761 - ERROR - Error at 2 on Try 4: 404 Client Error: Not Found for url: https://opcenter-test.goodyear.com/OpcenterRDnLGIL/odata/RndvRqIi(9038,90,1000000,531,19000000)/Update - {"IIVALUE": "B533721 431", "IIVALUEF": 0}
2024-07-18 06:39:02,450 - ERROR - Error at 2 on Try 5: 404 Client Error: Not Found for url: https://opcenter-test.goodyear.com/OpcenterRDnLGIL/odata/RndvRqIi(9038,90,1000000,531,19000000)/Update - {"IIVALUE": "B533721 431", "IIVALUEF": 0}
2024-07-18 06:39:02,766 - INFO - Success on 3: 200 - {"IIVALUE": "1.05021.0250", "IIVALUEF": 0}
2024-07-18 06:39:13,166 - INFO - Success on 4: 200 - {"SHORT_DESC": "Chemical & Consumables Container", "RQ_VALUE": null, "DESCRIPTION": "Chemical & Consumables Container"}
2024-07-18 06:39:14,368 - INFO - Success on 4: 200 - {"StatusTo": 5}
2024-07-18 06:39:14,561 - ERROR - Error at 3 on Try 1: 404 Client Error: Not Found for url: https://opcenter-test.goodyear.com/OpcenterRDnLGIL/odata/RndvRqIi(9039,90,1000000,9,5000000)/Update - {"IIVALUE": "AS*L", "IIVALUEF": 0}
2024-07-18 06:39:15,240 - ERROR - Error at 3 on Try 2: 404 Client Error: Not Found for url: https://opcenter-test.goodyear.com/OpcenterRDnLGIL/odata/RndvRqIi(9039,90,1000000,9,5000000)/Update - {"IIVALUE": "AS*L", "IIVALUEF": 0}
2024-07-18 06:39:15,928 - ERROR - Error at 3 on Try 3: 404 Client Error: Not Found for url: https://opcenter-test.goodyear.com/OpcenterRDnLGIL/odata/RndvRqIi(9039,90,1000000,9,5000000)/Update - {"IIVALUE": "AS*L", "IIVALUEF": 0}
2024-07-18 06:39:16,645 - ERROR - Error at 3 on Try 4: 404 Client Error: Not Found for url: https://opcenter-test.goodyear.com/OpcenterRDnLGIL/odata/RndvRqIi(9039,90,1000000,9,5000000)/Update - {"IIVALUE": "AS*L", "IIVALUEF": 0}
2024-07-18 06:39:17,332 - ERROR - Error at 3 on Try 5: 404 Client Error: Not Found for url: https://opcenter-test.goodyear.com/OpcenterRDnLGIL/odata/RndvRqIi(9039,90,1000000,9,5000000)/Update - {"IIVALUE": "AS*L", "IIVALUEF": 0}
2024-07-18 06:39:17,554 - ERROR - Error at 3 on Try 1: 404 Client Error: Not Found for url: https://opcenter-test.goodyear.com/OpcenterRDnLGIL/odata/RndvRqIi(9039,90,1000000,530,1000000)/Update - {"IIVALUE": "0", "IIVALUEF": 0}
2024-07-18 06:39:18,245 - ERROR - Error at 3 on Try 2: 404 Client Error: Not Found for url: https://opcenter-test.goodyear.com/OpcenterRDnLGIL/odata/RndvRqIi(9039,90,1000000,530,1000000)/Update - {"IIVALUE": "0", "IIVALUEF": 0}
2024-07-18 06:39:18,927 - ERROR - Error at 3 on Try 3: 404 Client Error: Not Found for url: https://opcenter-test.goodyear.com/OpcenterRDnLGIL/odata/RndvRqIi(9039,90,1000000,530,1000000)/Update - {"IIVALUE": "0", "IIVALUEF": 0}
2024-07-18 06:39:19,612 - ERROR - Error at 3 on Try 4: 404 Client Error: Not Found for url: https://opcenter-test.goodyear.com/OpcenterRDnLGIL/odata/RndvRqIi(9039,90,1000000,530,1000000)/Update - {"IIVALUE": "0", "IIVALUEF": 0}
2024-07-18 06:39:20,330 - ERROR - Error at 3 on Try 5: 404 Client Error: Not Found for url: https://opcenter-test.goodyear.com/OpcenterRDnLGIL/odata/RndvRqIi(9039,90,1000000,530,1000000)/Update - {"IIVALUE": "0", "IIVALUEF": 0}
2024-07-18 06:39:20,545 - ERROR - Error at 3 on Try 1: 404 Client Error: Not Found for url: https://opcenter-test.goodyear.com/OpcenterRDnLGIL/odata/RndvRqIi(9039,90,1000000,534,4000000)/Update - {"IIVALUE": "0", "IIVALUEF": 0}
2024-07-18 06:39:21,237 - ERROR - Error at 3 on Try 2: 404 Client Error: Not Found for url: https://opcenter-test.goodyear.com/OpcenterRDnLGIL/odata/RndvRqIi(9039,90,1000000,534,4000000)/Update - {"IIVALUE": "0", "IIVALUEF": 0}
2024-07-18 06:39:21,916 - ERROR - Error at 3 on Try 3: 404 Client Error: Not Found for url: https://opcenter-test.goodyear.com/OpcenterRDnLGIL/odata/RndvRqIi(9039,90,1000000,534,4000000)/Update - {"IIVALUE": "0", "IIVALUEF": 0}
2024-07-18 06:39:22,607 - ERROR - Error at 3 on Try 4: 404 Client Error: Not Found for url: https://opcenter-test.goodyear.com/OpcenterRDnLGIL/odata/RndvRqIi(9039,90,1000000,534,4000000)/Update - {"IIVALUE": "0", "IIVALUEF": 0}
2024-07-18 06:39:23,290 - ERROR - Error at 3 on Try 5: 404 Client Error: Not Found for url: https://opcenter-test.goodyear.com/OpcenterRDnLGIL/odata/RndvRqIi(9039,90,1000000,534,4000000)/Update - {"IIVALUE": "0", "IIVALUEF": 0}
2024-07-18 06:39:23,486 - ERROR - Error at 3 on Try 1: 404 Client Error: Not Found for url: https://opcenter-test.goodyear.com/OpcenterRDnLGIL/odata/RndvRqIi(9039,90,1000000,535,3000000)/Update - {"IIVALUE": "10/31/2018 12:00:00 AM +00:00", "IIVALUEF": 0}
2024-07-18 06:39:24,172 - ERROR - Error at 3 on Try 2: 404 Client Error: Not Found for url: https://opcenter-test.goodyear.com/OpcenterRDnLGIL/odata/RndvRqIi(9039,90,1000000,535,3000000)/Update - {"IIVALUE": "10/31/2018 12:00:00 AM +00:00", "IIVALUEF": 0}
2024-07-18 06:39:24,857 - ERROR - Error at 3 on Try 3: 404 Client Error: Not Found for url: https://opcenter-test.goodyear.com/OpcenterRDnLGIL/odata/RndvRqIi(9039,90,1000000,535,3000000)/Update - {"IIVALUE": "10/31/2018 12:00:00 AM +00:00", "IIVALUEF": 0}
2024-07-18 06:39:25,541 - ERROR - Error at 3 on Try 4: 404 Client Error: Not Found for url: https://opcenter-test.goodyear.com/OpcenterRDnLGIL/odata/RndvRqIi(9039,90,1000000,535,3000000)/Update - {"IIVALUE": "10/31/2018 12:00:00 AM +00:00", "IIVALUEF": 0}
2024-07-18 06:39:26,230 - ERROR - Error at 3 on Try 5: 404 Client Error: Not Found for url: https://opcenter-test.goodyear.com/OpcenterRDnLGIL/odata/RndvRqIi(9039,90,1000000,535,3000000)/Update - {"IIVALUE": "10/31/2018 12:00:00 AM +00:00", "IIVALUEF": 0}
2024-07-18 06:39:26,440 - ERROR - Error at 3 on Try 1: 404 Client Error: Not Found for url: https://opcenter-test.goodyear.com/OpcenterRDnLGIL/odata/RndvRqIi(9039,90,1000000,536,6000000)/Update - {"IIVALUE": "GIC*L", "IIVALUEF": 0}
2024-07-18 06:39:27,117 - ERROR - Error at 3 on Try 2: 404 Client Error: Not Found for url: https://opcenter-test.goodyear.com/OpcenterRDnLGIL/odata/RndvRqIi(9039,90,1000000,536,6000000)/Update - {"IIVALUE": "GIC*L", "IIVALUEF": 0}
2024-07-18 06:39:27,806 - ERROR - Error at 3 on Try 3: 404 Client Error: Not Found for url: https://opcenter-test.goodyear.com/OpcenterRDnLGIL/odata/RndvRqIi(9039,90,1000000,536,6000000)/Update - {"IIVALUE": "GIC*L", "IIVALUEF": 0}
2024-07-18 06:39:28,492 - ERROR - Error at 3 on Try 4: 404 Client Error: Not Found for url: https://opcenter-test.goodyear.com/OpcenterRDnLGIL/odata/RndvRqIi(9039,90,1000000,536,6000000)/Update - {"IIVALUE": "GIC*L", "IIVALUEF": 0}
2024-07-18 06:39:29,182 - ERROR - Error at 3 on Try 5: 404 Client Error: Not Found for url: https://opcenter-test.goodyear.com/OpcenterRDnLGIL/odata/RndvRqIi(9039,90,1000000,536,6000000)/Update - {"IIVALUE": "GIC*L", "IIVALUEF": 0}
2024-07-18 06:39:29,364 - ERROR - Error at 3 on Try 1: 404 Client Error: Not Found for url: https://opcenter-test.goodyear.com/OpcenterRDnLGIL/odata/RndvRqIi(9039,90,1000000,537,7000000)/Update - {"IIVALUE": "Ventilated Cabinet 4", "IIVALUEF": 0}
2024-07-18 06:39:30,067 - ERROR - Error at 3 on Try 2: 404 Client Error: Not Found for url: https://opcenter-test.goodyear.com/OpcenterRDnLGIL/odata/RndvRqIi(9039,90,1000000,537,7000000)/Update - {"IIVALUE": "Ventilated Cabinet 4", "IIVALUEF": 0}
2024-07-18 06:39:30,751 - ERROR - Error at 3 on Try 3: 404 Client Error: Not Found for url: https://opcenter-test.goodyear.com/OpcenterRDnLGIL/odata/RndvRqIi(9039,90,1000000,537,7000000)/Update - {"IIVALUE": "Ventilated Cabinet 4", "IIVALUEF": 0}
2024-07-18 06:39:31,433 - ERROR - Error at 3 on Try 4: 404 Client Error: Not Found for url: https://opcenter-test.goodyear.com/OpcenterRDnLGIL/odata/RndvRqIi(9039,90,1000000,537,7000000)/Update - {"IIVALUE": "Ventilated Cabinet 4", "IIVALUEF": 0}
2024-07-18 06:39:32,114 - ERROR - Error at 3 on Try 5: 404 Client Error: Not Found for url: https://opcenter-test.goodyear.com/OpcenterRDnLGIL/odata/RndvRqIi(9039,90,1000000,537,7000000)/Update - {"IIVALUE": "Ventilated Cabinet 4", "IIVALUEF": 0}
2024-07-18 06:39:32,334 - ERROR - Error at 3 on Try 1: 404 Client Error: Not Found for url: https://opcenter-test.goodyear.com/OpcenterRDnLGIL/odata/RndvRqIi(9039,90,1000000,538,8000000)/Update - {"IIVALUE": "0", "IIVALUEF": 0}
2024-07-18 06:39:33,020 - ERROR - Error at 3 on Try 2: 404 Client Error: Not Found for url: https://opcenter-test.goodyear.com/OpcenterRDnLGIL/odata/RndvRqIi(9039,90,1000000,538,8000000)/Update - {"IIVALUE": "0", "IIVALUEF": 0}
2024-07-18 06:39:33,704 - ERROR - Error at 3 on Try 3: 404 Client Error: Not Found for url: https://opcenter-test.goodyear.com/OpcenterRDnLGIL/odata/RndvRqIi(9039,90,1000000,538,8000000)/Update - {"IIVALUE": "0", "IIVALUEF": 0}
2024-07-18 06:39:34,401 - ERROR - Error at 3 on Try 4: 404 Client Error: Not Found for url: https://opcenter-test.goodyear.com/OpcenterRDnLGIL/odata/RndvRqIi(9039,90,1000000,538,8000000)/Update - {"IIVALUE": "0", "IIVALUEF": 0}
2024-07-18 06:39:35,090 - ERROR - Error at 3 on Try 5: 404 Client Error: Not Found for url: https://opcenter-test.goodyear.com/OpcenterRDnLGIL/odata/RndvRqIi(9039,90,1000000,538,8000000)/Update - {"IIVALUE": "0", "IIVALUEF": 0}
2024-07-18 06:39:35,283 - ERROR - Error at 3 on Try 1: 404 Client Error: Not Found for url: https://opcenter-test.goodyear.com/OpcenterRDnLGIL/odata/RndvRqIi(9039,90,1000000,539,9000000)/Update - {"IIVALUE": "Kepenne, Veronique", "IIVALUEF": 0}
2024-07-18 06:39:35,968 - ERROR - Error at 3 on Try 2: 404 Client Error: Not Found for url: https://opcenter-test.goodyear.com/OpcenterRDnLGIL/odata/RndvRqIi(9039,90,1000000,539,9000000)/Update - {"IIVALUE": "Kepenne, Veronique", "IIVALUEF": 0}
2024-07-18 06:39:36,656 - ERROR - Error at 3 on Try 3: 404 Client Error: Not Found for url: https://opcenter-test.goodyear.com/OpcenterRDnLGIL/odata/RndvRqIi(9039,90,1000000,539,9000000)/Update - {"IIVALUE": "Kepenne, Veronique", "IIVALUEF": 0}
2024-07-18 06:39:37,340 - ERROR - Error at 3 on Try 1: 404 Client Error: Not Found for url: https://opcenter-test.goodyear.com/OpcenterRDnLGIL/odata/RndvRqIi(9039,90,1000000,540,10000000)/Update - {"IIVALUE": "10025-77-1", "IIVALUEF": 0}
2024-07-18 06:39:38,024 - ERROR - Error at 3 on Try 2: 404 Client Error: Not Found for url: https://opcenter-test.goodyear.com/OpcenterRDnLGIL/odata/RndvRqIi(9039,90,1000000,540,10000000)/Update - {"IIVALUE": "10025-77-1", "IIVALUEF": 0}
2024-07-18 06:39:38,704 - ERROR - Error at 3 on Try 3: 404 Client Error: Not Found for url: https://opcenter-test.goodyear.com/OpcenterRDnLGIL/odata/RndvRqIi(9039,90,1000000,540,10000000)/Update - {"IIVALUE": "10025-77-1", "IIVALUEF": 0}
2024-07-18 06:39:39,399 - ERROR - Error at 3 on Try 4: 404 Client Error: Not Found for url: https://opcenter-test.goodyear.com/OpcenterRDnLGIL/odata/RndvRqIi(9039,90,1000000,540,10000000)/Update - {"IIVALUE": "10025-77-1", "IIVALUEF": 0}
2024-07-18 06:39:40,101 - ERROR - Error at 3 on Try 5: 404 Client Error: Not Found for url: https://opcenter-test.goodyear.com/OpcenterRDnLGIL/odata/RndvRqIi(9039,90,1000000,540,10000000)/Update - {"IIVALUE": "10025-77-1", "IIVALUEF": 0}
2024-07-18 06:39:40,293 - ERROR - Error at 3 on Try 1: 404 Client Error: Not Found for url: https://opcenter-test.goodyear.com/OpcenterRDnLGIL/odata/RndvRqIi(9039,90,1000000,541,11000000)/Update - {"IIVALUE": "250.0", "IIVALUEF": 0}
2024-07-18 06:39:40,998 - ERROR - Error at 3 on Try 2: 404 Client Error: Not Found for url: https://opcenter-test.goodyear.com/OpcenterRDnLGIL/odata/RndvRqIi(9039,90,1000000,541,11000000)/Update - {"IIVALUE": "250.0", "IIVALUEF": 0}
2024-07-18 06:39:41,694 - ERROR - Error at 3 on Try 3: 404 Client Error: Not Found for url: https://opcenter-test.goodyear.com/OpcenterRDnLGIL/odata/RndvRqIi(9039,90,1000000,541,11000000)/Update - {"IIVALUE": "250.0", "IIVALUEF": 0}
2024-07-18 06:39:42,378 - ERROR - Error at 3 on Try 4: 404 Client Error: Not Found for url: https://opcenter-test.goodyear.com/OpcenterRDnLGIL/odata/RndvRqIi(9039,90,1000000,541,11000000)/Update - {"IIVALUE": "250.0", "IIVALUEF": 0}
2024-07-18 06:39:43,067 - ERROR - Error at 3 on Try 5: 404 Client Error: Not Found for url: https://opcenter-test.goodyear.com/OpcenterRDnLGIL/odata/RndvRqIi(9039,90,1000000,541,11000000)/Update - {"IIVALUE": "250.0", "IIVALUEF": 0}
2024-07-18 06:39:43,245 - ERROR - Error at 3 on Try 1: 404 Client Error: Not Found for url: https://opcenter-test.goodyear.com/OpcenterRDnLGIL/odata/RndvRqIi(9039,90,1000000,640,12000000)/Update - {"IIVALUE": "Method/Project: QA0199-01", "IIVALUEF": 0}
2024-07-18 06:39:43,939 - ERROR - Error at 3 on Try 2: 404 Client Error: Not Found for url: https://opcenter-test.goodyear.com/OpcenterRDnLGIL/odata/RndvRqIi(9039,90,1000000,640,12000000)/Update - {"IIVALUE": "Method/Project: QA0199-01", "IIVALUEF": 0}
2024-07-18 06:39:44,624 - ERROR - Error at 3 on Try 3: 404 Client Error: Not Found for url: https://opcenter-test.goodyear.com/OpcenterRDnLGIL/odata/RndvRqIi(9039,90,1000000,640,12000000)/Update - {"IIVALUE": "Method/Project: QA0199-01", "IIVALUEF": 0}
2024-07-18 06:39:45,303 - ERROR - Error at 3 on Try 4: 404 Client Error: Not Found for url: https://opcenter-test.goodyear.com/OpcenterRDnLGIL/odata/RndvRqIi(9039,90,1000000,640,12000000)/Update - {"IIVALUE": "Method/Project: QA0199-01", "IIVALUEF": 0}
2024-07-18 06:39:45,998 - ERROR - Error at 3 on Try 5: 404 Client Error: Not Found for url: https://opcenter-test.goodyear.com/OpcenterRDnLGIL/odata/RndvRqIi(9039,90,1000000,640,12000000)/Update - {"IIVALUE": "Method/Project: QA0199-01", "IIVALUEF": 0}
2024-07-18 06:39:46,188 - ERROR - Error at 3 on Try 1: 404 Client Error: Not Found for url: https://opcenter-test.goodyear.com/OpcenterRDnLGIL/odata/RndvRqIi(9039,90,1000000,647,13000000)/Update - {"IIVALUE": "Adv. Chemistry", "IIVALUEF": 0}
2024-07-18 06:39:46,881 - ERROR - Error at 3 on Try 2: 404 Client Error: Not Found for url: https://opcenter-test.goodyear.com/OpcenterRDnLGIL/odata/RndvRqIi(9039,90,1000000,647,13000000)/Update - {"IIVALUE": "Adv. Chemistry", "IIVALUEF": 0}
2024-07-18 06:39:47,560 - ERROR - Error at 3 on Try 3: 404 Client Error: Not Found for url: https://opcenter-test.goodyear.com/OpcenterRDnLGIL/odata/RndvRqIi(9039,90,1000000,647,13000000)/Update - {"IIVALUE": "Adv. Chemistry", "IIVALUEF": 0}
2024-07-18 06:39:48,261 - ERROR - Error at 3 on Try 4: 404 Client Error: Not Found for url: https://opcenter-test.goodyear.com/OpcenterRDnLGIL/odata/RndvRqIi(9039,90,1000000,647,13000000)/Update - {"IIVALUE": "Adv. Chemistry", "IIVALUEF": 0}
2024-07-18 06:39:48,943 - ERROR - Error at 3 on Try 5: 404 Client Error: Not Found for url: https://opcenter-test.goodyear.com/OpcenterRDnLGIL/odata/RndvRqIi(9039,90,1000000,647,13000000)/Update - {"IIVALUE": "Adv. Chemistry", "IIVALUEF": 0}
2024-07-18 06:39:49,150 - ERROR - Error at 3 on Try 1: 404 Client Error: Not Found for url: https://opcenter-test.goodyear.com/OpcenterRDnLGIL/odata/RndvRqIi(9039,90,1000000,648,2000000)/Update - {"IIVALUE": "0", "IIVALUEF": 0}
2024-07-18 06:39:49,826 - ERROR - Error at 3 on Try 2: 404 Client Error: Not Found for url: https://opcenter-test.goodyear.com/OpcenterRDnLGIL/odata/RndvRqIi(9039,90,1000000,648,2000000)/Update - {"IIVALUE": "0", "IIVALUEF": 0}
2024-07-18 06:39:50,522 - ERROR - Error at 3 on Try 3: 404 Client Error: Not Found for url: https://opcenter-test.goodyear.com/OpcenterRDnLGIL/odata/RndvRqIi(9039,90,1000000,648,2000000)/Update - {"IIVALUE": "0", "IIVALUEF": 0}
2024-07-18 06:39:51,229 - ERROR - Error at 3 on Try 4: 404 Client Error: Not Found for url: https://opcenter-test.goodyear.com/OpcenterRDnLGIL/odata/RndvRqIi(9039,90,1000000,648,2000000)/Update - {"IIVALUE": "0", "IIVALUEF": 0}
2024-07-18 06:39:51,912 - ERROR - Error at 3 on Try 5: 404 Client Error: Not Found for url: https://opcenter-test.goodyear.com/OpcenterRDnLGIL/odata/RndvRqIi(9039,90,1000000,648,2000000)/Update - {"IIVALUE": "0", "IIVALUEF": 0}
2024-07-18 06:39:52,108 - ERROR - Error at 3 on Try 1: 404 Client Error: Not Found for url: https://opcenter-test.goodyear.com/OpcenterRDnLGIL/odata/RndvRqIi(9039,90,1000000,649,14000000)/Update - {"IIVALUE": "Iron (III) chloride hexahydrate for analysis ", "IIVALUEF": 0}
2024-07-18 06:39:52,795 - ERROR - Error at 3 on Try 2: 404 Client Error: Not Found for url: https://opcenter-test.goodyear.com/OpcenterRDnLGIL/odata/RndvRqIi(9039,90,1000000,649,14000000)/Update - {"IIVALUE": "Iron (III) chloride hexahydrate for analysis ", "IIVALUEF": 0}
2024-07-18 06:39:53,477 - ERROR - Error at 3 on Try 3: 404 Client Error: Not Found for url: https://opcenter-test.goodyear.com/OpcenterRDnLGIL/odata/RndvRqIi(9039,90,1000000,649,14000000)/Update - {"IIVALUE": "Iron (III) chloride hexahydrate for analysis ", "IIVALUEF": 0}
2024-07-18 06:39:54,163 - ERROR - Error at 3 on Try 4: 404 Client Error: Not Found for url: https://opcenter-test.goodyear.com/OpcenterRDnLGIL/odata/RndvRqIi(9039,90,1000000,649,14000000)/Update - {"IIVALUE": "Iron (III) chloride hexahydrate for analysis ", "IIVALUEF": 0}
2024-07-18 06:39:54,841 - ERROR - Error at 3 on Try 5: 404 Client Error: Not Found for url: https://opcenter-test.goodyear.com/OpcenterRDnLGIL/odata/RndvRqIi(9039,90,1000000,649,14000000)/Update - {"IIVALUE": "Iron (III) chloride hexahydrate for analysis ", "IIVALUEF": 0}
2024-07-18 06:39:55,020 - ERROR - Error at 3 on Try 1: 404 Client Error: Not Found for url: https://opcenter-test.goodyear.com/OpcenterRDnLGIL/odata/RndvRqIi(9039,90,1000000,650,15000000)/Update - {"IIVALUE": "Merck", "IIVALUEF": 0}
2024-07-18 06:39:55,705 - ERROR - Error at 3 on Try 1: 404 Client Error: Not Found for url: https://opcenter-test.goodyear.com/OpcenterRDnLGIL/odata/RndvRqIi(9039,90,1000000,653,17000000)/Update - {"IIVALUE": "0", "IIVALUEF": 0}
2024-07-18 06:39:56,387 - ERROR - Error at 3 on Try 2: 404 Client Error: Not Found for url: https://opcenter-test.goodyear.com/OpcenterRDnLGIL/odata/RndvRqIi(9039,90,1000000,653,17000000)/Update - {"IIVALUE": "0", "IIVALUEF": 0}
2024-07-18 06:39:57,068 - ERROR - Error at 3 on Try 3: 404 Client Error: Not Found for url: https://opcenter-test.goodyear.com/OpcenterRDnLGIL/odata/RndvRqIi(9039,90,1000000,653,17000000)/Update - {"IIVALUE": "0", "IIVALUEF": 0}
2024-07-18 06:39:57,755 - ERROR - Error at 3 on Try 4: 404 Client Error: Not Found for url: https://opcenter-test.goodyear.com/OpcenterRDnLGIL/odata/RndvRqIi(9039,90,1000000,653,17000000)/Update - {"IIVALUE": "0", "IIVALUEF": 0}
2024-07-18 06:39:58,437 - ERROR - Error at 3 on Try 5: 404 Client Error: Not Found for url: https://opcenter-test.goodyear.com/OpcenterRDnLGIL/odata/RndvRqIi(9039,90,1000000,653,17000000)/Update - {"IIVALUE": "0", "IIVALUEF": 0}
2024-07-18 06:39:58,619 - ERROR - Error at 3 on Try 1: 404 Client Error: Not Found for url: https://opcenter-test.goodyear.com/OpcenterRDnLGIL/odata/RndvRqIi(9039,90,1000000,654,16000000)/Update - {"IIVALUE": "g", "IIVALUEF": 0}
2024-07-18 06:39:59,306 - ERROR - Error at 3 on Try 2: 404 Client Error: Not Found for url: https://opcenter-test.goodyear.com/OpcenterRDnLGIL/odata/RndvRqIi(9039,90,1000000,654,16000000)/Update - {"IIVALUE": "g", "IIVALUEF": 0}
2024-07-18 06:39:59,983 - ERROR - Error at 3 on Try 3: 404 Client Error: Not Found for url: https://opcenter-test.goodyear.com/OpcenterRDnLGIL/odata/RndvRqIi(9039,90,1000000,654,16000000)/Update - {"IIVALUE": "g", "IIVALUEF": 0}
2024-07-18 06:40:00,667 - ERROR - Error at 3 on Try 4: 404 Client Error: Not Found for url: https://opcenter-test.goodyear.com/OpcenterRDnLGIL/odata/RndvRqIi(9039,90,1000000,654,16000000)/Update - {"IIVALUE": "g", "IIVALUEF": 0}
2024-07-18 06:40:01,376 - ERROR - Error at 3 on Try 5: 404 Client Error: Not Found for url: https://opcenter-test.goodyear.com/OpcenterRDnLGIL/odata/RndvRqIi(9039,90,1000000,654,16000000)/Update - {"IIVALUE": "g", "IIVALUEF": 0}
2024-07-18 06:40:01,557 - ERROR - Error at 3 on Try 1: 404 Client Error: Not Found for url: https://opcenter-test.goodyear.com/OpcenterRDnLGIL/odata/RndvRqIi(9039,90,1000000,656,18000000)/Update - {"IIVALUE": "0", "IIVALUEF": 0}
2024-07-18 06:40:02,258 - ERROR - Error at 3 on Try 2: 404 Client Error: Not Found for url: https://opcenter-test.goodyear.com/OpcenterRDnLGIL/odata/RndvRqIi(9039,90,1000000,656,18000000)/Update - {"IIVALUE": "0", "IIVALUEF": 0}
2024-07-18 06:40:02,937 - ERROR - Error at 3 on Try 3: 404 Client Error: Not Found for url: https://opcenter-test.goodyear.com/OpcenterRDnLGIL/odata/RndvRqIi(9039,90,1000000,656,18000000)/Update - {"IIVALUE": "0", "IIVALUEF": 0}
2024-07-18 06:40:03,630 - ERROR - Error at 3 on Try 4: 404 Client Error: Not Found for url: https://opcenter-test.goodyear.com/OpcenterRDnLGIL/odata/RndvRqIi(9039,90,1000000,656,18000000)/Update - {"IIVALUE": "0", "IIVALUEF": 0}
2024-07-18 06:40:04,304 - ERROR - Error at 3 on Try 5: 404 Client Error: Not Found for url: https://opcenter-test.goodyear.com/OpcenterRDnLGIL/odata/RndvRqIi(9039,90,1000000,656,18000000)/Update - {"IIVALUE": "0", "IIVALUEF": 0}
2024-07-18 06:40:04,483 - ERROR - Error at 3 on Try 1: 404 Client Error: Not Found for url: https://opcenter-test.goodyear.com/OpcenterRDnLGIL/odata/RndvRqIi(9039,90,1000000,531,19000000)/Update - {"IIVALUE": "B1241043626", "IIVALUEF": 0}
2024-07-18 06:40:05,176 - ERROR - Error at 3 on Try 2: 404 Client Error: Not Found for url: https://opcenter-test.goodyear.com/OpcenterRDnLGIL/odata/RndvRqIi(9039,90,1000000,531,19000000)/Update - {"IIVALUE": "B1241043626", "IIVALUEF": 0}
2024-07-18 06:40:05,853 - ERROR - Error at 3 on Try 3: 404 Client Error: Not Found for url: https://opcenter-test.goodyear.com/OpcenterRDnLGIL/odata/RndvRqIi(9039,90,1000000,531,19000000)/Update - {"IIVALUE": "B1241043626", "IIVALUEF": 0}
2024-07-18 06:40:06,549 - ERROR - Error at 3 on Try 4: 404 Client Error: Not Found for url: https://opcenter-test.goodyear.com/OpcenterRDnLGIL/odata/RndvRqIi(9039,90,1000000,531,19000000)/Update - {"IIVALUE": "B1241043626", "IIVALUEF": 0}
2024-07-18 06:40:07,235 - ERROR - Error at 3 on Try 5: 404 Client Error: Not Found for url: https://opcenter-test.goodyear.com/OpcenterRDnLGIL/odata/RndvRqIi(9039,90,1000000,531,19000000)/Update - {"IIVALUE": "B1241043626", "IIVALUEF": 0}
2024-07-18 06:40:07,550 - INFO - Success on 4: 200 - {"IIVALUE": "1.03943.0250", "IIVALUEF": 0}
