2024-06-17 07:29:57,058 - INFO - Success on 1: 200 - {"SHORT_DESC": "Chemical & Consumables Container", "RQ_VALUE": "T20230158", "DESCRIPTION": "Chemical & Consumables Container"}
2024-06-17 07:29:58,218 - INFO - Success on 1: 200 - {"StatusTo": 5}
2024-06-17 07:29:58,482 - INFO - Success on 1: 200 - {"IIVALUE": "CS", "IIVALUEF": 0}
2024-06-17 07:29:58,752 - INFO - Success on 1: 200 - {"IIVALUE": "8", "IIVALUEF": 0}
2024-06-17 07:29:59,010 - INFO - Success on 1: 200 - {"IIVALUE": "nan", "IIVALUEF": 0}
2024-06-17 07:29:59,281 - INFO - Success on 1: 200 - {"IIVALUE": "nan", "IIVALUEF": 0}
2024-06-17 07:29:59,542 - INFO - Success on 1: 200 - {"IIVALUE": "Research", "IIVALUEF": 0}
2024-06-17 07:29:59,807 - INFO - Success on 1: 200 - {"IIVALUE": null, "IIVALUEF": 0}
2024-06-17 07:30:00,057 - INFO - Success on 1: 200 - {"IIVALUE": null, "IIVALUEF": 0}
2024-06-17 07:30:00,370 - INFO - Success on 1: 200 - {"IIVALUE": null, "IIVALUEF": 0}
2024-06-17 07:30:00,590 - INFO - Success on 1: 200 - {"IIVALUE": null, "IIVALUEF": 0}
2024-06-17 07:30:00,917 - INFO - Success on 1: 200 - {"IIVALUE": "8", "IIVALUEF": 0}
2024-06-17 07:30:01,215 - INFO - Success on 1: 200 - {"IIVALUE": null, "IIVALUEF": 0}
2024-06-17 07:30:01,495 - INFO - Success on 1: 200 - {"IIVALUE": "364-366", "IIVALUEF": 0}
2024-06-17 07:30:01,716 - INFO - Success on 1: 200 - {"IIVALUE": null, "IIVALUEF": 0}
2024-06-17 07:30:02,026 - INFO - Success on 1: 200 - {"IIVALUE": "Chemlok 6250", "IIVALUEF": 0}
2024-06-17 07:30:02,332 - INFO - Success on 1: 200 - {"IIVALUE": "Lord Corporation", "IIVALUEF": 0}
2024-06-17 07:30:02,556 - INFO - Success on 1: 200 - {"IIVALUE": null, "IIVALUEF": 0}
2024-06-17 07:30:02,858 - INFO - Success on 1: 200 - {"IIVALUE": "ounce (US, liquid)", "IIVALUEF": 0}
2024-06-17 07:30:03,073 - INFO - Success on 1: 200 - {"IIVALUE": null, "IIVALUEF": 0}
2024-06-17 07:30:03,332 - INFO - Success on 1: 200 - {"IIVALUE": null, "IIVALUEF": 0}
2024-06-17 07:30:03,604 - INFO - Success on 2: 200 - {"SHORT_DESC": "Chemical & Consumables Container", "RQ_VALUE": "T20230157", "DESCRIPTION": "Chemical & Consumables Container"}
2024-06-17 07:30:04,758 - INFO - Success on 2: 200 - {"StatusTo": 5}
2024-06-17 07:30:05,046 - INFO - Success on 2: 200 - {"IIVALUE": "CS", "IIVALUEF": 0}
2024-06-17 07:30:05,332 - INFO - Success on 2: 200 - {"IIVALUE": "8", "IIVALUEF": 0}
2024-06-17 07:30:07,104 - INFO - Success on 2: 200 - {"IIVALUE": "nan", "IIVALUEF": 0}
2024-06-17 07:30:08,120 - INFO - Success on 2: 200 - {"IIVALUE": "nan", "IIVALUEF": 0}
2024-06-17 07:30:09,120 - INFO - Success on 2: 200 - {"IIVALUE": "Research", "IIVALUEF": 0}
2024-06-17 07:30:10,136 - INFO - Success on 2: 200 - {"IIVALUE": null, "IIVALUEF": 0}
2024-06-17 07:30:11,136 - INFO - Success on 2: 200 - {"IIVALUE": null, "IIVALUEF": 0}
2024-06-17 07:30:12,136 - INFO - Success on 2: 200 - {"IIVALUE": null, "IIVALUEF": 0}
2024-06-17 07:30:13,136 - INFO - Success on 2: 200 - {"IIVALUE": null, "IIVALUEF": 0}
2024-06-17 07:30:14,151 - INFO - Success on 2: 200 - {"IIVALUE": "8", "IIVALUEF": 0}
2024-06-17 07:30:15,163 - INFO - Success on 2: 200 - {"IIVALUE": null, "IIVALUEF": 0}
2024-06-17 07:30:16,173 - INFO - Success on 2: 200 - {"IIVALUE": "364-366", "IIVALUEF": 0}
2024-06-17 07:30:17,189 - INFO - Success on 2: 200 - {"IIVALUE": null, "IIVALUEF": 0}
2024-06-17 07:30:18,189 - INFO - Success on 2: 200 - {"IIVALUE": "Chemlok 6250", "IIVALUEF": 0}
2024-06-17 07:30:19,202 - INFO - Success on 2: 200 - {"IIVALUE": "Lord Corporation", "IIVALUEF": 0}
2024-06-17 07:30:20,217 - INFO - Success on 2: 200 - {"IIVALUE": null, "IIVALUEF": 0}
2024-06-17 07:30:21,229 - INFO - Success on 2: 200 - {"IIVALUE": "ounce (US, liquid)", "IIVALUEF": 0}
2024-06-17 07:30:22,231 - INFO - Success on 2: 200 - {"IIVALUE": null, "IIVALUEF": 0}
2024-06-17 07:30:23,235 - INFO - Success on 2: 200 - {"IIVALUE": null, "IIVALUEF": 0}
2024-06-17 07:30:23,500 - INFO - Success on 3: 200 - {"SHORT_DESC": "Chemical & Consumables Container", "RQ_VALUE": "T20230156", "DESCRIPTION": "Chemical & Consumables Container"}
2024-06-17 07:30:24,646 - INFO - Success on 3: 200 - {"StatusTo": 5}
2024-06-17 07:30:24,923 - INFO - Success on 3: 200 - {"IIVALUE": "Other", "IIVALUEF": 0}
2024-06-17 07:30:25,185 - INFO - Success on 3: 200 - {"IIVALUE": "1", "IIVALUEF": 0}
2024-06-17 07:30:25,448 - INFO - Success on 3: 200 - {"IIVALUE": "nan", "IIVALUEF": 0}
2024-06-17 07:30:25,738 - INFO - Success on 3: 200 - {"IIVALUE": "nan", "IIVALUEF": 0}
2024-06-17 07:30:26,015 - INFO - Success on 3: 200 - {"IIVALUE": " Research", "IIVALUEF": 0}
2024-06-17 07:30:26,228 - INFO - Success on 3: 200 - {"IIVALUE": null, "IIVALUEF": 0}
2024-06-17 07:30:26,447 - INFO - Success on 3: 200 - {"IIVALUE": null, "IIVALUEF": 0}
2024-06-17 07:30:26,735 - INFO - Success on 3: 200 - {"IIVALUE": null, "IIVALUEF": 0}
2024-06-17 07:30:26,962 - INFO - Success on 3: 200 - {"IIVALUE": null, "IIVALUEF": 0}
2024-06-17 07:30:27,302 - INFO - Success on 3: 200 - {"IIVALUE": "1", "IIVALUEF": 0}
2024-06-17 07:30:27,531 - INFO - Success on 3: 200 - {"IIVALUE": null, "IIVALUEF": 0}
2024-06-17 07:30:27,830 - INFO - Success on 3: 200 - {"IIVALUE": "249", "IIVALUEF": 0}
2024-06-17 07:30:28,074 - INFO - Success on 3: 200 - {"IIVALUE": null, "IIVALUEF": 0}
2024-06-17 07:30:28,368 - INFO - Success on 3: 200 - {"IIVALUE": "Calcium Sulfate", "IIVALUEF": 0}
2024-06-17 07:30:28,645 - INFO - Success on 3: 200 - {"IIVALUE": "W.A. Hammond Drierite Co.", "IIVALUEF": 0}
2024-06-17 07:30:28,864 - INFO - Success on 3: 200 - {"IIVALUE": null, "IIVALUEF": 0}
2024-06-17 07:30:29,174 - INFO - Success on 3: 200 - {"IIVALUE": "pound", "IIVALUEF": 0}
2024-06-17 07:30:29,391 - INFO - Success on 3: 200 - {"IIVALUE": null, "IIVALUEF": 0}
2024-06-17 07:30:30,278 - INFO - Success on 3: 200 - {"IIVALUE": null, "IIVALUEF": 0}
2024-06-17 07:30:31,279 - INFO - Success on 4: 200 - {"SHORT_DESC": "Chemical & Consumables Container", "RQ_VALUE": "T20230118", "DESCRIPTION": "Chemical & Consumables Container"}
2024-06-17 07:30:33,283 - INFO - Success on 4: 200 - {"StatusTo": 5}
2024-06-17 07:30:34,291 - INFO - Success on 4: 200 - {"IIVALUE": "FS*A", "IIVALUEF": 0}
2024-06-17 07:30:35,309 - INFO - Success on 4: 200 - {"IIVALUE": "1", "IIVALUEF": 0}
2024-06-17 07:30:36,324 - INFO - Success on 4: 200 - {"IIVALUE": "nan", "IIVALUEF": 0}
2024-06-17 07:30:37,325 - INFO - Success on 4: 200 - {"IIVALUE": "nan", "IIVALUEF": 0}
2024-06-17 07:30:38,334 - INFO - Success on 4: 200 - {"IIVALUE": " Research", "IIVALUEF": 0}
2024-06-17 07:30:39,354 - INFO - Success on 4: 200 - {"IIVALUE": null, "IIVALUEF": 0}
2024-06-17 07:30:40,343 - INFO - Success on 4: 200 - {"IIVALUE": null, "IIVALUEF": 0}
2024-06-17 07:30:41,348 - INFO - Success on 4: 200 - {"IIVALUE": null, "IIVALUEF": 0}
2024-06-17 07:30:42,854 - INFO - Success on 4: 200 - {"IIVALUE": null, "IIVALUEF": 0}
2024-06-17 07:30:43,859 - INFO - Success on 4: 200 - {"IIVALUE": "1", "IIVALUEF": 0}
2024-06-17 07:30:44,870 - INFO - Success on 4: 200 - {"IIVALUE": null, "IIVALUEF": 0}
2024-06-17 07:30:45,866 - INFO - Success on 4: 200 - {"IIVALUE": "205", "IIVALUEF": 0}
2024-06-17 07:30:46,885 - INFO - Success on 4: 200 - {"IIVALUE": null, "IIVALUEF": 0}
2024-06-17 07:30:47,891 - INFO - Success on 4: 200 - {"IIVALUE": "Ethyl Alcohol, Denatured", "IIVALUEF": 0}
2024-06-17 07:30:48,896 - INFO - Success on 4: 200 - {"IIVALUE": "Hudson Supply Co.", "IIVALUEF": 0}
2024-06-17 07:30:49,916 - INFO - Success on 4: 200 - {"IIVALUE": null, "IIVALUEF": 0}
2024-06-17 07:30:50,921 - INFO - Success on 4: 200 - {"IIVALUE": "gallon (US)", "IIVALUEF": 0}
2024-06-17 07:30:51,941 - INFO - Success on 4: 200 - {"IIVALUE": null, "IIVALUEF": 0}
2024-06-17 07:30:52,933 - INFO - Success on 4: 200 - {"IIVALUE": null, "IIVALUEF": 0}
2024-06-17 07:30:53,945 - INFO - Success on 5: 200 - {"SHORT_DESC": "Chemical & Consumables Container", "RQ_VALUE": "T20220394", "DESCRIPTION": "Chemical & Consumables Container"}
2024-06-17 07:30:55,964 - INFO - Success on 5: 200 - {"StatusTo": 5}
2024-06-17 07:30:56,974 - INFO - Success on 5: 200 - {"IIVALUE": "CS", "IIVALUEF": 0}
2024-06-17 07:30:57,979 - INFO - Success on 5: 200 - {"IIVALUE": "4", "IIVALUEF": 0}
2024-06-17 07:30:58,983 - INFO - Success on 5: 200 - {"IIVALUE": "nan", "IIVALUEF": 0}
2024-06-17 07:30:59,986 - INFO - Success on 5: 200 - {"IIVALUE": "nan", "IIVALUEF": 0}
2024-06-17 07:31:00,990 - INFO - Success on 5: 200 - {"IIVALUE": " Research", "IIVALUEF": 0}
2024-06-17 07:31:01,995 - INFO - Success on 5: 200 - {"IIVALUE": null, "IIVALUEF": 0}
2024-06-17 07:31:02,999 - INFO - Success on 5: 200 - {"IIVALUE": null, "IIVALUEF": 0}
2024-06-17 07:31:04,004 - INFO - Success on 5: 200 - {"IIVALUE": null, "IIVALUEF": 0}
2024-06-17 07:31:05,008 - INFO - Success on 5: 200 - {"IIVALUE": null, "IIVALUEF": 0}
2024-06-17 07:31:06,027 - INFO - Success on 5: 200 - {"IIVALUE": "4", "IIVALUEF": 0}
2024-06-17 07:31:07,016 - INFO - Success on 5: 200 - {"IIVALUE": null, "IIVALUEF": 0}
2024-06-17 07:31:08,035 - INFO - Success on 5: 200 - {"IIVALUE": "200-202", "IIVALUEF": 0}
2024-06-17 07:31:09,024 - INFO - Success on 5: 200 - {"IIVALUE": null, "IIVALUEF": 0}
2024-06-17 07:31:10,028 - INFO - Success on 5: 200 - {"IIVALUE": "Hexane", "IIVALUEF": 0}
2024-06-17 07:31:11,032 - INFO - Success on 5: 200 - {"IIVALUE": "Sigma Aldrich", "IIVALUEF": 0}
2024-06-17 07:31:12,036 - INFO - Success on 5: 200 - {"IIVALUE": null, "IIVALUEF": 0}
2024-06-17 07:31:13,056 - INFO - Success on 5: 200 - {"IIVALUE": "liter", "IIVALUEF": 0}
2024-06-17 07:31:14,060 - INFO - Success on 5: 200 - {"IIVALUE": null, "IIVALUEF": 0}
2024-06-17 07:31:15,071 - INFO - Success on 5: 200 - {"IIVALUE": null, "IIVALUEF": 0}
2024-06-17 07:31:16,075 - INFO - Success on 6: 200 - {"SHORT_DESC": "Chemical & Consumables Container", "RQ_VALUE": "T20051385", "DESCRIPTION": "Chemical & Consumables Container"}
2024-06-17 07:31:18,083 - INFO - Success on 6: 200 - {"StatusTo": 5}
2024-06-17 07:31:19,088 - INFO - Success on 6: 200 - {"IIVALUE": "APM*A (RL)", "IIVALUEF": 0}
2024-06-17 07:31:20,092 - INFO - Success on 6: 200 - {"IIVALUE": "1", "IIVALUEF": 0}
2024-06-17 07:31:21,095 - INFO - Success on 6: 200 - {"IIVALUE": "nan", "IIVALUEF": 0}
2024-06-17 07:31:21,359 - INFO - Success on 6: 200 - {"IIVALUE": "nan", "IIVALUEF": 0}
2024-06-17 07:31:21,645 - INFO - Success on 6: 200 - {"IIVALUE": " Research", "IIVALUEF": 0}
2024-06-17 07:31:21,861 - INFO - Success on 6: 200 - {"IIVALUE": null, "IIVALUEF": 0}
2024-06-17 07:31:22,078 - INFO - Success on 6: 200 - {"IIVALUE": null, "IIVALUEF": 0}
2024-06-17 07:31:22,338 - INFO - Success on 6: 200 - {"IIVALUE": null, "IIVALUEF": 0}
2024-06-17 07:31:22,548 - INFO - Success on 6: 200 - {"IIVALUE": null, "IIVALUEF": 0}
2024-06-17 07:31:22,834 - INFO - Success on 6: 200 - {"IIVALUE": "1", "IIVALUEF": 0}
2024-06-17 07:31:23,065 - INFO - Success on 6: 200 - {"IIVALUE": null, "IIVALUEF": 0}
2024-06-17 07:31:23,351 - INFO - Success on 6: 200 - {"IIVALUE": "165", "IIVALUEF": 0}
2024-06-17 07:31:23,583 - INFO - Success on 6: 200 - {"IIVALUE": null, "IIVALUEF": 0}
2024-06-17 07:31:23,869 - INFO - Success on 6: 200 - {"IIVALUE": "POLYACRYLATE", "IIVALUEF": 0}
2024-06-17 07:31:24,139 - INFO - Success on 6: 200 - {"IIVALUE": "ROHM & HAAS", "IIVALUEF": 0}
2024-06-17 07:31:24,340 - INFO - Success on 6: 200 - {"IIVALUE": null, "IIVALUEF": 0}
2024-06-17 07:31:24,641 - INFO - Success on 6: 200 - {"IIVALUE": "kilogram", "IIVALUEF": 0}
2024-06-17 07:31:24,857 - INFO - Success on 6: 200 - {"IIVALUE": null, "IIVALUEF": 0}
2024-06-17 07:31:25,090 - INFO - Success on 6: 200 - {"IIVALUE": null, "IIVALUEF": 0}
