2024-06-27 02:06:11,916 - INFO - Success on 1: 200 - {"SHORT_DESC": "Chemical & Consumables Container", "RQ_VALUE": "T20040479", "DESCRIPTION": "Chemical & Consumables Container"}
2024-06-27 02:06:13,271 - ERROR - Error at 0: 500 Server Error: Internal Server Error for url: https://opcenter-test.goodyear.com/OpcenterRDnLGIL/odata/RndvRq(7853)/ChangeStatus - {'StatusTo': 5}
2024-06-27 02:06:13,465 - ERROR - Error at 0: 500 Server Error: Internal Server Error for url: https://opcenter-test.goodyear.com/OpcenterRDnLGIL/odata/RndvRqIi(7853,90,1000000,9,5000000)/Update - {'IIVALUE': 'AS*A', 'IIVALUEF': 0}
2024-06-27 02:06:13,623 - ERROR - Error at 0: 500 Server Error: Internal Server Error for url: https://opcenter-test.goodyear.com/OpcenterRDnLGIL/odata/RndvRqIi(7853,90,1000000,530,1000000)/Update - {'IIVALUE': '25', 'IIVALUEF': 0}
2024-06-27 02:06:13,783 - ERROR - Error at 0: 500 Server Error: Internal Server Error for url: https://opcenter-test.goodyear.com/OpcenterRDnLGIL/odata/RndvRqIi(7853,90,1000000,534,4000000)/Update - {'IIVALUE': 'nan', 'IIVALUEF': 0}
2024-06-27 02:06:13,937 - ERROR - Error at 0: 500 Server Error: Internal Server Error for url: https://opcenter-test.goodyear.com/OpcenterRDnLGIL/odata/RndvRqIi(7853,90,1000000,535,3000000)/Update - {'IIVALUE': 'nan', 'IIVALUEF': 0}
2024-06-27 02:06:14,114 - ERROR - Error at 0: 500 Server Error: Internal Server Error for url: https://opcenter-test.goodyear.com/OpcenterRDnLGIL/odata/RndvRqIi(7853,90,1000000,536,6000000)/Update - {'IIVALUE': ' Research', 'IIVALUEF': 0}
2024-06-27 02:06:14,280 - ERROR - Error at 0: 500 Server Error: Internal Server Error for url: https://opcenter-test.goodyear.com/OpcenterRDnLGIL/odata/RndvRqIi(7853,90,1000000,537,7000000)/Update - {'IIVALUE': None, 'IIVALUEF': 0}
2024-06-27 02:06:14,457 - ERROR - Error at 0: 500 Server Error: Internal Server Error for url: https://opcenter-test.goodyear.com/OpcenterRDnLGIL/odata/RndvRqIi(7853,90,1000000,538,8000000)/Update - {'IIVALUE': None, 'IIVALUEF': 0}
2024-06-27 02:06:15,453 - INFO - Success on 1: 200 - {"IIVALUE": null, "IIVALUEF": 0}
2024-06-27 02:06:16,176 - INFO - Success on 1: 200 - {"IIVALUE": null, "IIVALUEF": 0}
2024-06-27 02:06:16,952 - INFO - Success on 1: 200 - {"IIVALUE": "25.0", "IIVALUEF": 0}
2024-06-27 02:06:17,665 - INFO - Success on 1: 200 - {"IIVALUE": null, "IIVALUEF": 0}
2024-06-27 02:06:18,466 - INFO - Success on 1: 200 - {"IIVALUE": "210-212", "IIVALUEF": 0}
2024-06-27 02:06:19,221 - INFO - Success on 1: 200 - {"IIVALUE": null, "IIVALUEF": 0}
2024-06-27 02:06:20,040 - INFO - Success on 1: 200 - {"IIVALUE": "TETRABUTYLAMMONIUM BROMIDE", "IIVALUEF": 0}
2024-06-27 02:06:20,868 - INFO - Success on 1: 200 - {"IIVALUE": "ALDRICH", "IIVALUEF": 0}
2024-06-27 02:06:21,711 - INFO - Success on 1: 200 - {"IIVALUE": null, "IIVALUEF": 0}
2024-06-27 02:06:22,502 - INFO - Success on 1: 200 - {"IIVALUE": "g", "IIVALUEF": 0}
2024-06-27 02:06:23,209 - INFO - Success on 1: 200 - {"IIVALUE": null, "IIVALUEF": 0}
2024-06-27 02:06:24,093 - INFO - Success on 1: 200 - {"IIVALUE": null, "IIVALUEF": 0}
2024-06-27 02:06:25,009 - INFO - Success on 2: 200 - {"SHORT_DESC": "Chemical & Consumables Container", "RQ_VALUE": "T20160730", "DESCRIPTION": "Chemical & Consumables Container"}
2024-06-27 02:06:26,338 - ERROR - Error at 1: 500 Server Error: Internal Server Error for url: https://opcenter-test.goodyear.com/OpcenterRDnLGIL/odata/RndvRq(7854)/ChangeStatus - {'StatusTo': 5}
2024-06-27 02:06:26,516 - ERROR - Error at 1: 500 Server Error: Internal Server Error for url: https://opcenter-test.goodyear.com/OpcenterRDnLGIL/odata/RndvRqIi(7854,90,1000000,9,5000000)/Update - {'IIVALUE': 'CS', 'IIVALUEF': 0}
2024-06-27 02:06:26,703 - ERROR - Error at 1: 500 Server Error: Internal Server Error for url: https://opcenter-test.goodyear.com/OpcenterRDnLGIL/odata/RndvRqIi(7854,90,1000000,530,1000000)/Update - {'IIVALUE': '1000', 'IIVALUEF': 0}
2024-06-27 02:06:26,848 - ERROR - Error at 1: 500 Server Error: Internal Server Error for url: https://opcenter-test.goodyear.com/OpcenterRDnLGIL/odata/RndvRqIi(7854,90,1000000,534,4000000)/Update - {'IIVALUE': 'nan', 'IIVALUEF': 0}
2024-06-27 02:06:27,025 - ERROR - Error at 1: 500 Server Error: Internal Server Error for url: https://opcenter-test.goodyear.com/OpcenterRDnLGIL/odata/RndvRqIi(7854,90,1000000,535,3000000)/Update - {'IIVALUE': 'nan', 'IIVALUEF': 0}
2024-06-27 02:06:27,197 - ERROR - Error at 1: 500 Server Error: Internal Server Error for url: https://opcenter-test.goodyear.com/OpcenterRDnLGIL/odata/RndvRqIi(7854,90,1000000,536,6000000)/Update - {'IIVALUE': ' Research', 'IIVALUEF': 0}
2024-06-27 02:06:27,916 - INFO - Success on 2: 200 - {"IIVALUE": null, "IIVALUEF": 0}
2024-06-27 02:06:28,670 - INFO - Success on 2: 200 - {"IIVALUE": null, "IIVALUEF": 0}
2024-06-27 02:06:29,376 - INFO - Success on 2: 200 - {"IIVALUE": null, "IIVALUEF": 0}
2024-06-27 02:06:29,977 - INFO - Success on 2: 200 - {"IIVALUE": null, "IIVALUEF": 0}
2024-06-27 02:06:30,739 - INFO - Success on 2: 200 - {"IIVALUE": "1000.0", "IIVALUEF": 0}
2024-06-27 02:06:31,385 - INFO - Success on 2: 200 - {"IIVALUE": null, "IIVALUEF": 0}
2024-06-27 02:06:32,157 - INFO - Success on 2: 200 - {"IIVALUE": "364-366", "IIVALUEF": 0}
2024-06-27 02:06:32,874 - INFO - Success on 2: 200 - {"IIVALUE": null, "IIVALUEF": 0}
2024-06-27 02:06:33,526 - INFO - Success on 2: 200 - {"IIVALUE": "SULFURIC ACID", "IIVALUEF": 0}
2024-06-27 02:06:34,232 - INFO - Success on 2: 200 - {"IIVALUE": "ALDRICH", "IIVALUEF": 0}
2024-06-27 02:06:36,233 - INFO - Success on 2: 200 - {"IIVALUE": null, "IIVALUEF": 0}
2024-06-27 02:06:37,733 - INFO - Success on 2: 200 - {"IIVALUE": "g", "IIVALUEF": 0}
2024-06-27 02:06:39,206 - INFO - Success on 2: 200 - {"IIVALUE": null, "IIVALUEF": 0}
2024-06-27 02:06:40,741 - INFO - Success on 2: 200 - {"IIVALUE": null, "IIVALUEF": 0}
2024-06-27 02:06:42,257 - INFO - Success on 3: 200 - {"SHORT_DESC": "Chemical & Consumables Container", "RQ_VALUE": "T20180829", "DESCRIPTION": "Chemical & Consumables Container"}
2024-06-27 02:06:43,552 - ERROR - Error at 2: 500 Server Error: Internal Server Error for url: https://opcenter-test.goodyear.com/OpcenterRDnLGIL/odata/RndvRq(7855)/ChangeStatus - {'StatusTo': 5}
2024-06-27 02:06:43,707 - ERROR - Error at 2: 500 Server Error: Internal Server Error for url: https://opcenter-test.goodyear.com/OpcenterRDnLGIL/odata/RndvRqIi(7855,90,1000000,9,5000000)/Update - {'IIVALUE': 'LCM', 'IIVALUEF': 0}
2024-06-27 02:06:43,895 - ERROR - Error at 2: 500 Server Error: Internal Server Error for url: https://opcenter-test.goodyear.com/OpcenterRDnLGIL/odata/RndvRqIi(7855,90,1000000,530,1000000)/Update - {'IIVALUE': None, 'IIVALUEF': 0}
2024-06-27 02:06:44,084 - ERROR - Error at 2: 500 Server Error: Internal Server Error for url: https://opcenter-test.goodyear.com/OpcenterRDnLGIL/odata/RndvRqIi(7855,90,1000000,534,4000000)/Update - {'IIVALUE': 'nan', 'IIVALUEF': 0}
2024-06-27 02:06:44,261 - ERROR - Error at 2: 500 Server Error: Internal Server Error for url: https://opcenter-test.goodyear.com/OpcenterRDnLGIL/odata/RndvRqIi(7855,90,1000000,535,3000000)/Update - {'IIVALUE': 'nan', 'IIVALUEF': 0}
2024-06-27 02:06:44,437 - ERROR - Error at 2: 500 Server Error: Internal Server Error for url: https://opcenter-test.goodyear.com/OpcenterRDnLGIL/odata/RndvRqIi(7855,90,1000000,536,6000000)/Update - {'IIVALUE': 'Research', 'IIVALUEF': 0}
2024-06-27 02:06:46,284 - INFO - Success on 3: 200 - {"IIVALUE": null, "IIVALUEF": 0}
2024-06-27 02:06:47,779 - INFO - Success on 3: 200 - {"IIVALUE": null, "IIVALUEF": 0}
2024-06-27 02:06:49,289 - INFO - Success on 3: 200 - {"IIVALUE": null, "IIVALUEF": 0}
2024-06-27 02:06:50,795 - INFO - Success on 3: 200 - {"IIVALUE": null, "IIVALUEF": 0}
2024-06-27 02:06:52,321 - INFO - Success on 3: 200 - {"IIVALUE": "0.95", "IIVALUEF": 0}
2024-06-27 02:06:53,829 - INFO - Success on 3: 200 - {"IIVALUE": null, "IIVALUEF": 0}
2024-06-27 02:06:54,533 - INFO - Success on 3: 200 - {"IIVALUE": "110", "IIVALUEF": 0}
2024-06-27 02:06:55,198 - INFO - Success on 3: 200 - {"IIVALUE": null, "IIVALUEF": 0}
2024-06-27 02:06:55,884 - INFO - Success on 3: 200 - {"IIVALUE": "WHISTLE", "IIVALUEF": 0}
2024-06-27 02:06:56,403 - INFO - Success on 3: 200 - {"IIVALUE": "DRACKETT", "IIVALUEF": 0}
2024-06-27 02:06:56,953 - INFO - Success on 3: 200 - {"IIVALUE": null, "IIVALUEF": 0}
2024-06-27 02:06:57,540 - INFO - Success on 3: 200 - {"IIVALUE": "kg", "IIVALUEF": 0}
2024-06-27 02:06:58,107 - INFO - Success on 3: 200 - {"IIVALUE": null, "IIVALUEF": 0}
2024-06-27 02:06:58,726 - INFO - Success on 3: 200 - {"IIVALUE": null, "IIVALUEF": 0}
2024-06-27 02:06:59,767 - INFO - Success on 4: 200 - {"SHORT_DESC": "Chemical & Consumables Container", "RQ_VALUE": "T20210332", "DESCRIPTION": "Chemical & Consumables Container"}
2024-06-27 02:07:01,047 - ERROR - Error at 3: 500 Server Error: Internal Server Error for url: https://opcenter-test.goodyear.com/OpcenterRDnLGIL/odata/RndvRq(7856)/ChangeStatus - {'StatusTo': 5}
2024-06-27 02:07:01,236 - ERROR - Error at 3: 500 Server Error: Internal Server Error for url: https://opcenter-test.goodyear.com/OpcenterRDnLGIL/odata/RndvRqIi(7856,90,1000000,9,5000000)/Update - {'IIVALUE': 'FS*A', 'IIVALUEF': 0}
2024-06-27 02:07:01,449 - ERROR - Error at 3: 500 Server Error: Internal Server Error for url: https://opcenter-test.goodyear.com/OpcenterRDnLGIL/odata/RndvRqIi(7856,90,1000000,530,1000000)/Update - {'IIVALUE': '1', 'IIVALUEF': 0}
2024-06-27 02:07:01,622 - ERROR - Error at 3: 500 Server Error: Internal Server Error for url: https://opcenter-test.goodyear.com/OpcenterRDnLGIL/odata/RndvRqIi(7856,90,1000000,534,4000000)/Update - {'IIVALUE': 'nan', 'IIVALUEF': 0}
2024-06-27 02:07:01,796 - ERROR - Error at 3: 500 Server Error: Internal Server Error for url: https://opcenter-test.goodyear.com/OpcenterRDnLGIL/odata/RndvRqIi(7856,90,1000000,535,3000000)/Update - {'IIVALUE': 'nan', 'IIVALUEF': 0}
2024-06-27 02:07:01,980 - ERROR - Error at 3: 500 Server Error: Internal Server Error for url: https://opcenter-test.goodyear.com/OpcenterRDnLGIL/odata/RndvRqIi(7856,90,1000000,536,6000000)/Update - {'IIVALUE': ' Research', 'IIVALUEF': 0}
2024-06-27 02:07:02,381 - INFO - Success on 4: 200 - {"IIVALUE": null, "IIVALUEF": 0}
2024-06-27 02:07:03,347 - INFO - Success on 4: 200 - {"IIVALUE": null, "IIVALUEF": 0}
2024-06-27 02:07:04,346 - INFO - Success on 4: 200 - {"IIVALUE": null, "IIVALUEF": 0}
2024-06-27 02:07:05,354 - INFO - Success on 4: 200 - {"IIVALUE": null, "IIVALUEF": 0}
2024-06-27 02:07:06,352 - INFO - Success on 4: 200 - {"IIVALUE": "1.0", "IIVALUEF": 0}
2024-06-27 02:07:07,373 - INFO - Success on 4: 200 - {"IIVALUE": null, "IIVALUEF": 0}
2024-06-27 02:07:08,374 - INFO - Success on 4: 200 - {"IIVALUE": "336", "IIVALUEF": 0}
2024-06-27 02:07:09,378 - INFO - Success on 4: 200 - {"IIVALUE": null, "IIVALUEF": 0}
2024-06-27 02:07:10,393 - INFO - Success on 4: 200 - {"IIVALUE": "Triethoxy(octyl) silane", "IIVALUEF": 0}
2024-06-27 02:07:11,395 - INFO - Success on 4: 200 - {"IIVALUE": "Aldrich", "IIVALUEF": 0}
2024-06-27 02:07:12,399 - INFO - Success on 4: 200 - {"IIVALUE": null, "IIVALUEF": 0}
2024-06-27 02:07:15,412 - INFO - Success on 4: 200 - {"IIVALUE": "l", "IIVALUEF": 0}
2024-06-27 02:07:16,423 - INFO - Success on 4: 200 - {"IIVALUE": null, "IIVALUEF": 0}
2024-06-27 02:07:17,425 - INFO - Success on 4: 200 - {"IIVALUE": null, "IIVALUEF": 0}
2024-06-27 02:07:18,437 - INFO - Success on 5: 200 - {"SHORT_DESC": "Chemical & Consumables Container", "RQ_VALUE": "T20220479", "DESCRIPTION": "Chemical & Consumables Container"}
2024-06-27 02:07:20,442 - INFO - Success on 5: 200 - {"StatusTo": 5}
2024-06-27 02:07:21,443 - INFO - Success on 5: 200 - {"IIVALUE": "Maintenance", "IIVALUEF": 0}
2024-06-27 02:07:22,444 - INFO - Success on 5: 200 - {"IIVALUE": "22", "IIVALUEF": 0}
2024-06-27 02:07:23,454 - INFO - Success on 5: 200 - {"IIVALUE": "nan", "IIVALUEF": 0}
2024-06-27 02:07:24,456 - INFO - Success on 5: 200 - {"IIVALUE": "nan", "IIVALUEF": 0}
2024-06-27 02:07:25,458 - INFO - Success on 5: 200 - {"IIVALUE": "Research", "IIVALUEF": 0}
2024-06-27 02:07:26,470 - INFO - Success on 5: 200 - {"IIVALUE": null, "IIVALUEF": 0}
2024-06-27 02:07:27,470 - INFO - Success on 5: 200 - {"IIVALUE": null, "IIVALUEF": 0}
2024-06-27 02:07:28,471 - INFO - Success on 5: 200 - {"IIVALUE": null, "IIVALUEF": 0}
2024-06-27 02:07:29,486 - INFO - Success on 5: 200 - {"IIVALUE": null, "IIVALUEF": 0}
2024-06-27 02:07:30,486 - INFO - Success on 5: 200 - {"IIVALUE": "22.0", "IIVALUEF": 0}
2024-06-27 02:07:31,489 - INFO - Success on 5: 200 - {"IIVALUE": null, "IIVALUEF": 0}
2024-06-27 02:07:32,488 - INFO - Success on 5: 200 - {"IIVALUE": "105", "IIVALUEF": 0}
2024-06-27 02:07:33,496 - INFO - Success on 5: 200 - {"IIVALUE": null, "IIVALUEF": 0}
2024-06-27 02:07:34,523 - INFO - Success on 5: 200 - {"IIVALUE": "OXYGEN", "IIVALUEF": 0}
2024-06-27 02:07:35,538 - INFO - Success on 5: 200 - {"IIVALUE": "AIRGAS", "IIVALUEF": 0}
2024-06-27 02:07:36,538 - INFO - Success on 5: 200 - {"IIVALUE": null, "IIVALUEF": 0}
2024-06-27 02:07:37,552 - INFO - Success on 5: 200 - {"IIVALUE": "lb", "IIVALUEF": 0}
2024-06-27 02:07:38,555 - INFO - Success on 5: 200 - {"IIVALUE": null, "IIVALUEF": 0}
2024-06-27 02:07:39,557 - INFO - Success on 5: 200 - {"IIVALUE": null, "IIVALUEF": 0}
2024-06-27 02:07:40,565 - INFO - Success on 6: 200 - {"SHORT_DESC": "Chemical & Consumables Container", "RQ_VALUE": "T20230209", "DESCRIPTION": "Chemical & Consumables Container"}
2024-06-27 02:07:42,567 - INFO - Success on 6: 200 - {"StatusTo": 5}
2024-06-27 02:07:43,574 - INFO - Success on 6: 200 - {"IIVALUE": "AS*A", "IIVALUEF": 0}
2024-06-27 02:07:44,590 - INFO - Success on 6: 200 - {"IIVALUE": "4", "IIVALUEF": 0}
2024-06-27 02:07:44,860 - INFO - Success on 6: 200 - {"IIVALUE": "nan", "IIVALUEF": 0}
2024-06-27 02:07:45,144 - INFO - Success on 6: 200 - {"IIVALUE": "nan", "IIVALUEF": 0}
2024-06-27 02:07:45,424 - INFO - Success on 6: 200 - {"IIVALUE": " Research", "IIVALUEF": 0}
2024-06-27 02:07:45,642 - INFO - Success on 6: 200 - {"IIVALUE": null, "IIVALUEF": 0}
2024-06-27 02:07:45,860 - INFO - Success on 6: 200 - {"IIVALUE": null, "IIVALUEF": 0}
2024-06-27 02:07:46,166 - INFO - Success on 6: 200 - {"IIVALUE": null, "IIVALUEF": 0}
2024-06-27 02:07:46,378 - INFO - Success on 6: 200 - {"IIVALUE": null, "IIVALUEF": 0}
2024-06-27 02:07:46,643 - INFO - Success on 6: 200 - {"IIVALUE": "4.0", "IIVALUEF": 0}
2024-06-27 02:07:46,862 - INFO - Success on 6: 200 - {"IIVALUE": null, "IIVALUEF": 0}
2024-06-27 02:07:47,145 - INFO - Success on 6: 200 - {"IIVALUE": "307-309", "IIVALUEF": 0}
2024-06-27 02:07:47,362 - INFO - Success on 6: 200 - {"IIVALUE": null, "IIVALUEF": 0}
2024-06-27 02:07:47,623 - INFO - Success on 6: 200 - {"IIVALUE": "Tetrahydrofuran", "IIVALUEF": 0}
2024-06-27 02:07:47,882 - INFO - Success on 6: 200 - {"IIVALUE": "Sigma Aldrich", "IIVALUEF": 0}
2024-06-27 02:07:48,131 - INFO - Success on 6: 200 - {"IIVALUE": null, "IIVALUEF": 0}
2024-06-27 02:07:48,399 - INFO - Success on 6: 200 - {"IIVALUE": "l", "IIVALUEF": 0}
2024-06-27 02:07:48,665 - INFO - Success on 6: 200 - {"IIVALUE": null, "IIVALUEF": 0}
2024-06-27 02:07:48,885 - INFO - Success on 6: 200 - {"IIVALUE": null, "IIVALUEF": 0}
2024-06-27 02:07:49,155 - INFO - Success on 7: 200 - {"SHORT_DESC": "Chemical & Consumables Container", "RQ_VALUE": "T20240001", "DESCRIPTION": "Chemical & Consumables Container"}
2024-06-27 02:07:50,310 - INFO - Success on 7: 200 - {"StatusTo": 5}
2024-06-27 02:07:50,581 - INFO - Success on 7: 200 - {"IIVALUE": "APM*A (RL)", "IIVALUEF": 0}
2024-06-27 02:07:50,857 - INFO - Success on 7: 200 - {"IIVALUE": "1", "IIVALUEF": 0}
2024-06-27 02:07:51,152 - INFO - Success on 7: 200 - {"IIVALUE": "nan", "IIVALUEF": 0}
2024-06-27 02:07:51,415 - INFO - Success on 7: 200 - {"IIVALUE": "nan", "IIVALUEF": 0}
2024-06-27 02:07:51,727 - INFO - Success on 7: 200 - {"IIVALUE": "Research", "IIVALUEF": 0}
2024-06-27 02:07:52,649 - INFO - Success on 7: 200 - {"IIVALUE": null, "IIVALUEF": 0}
2024-06-27 02:07:53,663 - INFO - Success on 7: 200 - {"IIVALUE": null, "IIVALUEF": 0}
2024-06-27 02:07:54,666 - INFO - Success on 7: 200 - {"IIVALUE": null, "IIVALUEF": 0}
2024-06-27 02:07:55,669 - INFO - Success on 7: 200 - {"IIVALUE": null, "IIVALUEF": 0}
2024-06-27 02:07:56,668 - INFO - Success on 7: 200 - {"IIVALUE": "1.0", "IIVALUEF": 0}
2024-06-27 02:07:57,680 - INFO - Success on 7: 200 - {"IIVALUE": null, "IIVALUEF": 0}
2024-06-27 02:07:58,691 - INFO - Success on 7: 200 - {"IIVALUE": "165", "IIVALUEF": 0}
2024-06-27 02:07:59,692 - INFO - Success on 7: 200 - {"IIVALUE": null, "IIVALUEF": 0}
2024-06-27 02:08:00,691 - INFO - Success on 7: 200 - {"IIVALUE": "Latex Concentrate DRC 60PTC", "IIVALUEF": 0}
2024-06-27 02:08:01,694 - INFO - Success on 7: 200 - {"IIVALUE": "MGR Vina ", "IIVALUEF": 0}
2024-06-27 02:08:02,706 - INFO - Success on 7: 200 - {"IIVALUE": null, "IIVALUEF": 0}
2024-06-27 02:08:03,707 - INFO - Success on 7: 200 - {"IIVALUE": "gal (US)", "IIVALUEF": 0}
2024-06-27 02:08:04,715 - INFO - Success on 7: 200 - {"IIVALUE": null, "IIVALUEF": 0}
2024-06-27 02:08:05,730 - INFO - Success on 7: 200 - {"IIVALUE": null, "IIVALUEF": 0}
2024-06-27 02:08:06,730 - INFO - Success on 8: 200 - {"SHORT_DESC": "Chemical & Consumables Container", "RQ_VALUE": "T20240002", "DESCRIPTION": "Chemical & Consumables Container"}
2024-06-27 02:08:08,749 - INFO - Success on 8: 200 - {"StatusTo": 5}
2024-06-27 02:08:09,749 - INFO - Success on 8: 200 - {"IIVALUE": "AS*A", "IIVALUEF": 0}
2024-06-27 02:08:10,748 - INFO - Success on 8: 200 - {"IIVALUE": "4", "IIVALUEF": 0}
2024-06-27 02:08:11,751 - INFO - Success on 8: 200 - {"IIVALUE": "nan", "IIVALUEF": 0}
2024-06-27 02:08:12,053 - INFO - Success on 8: 200 - {"IIVALUE": "nan", "IIVALUEF": 0}
2024-06-27 02:08:13,252 - INFO - Success on 8: 200 - {"IIVALUE": " Research", "IIVALUEF": 0}
2024-06-27 02:08:14,262 - INFO - Success on 8: 200 - {"IIVALUE": null, "IIVALUEF": 0}
2024-06-27 02:08:15,263 - INFO - Success on 8: 200 - {"IIVALUE": null, "IIVALUEF": 0}
2024-06-27 02:08:15,542 - INFO - Success on 8: 200 - {"IIVALUE": null, "IIVALUEF": 0}
2024-06-27 02:08:16,765 - INFO - Success on 8: 200 - {"IIVALUE": null, "IIVALUEF": 0}
2024-06-27 02:08:17,030 - INFO - Success on 8: 200 - {"IIVALUE": "4.0", "IIVALUEF": 0}
2024-06-27 02:08:18,781 - INFO - Success on 8: 200 - {"IIVALUE": null, "IIVALUEF": 0}
2024-06-27 02:08:19,048 - INFO - Success on 8: 200 - {"IIVALUE": "311-313", "IIVALUEF": 0}
2024-06-27 02:08:19,292 - INFO - Success on 8: 200 - {"IIVALUE": null, "IIVALUEF": 0}
2024-06-27 02:08:20,276 - INFO - Success on 8: 200 - {"IIVALUE": "Methanol ", "IIVALUEF": 0}
2024-06-27 02:08:20,549 - INFO - Success on 8: 200 - {"IIVALUE": "Sigma Aldrich", "IIVALUEF": 0}
2024-06-27 02:08:21,783 - INFO - Success on 8: 200 - {"IIVALUE": null, "IIVALUEF": 0}
2024-06-27 02:08:22,057 - INFO - Success on 8: 200 - {"IIVALUE": "l", "IIVALUEF": 0}
2024-06-27 02:08:22,292 - INFO - Success on 8: 200 - {"IIVALUE": null, "IIVALUEF": 0}
2024-06-27 02:08:22,530 - INFO - Success on 8: 200 - {"IIVALUE": null, "IIVALUEF": 0}
2024-06-27 02:08:23,799 - INFO - Success on 9: 200 - {"SHORT_DESC": "Chemical & Consumables Container", "RQ_VALUE": "T20240003", "DESCRIPTION": "Chemical & Consumables Container"}
2024-06-27 02:08:24,998 - INFO - Success on 9: 200 - {"StatusTo": 5}
2024-06-27 02:08:25,426 - INFO - Success on 9: 200 - {"IIVALUE": "AS*A", "IIVALUEF": 0}
2024-06-27 02:08:25,726 - INFO - Success on 9: 200 - {"IIVALUE": "4", "IIVALUEF": 0}
2024-06-27 02:08:26,806 - INFO - Success on 9: 200 - {"IIVALUE": "nan", "IIVALUEF": 0}
2024-06-27 02:08:27,842 - INFO - Success on 9: 200 - {"IIVALUE": "nan", "IIVALUEF": 0}
2024-06-27 02:08:28,359 - INFO - Success on 9: 200 - {"IIVALUE": " Research", "IIVALUEF": 0}
2024-06-27 02:08:29,315 - INFO - Success on 9: 200 - {"IIVALUE": null, "IIVALUEF": 0}
2024-06-27 02:08:29,575 - INFO - Success on 9: 200 - {"IIVALUE": null, "IIVALUEF": 0}
2024-06-27 02:08:29,843 - INFO - Success on 9: 200 - {"IIVALUE": null, "IIVALUEF": 0}
2024-06-27 02:08:30,059 - INFO - Success on 9: 200 - {"IIVALUE": null, "IIVALUEF": 0}
2024-06-27 02:08:31,323 - INFO - Success on 9: 200 - {"IIVALUE": "4.0", "IIVALUEF": 0}
2024-06-27 02:08:31,529 - INFO - Success on 9: 200 - {"IIVALUE": null, "IIVALUEF": 0}
2024-06-27 02:08:31,794 - INFO - Success on 9: 200 - {"IIVALUE": "311-313", "IIVALUEF": 0}
2024-06-27 02:08:32,829 - INFO - Success on 9: 200 - {"IIVALUE": null, "IIVALUEF": 0}
2024-06-27 02:08:33,084 - INFO - Success on 9: 200 - {"IIVALUE": "Methanol ", "IIVALUEF": 0}
2024-06-27 02:08:33,373 - INFO - Success on 9: 200 - {"IIVALUE": "Sigma Aldrich", "IIVALUEF": 0}
2024-06-27 02:08:33,589 - INFO - Success on 9: 200 - {"IIVALUE": null, "IIVALUEF": 0}
2024-06-27 02:08:34,829 - INFO - Success on 9: 200 - {"IIVALUE": "l", "IIVALUEF": 0}
2024-06-27 02:08:35,040 - INFO - Success on 9: 200 - {"IIVALUE": null, "IIVALUEF": 0}
2024-06-27 02:08:35,308 - INFO - Success on 9: 200 - {"IIVALUE": null, "IIVALUEF": 0}
2024-06-27 02:08:36,342 - INFO - Success on 10: 200 - {"SHORT_DESC": "Chemical & Consumables Container", "RQ_VALUE": "T20240004", "DESCRIPTION": "Chemical & Consumables Container"}
2024-06-27 02:08:37,494 - INFO - Success on 10: 200 - {"StatusTo": 5}
2024-06-27 02:08:38,348 - INFO - Success on 10: 200 - {"IIVALUE": "AS*A", "IIVALUEF": 0}
2024-06-27 02:08:38,613 - INFO - Success on 10: 200 - {"IIVALUE": "4", "IIVALUEF": 0}
2024-06-27 02:08:39,857 - INFO - Success on 10: 200 - {"IIVALUE": "nan", "IIVALUEF": 0}
2024-06-27 02:08:40,120 - INFO - Success on 10: 200 - {"IIVALUE": "nan", "IIVALUEF": 0}
2024-06-27 02:08:41,372 - INFO - Success on 10: 200 - {"IIVALUE": "Research", "IIVALUEF": 0}
2024-06-27 02:08:42,374 - INFO - Success on 10: 200 - {"IIVALUE": null, "IIVALUEF": 0}
2024-06-27 02:08:42,591 - INFO - Success on 10: 200 - {"IIVALUE": null, "IIVALUEF": 0}
2024-06-27 02:08:43,893 - INFO - Success on 10: 200 - {"IIVALUE": null, "IIVALUEF": 0}
2024-06-27 02:08:44,896 - INFO - Success on 10: 200 - {"IIVALUE": null, "IIVALUEF": 0}
2024-06-27 02:08:45,908 - INFO - Success on 10: 200 - {"IIVALUE": "4.0", "IIVALUEF": 0}
2024-06-27 02:08:46,125 - INFO - Success on 10: 200 - {"IIVALUE": null, "IIVALUEF": 0}
2024-06-27 02:08:46,911 - INFO - Success on 10: 200 - {"IIVALUE": "260", "IIVALUEF": 0}
2024-06-27 02:08:47,126 - INFO - Success on 10: 200 - {"IIVALUE": null, "IIVALUEF": 0}
2024-06-27 02:08:47,923 - INFO - Success on 10: 200 - {"IIVALUE": "Methanol ", "IIVALUEF": 0}
2024-06-27 02:08:48,935 - INFO - Success on 10: 200 - {"IIVALUE": "Sigma Aldrich", "IIVALUEF": 0}
2024-06-27 02:08:49,149 - INFO - Success on 10: 200 - {"IIVALUE": null, "IIVALUEF": 0}
2024-06-27 02:08:50,452 - INFO - Success on 10: 200 - {"IIVALUE": "l", "IIVALUEF": 0}
2024-06-27 02:08:50,672 - INFO - Success on 10: 200 - {"IIVALUE": null, "IIVALUEF": 0}
2024-06-27 02:08:51,466 - INFO - Success on 10: 200 - {"IIVALUE": null, "IIVALUEF": 0}
2024-06-27 02:08:51,724 - INFO - Success on 11: 200 - {"SHORT_DESC": "Chemical & Consumables Container", "RQ_VALUE": "T20240005", "DESCRIPTION": "Chemical & Consumables Container"}
2024-06-27 02:08:52,868 - INFO - Success on 11: 200 - {"StatusTo": 5}
2024-06-27 02:08:53,136 - INFO - Success on 11: 200 - {"IIVALUE": "AS*A", "IIVALUEF": 0}
2024-06-27 02:08:53,414 - INFO - Success on 11: 200 - {"IIVALUE": "4", "IIVALUEF": 0}
2024-06-27 02:08:53,712 - INFO - Success on 11: 200 - {"IIVALUE": "nan", "IIVALUEF": 0}
2024-06-27 02:08:54,004 - INFO - Success on 11: 200 - {"IIVALUE": "nan", "IIVALUEF": 0}
2024-06-27 02:08:54,296 - INFO - Success on 11: 200 - {"IIVALUE": "Research", "IIVALUEF": 0}
2024-06-27 02:08:54,505 - INFO - Success on 11: 200 - {"IIVALUE": null, "IIVALUEF": 0}
2024-06-27 02:08:54,728 - INFO - Success on 11: 200 - {"IIVALUE": null, "IIVALUEF": 0}
2024-06-27 02:08:55,007 - INFO - Success on 11: 200 - {"IIVALUE": null, "IIVALUEF": 0}
2024-06-27 02:08:55,222 - INFO - Success on 11: 200 - {"IIVALUE": null, "IIVALUEF": 0}
2024-06-27 02:08:55,486 - INFO - Success on 11: 200 - {"IIVALUE": "4.0", "IIVALUEF": 0}
2024-06-27 02:08:55,721 - INFO - Success on 11: 200 - {"IIVALUE": null, "IIVALUEF": 0}
2024-06-27 02:08:56,005 - INFO - Success on 11: 200 - {"IIVALUE": "260", "IIVALUEF": 0}
2024-06-27 02:08:56,224 - INFO - Success on 11: 200 - {"IIVALUE": null, "IIVALUEF": 0}
2024-06-27 02:08:56,520 - INFO - Success on 11: 200 - {"IIVALUE": "Methanol ", "IIVALUEF": 0}
2024-06-27 02:08:56,809 - INFO - Success on 11: 200 - {"IIVALUE": "Sigma Aldrich", "IIVALUEF": 0}
2024-06-27 02:08:57,031 - INFO - Success on 11: 200 - {"IIVALUE": null, "IIVALUEF": 0}
2024-06-27 02:08:57,349 - INFO - Success on 11: 200 - {"IIVALUE": "l", "IIVALUEF": 0}
2024-06-27 02:08:57,596 - INFO - Success on 11: 200 - {"IIVALUE": null, "IIVALUEF": 0}
2024-06-27 02:08:57,818 - INFO - Success on 11: 200 - {"IIVALUE": null, "IIVALUEF": 0}
2024-06-27 02:08:58,091 - INFO - Success on 12: 200 - {"SHORT_DESC": "Chemical & Consumables Container", "RQ_VALUE": "T20240006", "DESCRIPTION": "Chemical & Consumables Container"}
2024-06-27 02:08:59,238 - INFO - Success on 12: 200 - {"StatusTo": 5}
2024-06-27 02:08:59,502 - INFO - Success on 12: 200 - {"IIVALUE": "AS*A", "IIVALUEF": 0}
2024-06-27 02:08:59,781 - INFO - Success on 12: 200 - {"IIVALUE": "4", "IIVALUEF": 0}
2024-06-27 02:09:00,052 - INFO - Success on 12: 200 - {"IIVALUE": "nan", "IIVALUEF": 0}
2024-06-27 02:09:00,309 - INFO - Success on 12: 200 - {"IIVALUE": "nan", "IIVALUEF": 0}
2024-06-27 02:09:00,581 - INFO - Success on 12: 200 - {"IIVALUE": "Research", "IIVALUEF": 0}
2024-06-27 02:09:00,815 - INFO - Success on 12: 200 - {"IIVALUE": null, "IIVALUEF": 0}
2024-06-27 02:09:01,045 - INFO - Success on 12: 200 - {"IIVALUE": null, "IIVALUEF": 0}
2024-06-27 02:09:01,315 - INFO - Success on 12: 200 - {"IIVALUE": null, "IIVALUEF": 0}
2024-06-27 02:09:01,537 - INFO - Success on 12: 200 - {"IIVALUE": null, "IIVALUEF": 0}
2024-06-27 02:09:01,838 - INFO - Success on 12: 200 - {"IIVALUE": "4.0", "IIVALUEF": 0}
2024-06-27 02:09:02,054 - INFO - Success on 12: 200 - {"IIVALUE": null, "IIVALUEF": 0}
2024-06-27 02:09:03,041 - INFO - Success on 12: 200 - {"IIVALUE": "210-212", "IIVALUEF": 0}
2024-06-27 02:09:03,257 - INFO - Success on 12: 200 - {"IIVALUE": null, "IIVALUEF": 0}
2024-06-27 02:09:03,548 - INFO - Success on 12: 200 - {"IIVALUE": "Acetone", "IIVALUEF": 0}
2024-06-27 02:09:03,817 - INFO - Success on 12: 200 - {"IIVALUE": "Sigma Aldrich", "IIVALUEF": 0}
2024-06-27 02:09:04,034 - INFO - Success on 12: 200 - {"IIVALUE": null, "IIVALUEF": 0}
2024-06-27 02:09:04,333 - INFO - Success on 12: 200 - {"IIVALUE": "l", "IIVALUEF": 0}
2024-06-27 02:09:05,051 - INFO - Success on 12: 200 - {"IIVALUE": null, "IIVALUEF": 0}
2024-06-27 02:09:05,271 - INFO - Success on 12: 200 - {"IIVALUE": null, "IIVALUEF": 0}
2024-06-27 02:09:06,051 - INFO - Success on 13: 200 - {"SHORT_DESC": "Chemical & Consumables Container", "RQ_VALUE": "T20240007", "DESCRIPTION": "Chemical & Consumables Container"}
2024-06-27 02:09:07,201 - INFO - Success on 13: 200 - {"StatusTo": 5}
2024-06-27 02:09:07,475 - INFO - Success on 13: 200 - {"IIVALUE": "AS*A", "IIVALUEF": 0}
2024-06-27 02:09:07,754 - INFO - Success on 13: 200 - {"IIVALUE": "4", "IIVALUEF": 0}
2024-06-27 02:09:08,560 - INFO - Success on 13: 200 - {"IIVALUE": "nan", "IIVALUEF": 0}
2024-06-27 02:09:08,850 - INFO - Success on 13: 200 - {"IIVALUE": "nan", "IIVALUEF": 0}
2024-06-27 02:09:10,072 - INFO - Success on 13: 200 - {"IIVALUE": "Research", "IIVALUEF": 0}
2024-06-27 02:09:10,323 - INFO - Success on 13: 200 - {"IIVALUE": null, "IIVALUEF": 0}
2024-06-27 02:09:11,074 - INFO - Success on 13: 200 - {"IIVALUE": null, "IIVALUEF": 0}
2024-06-27 02:09:11,349 - INFO - Success on 13: 200 - {"IIVALUE": null, "IIVALUEF": 0}
2024-06-27 02:09:12,583 - INFO - Success on 13: 200 - {"IIVALUE": null, "IIVALUEF": 0}
2024-06-27 02:09:12,849 - INFO - Success on 13: 200 - {"IIVALUE": "4.0", "IIVALUEF": 0}
2024-06-27 02:09:13,585 - INFO - Success on 13: 200 - {"IIVALUE": null, "IIVALUEF": 0}
2024-06-27 02:09:14,586 - INFO - Success on 13: 200 - {"IIVALUE": "311-313", "IIVALUEF": 0}
2024-06-27 02:09:14,816 - INFO - Success on 13: 200 - {"IIVALUE": null, "IIVALUEF": 0}
2024-06-27 02:09:15,596 - INFO - Success on 13: 200 - {"IIVALUE": "Acetone", "IIVALUEF": 0}
2024-06-27 02:09:15,883 - INFO - Success on 13: 200 - {"IIVALUE": "Sigma Aldrich", "IIVALUEF": 0}
2024-06-27 02:09:17,100 - INFO - Success on 13: 200 - {"IIVALUE": null, "IIVALUEF": 0}
2024-06-27 02:09:17,365 - INFO - Success on 13: 200 - {"IIVALUE": "l", "IIVALUEF": 0}
2024-06-27 02:09:18,606 - INFO - Success on 13: 200 - {"IIVALUE": null, "IIVALUEF": 0}
2024-06-27 02:09:18,863 - INFO - Success on 13: 200 - {"IIVALUE": null, "IIVALUEF": 0}
2024-06-27 02:09:20,124 - INFO - Success on 14: 200 - {"SHORT_DESC": "Chemical & Consumables Container", "RQ_VALUE": "T20240008", "DESCRIPTION": "Chemical & Consumables Container"}
2024-06-27 02:09:21,292 - INFO - Success on 14: 200 - {"StatusTo": 5}
2024-06-27 02:09:21,613 - INFO - Success on 14: 200 - {"IIVALUE": "AS*A", "IIVALUEF": 0}
2024-06-27 02:09:21,903 - INFO - Success on 14: 200 - {"IIVALUE": "4", "IIVALUEF": 0}
2024-06-27 02:09:23,146 - INFO - Success on 14: 200 - {"IIVALUE": "nan", "IIVALUEF": 0}
2024-06-27 02:09:25,167 - INFO - Success on 14: 200 - {"IIVALUE": "nan", "IIVALUEF": 0}
2024-06-27 02:09:25,480 - INFO - Success on 14: 200 - {"IIVALUE": "Research", "IIVALUEF": 0}
2024-06-27 02:09:25,696 - INFO - Success on 14: 200 - {"IIVALUE": null, "IIVALUEF": 0}
2024-06-27 02:09:26,668 - INFO - Success on 14: 200 - {"IIVALUE": null, "IIVALUEF": 0}
2024-06-27 02:09:26,960 - INFO - Success on 14: 200 - {"IIVALUE": null, "IIVALUEF": 0}
2024-06-27 02:09:28,168 - INFO - Success on 14: 200 - {"IIVALUE": null, "IIVALUEF": 0}
2024-06-27 02:09:28,456 - INFO - Success on 14: 200 - {"IIVALUE": "4.0", "IIVALUEF": 0}
2024-06-27 02:09:29,177 - INFO - Success on 14: 200 - {"IIVALUE": null, "IIVALUEF": 0}
2024-06-27 02:09:29,440 - INFO - Success on 14: 200 - {"IIVALUE": "260", "IIVALUEF": 0}
2024-06-27 02:09:30,185 - INFO - Success on 14: 200 - {"IIVALUE": null, "IIVALUEF": 0}
2024-06-27 02:09:30,459 - INFO - Success on 14: 200 - {"IIVALUE": "Acetone", "IIVALUEF": 0}
2024-06-27 02:09:30,761 - INFO - Success on 14: 200 - {"IIVALUE": "Sigma Aldrich", "IIVALUEF": 0}
2024-06-27 02:09:31,704 - INFO - Success on 14: 200 - {"IIVALUE": null, "IIVALUEF": 0}
2024-06-27 02:09:32,004 - INFO - Success on 14: 200 - {"IIVALUE": "l", "IIVALUEF": 0}
2024-06-27 02:09:33,217 - INFO - Success on 14: 200 - {"IIVALUE": null, "IIVALUEF": 0}
2024-06-27 02:09:33,463 - INFO - Success on 14: 200 - {"IIVALUE": null, "IIVALUEF": 0}
2024-06-27 02:09:34,731 - INFO - Success on 15: 200 - {"SHORT_DESC": "Chemical & Consumables Container", "RQ_VALUE": "T20240009", "DESCRIPTION": "Chemical & Consumables Container"}
2024-06-27 02:09:35,899 - INFO - Success on 15: 200 - {"StatusTo": 5}
2024-06-27 02:09:36,163 - INFO - Success on 15: 200 - {"IIVALUE": "AS*A", "IIVALUEF": 0}
2024-06-27 02:09:36,455 - INFO - Success on 15: 200 - {"IIVALUE": "4", "IIVALUEF": 0}
2024-06-27 02:09:37,249 - INFO - Success on 15: 200 - {"IIVALUE": "nan", "IIVALUEF": 0}
2024-06-27 02:09:37,522 - INFO - Success on 15: 200 - {"IIVALUE": "nan", "IIVALUEF": 0}
2024-06-27 02:09:37,794 - INFO - Success on 15: 200 - {"IIVALUE": "Research", "IIVALUEF": 0}
2024-06-27 02:09:38,752 - INFO - Success on 15: 200 - {"IIVALUE": null, "IIVALUEF": 0}
2024-06-27 02:09:38,973 - INFO - Success on 15: 200 - {"IIVALUE": null, "IIVALUEF": 0}
2024-06-27 02:09:40,266 - INFO - Success on 15: 200 - {"IIVALUE": null, "IIVALUEF": 0}
2024-06-27 02:09:40,483 - INFO - Success on 15: 200 - {"IIVALUE": null, "IIVALUEF": 0}
2024-06-27 02:09:41,272 - INFO - Success on 15: 200 - {"IIVALUE": "4.0", "IIVALUEF": 0}
2024-06-27 02:09:42,272 - INFO - Success on 15: 200 - {"IIVALUE": null, "IIVALUEF": 0}
2024-06-27 02:09:42,563 - INFO - Success on 15: 200 - {"IIVALUE": "260", "IIVALUEF": 0}
2024-06-27 02:09:43,801 - INFO - Success on 15: 200 - {"IIVALUE": null, "IIVALUEF": 0}
2024-06-27 02:09:44,064 - INFO - Success on 15: 200 - {"IIVALUE": "Acetone", "IIVALUEF": 0}
2024-06-27 02:09:44,355 - INFO - Success on 15: 200 - {"IIVALUE": "Sigma Aldrich", "IIVALUEF": 0}
2024-06-27 02:09:45,315 - INFO - Success on 15: 200 - {"IIVALUE": null, "IIVALUEF": 0}
2024-06-27 02:09:45,607 - INFO - Success on 15: 200 - {"IIVALUE": "l", "IIVALUEF": 0}
2024-06-27 02:09:45,829 - INFO - Success on 15: 200 - {"IIVALUE": null, "IIVALUEF": 0}
2024-06-27 02:09:46,036 - INFO - Success on 15: 200 - {"IIVALUE": null, "IIVALUEF": 0}
2024-06-27 02:09:46,331 - INFO - Success on 16: 200 - {"SHORT_DESC": "Chemical & Consumables Container", "RQ_VALUE": "T20240010", "DESCRIPTION": "Chemical & Consumables Container"}
2024-06-27 02:09:47,475 - INFO - Success on 16: 200 - {"StatusTo": 5}
2024-06-27 02:09:47,743 - INFO - Success on 16: 200 - {"IIVALUE": "AS*A", "IIVALUEF": 0}
2024-06-27 02:09:48,019 - INFO - Success on 16: 200 - {"IIVALUE": "100", "IIVALUEF": 0}
2024-06-27 02:09:48,293 - INFO - Success on 16: 200 - {"IIVALUE": "nan", "IIVALUEF": 0}
2024-06-27 02:09:48,587 - INFO - Success on 16: 200 - {"IIVALUE": "nan", "IIVALUEF": 0}
2024-06-27 02:09:48,872 - INFO - Success on 16: 200 - {"IIVALUE": " Research", "IIVALUEF": 0}
2024-06-27 02:09:49,088 - INFO - Success on 16: 200 - {"IIVALUE": null, "IIVALUEF": 0}
2024-06-27 02:09:49,330 - INFO - Success on 16: 200 - {"IIVALUE": null, "IIVALUEF": 0}
2024-06-27 02:09:49,605 - INFO - Success on 16: 200 - {"IIVALUE": null, "IIVALUEF": 0}
2024-06-27 02:09:49,832 - INFO - Success on 16: 200 - {"IIVALUE": null, "IIVALUEF": 0}
2024-06-27 02:09:50,127 - INFO - Success on 16: 200 - {"IIVALUE": "100.0", "IIVALUEF": 0}
2024-06-27 02:09:50,375 - INFO - Success on 16: 200 - {"IIVALUE": null, "IIVALUEF": 0}
2024-06-27 02:09:50,646 - INFO - Success on 16: 200 - {"IIVALUE": "311-313", "IIVALUEF": 0}
2024-06-27 02:09:50,858 - INFO - Success on 16: 200 - {"IIVALUE": null, "IIVALUEF": 0}
2024-06-27 02:09:51,140 - INFO - Success on 16: 200 - {"IIVALUE": "Potassium Iodate", "IIVALUEF": 0}
2024-06-27 02:09:51,441 - INFO - Success on 16: 200 - {"IIVALUE": "Merck KGaA", "IIVALUEF": 0}
2024-06-27 02:09:51,663 - INFO - Success on 16: 200 - {"IIVALUE": null, "IIVALUEF": 0}
2024-06-27 02:09:51,945 - INFO - Success on 16: 200 - {"IIVALUE": "g", "IIVALUEF": 0}
2024-06-27 02:09:52,166 - INFO - Success on 16: 200 - {"IIVALUE": null, "IIVALUEF": 0}
2024-06-27 02:09:52,419 - INFO - Success on 16: 200 - {"IIVALUE": null, "IIVALUEF": 0}
2024-06-27 02:09:53,356 - INFO - Success on 17: 200 - {"SHORT_DESC": "Chemical & Consumables Container", "RQ_VALUE": "T20240011", "DESCRIPTION": "Chemical & Consumables Container"}
2024-06-27 02:09:54,506 - INFO - Success on 17: 200 - {"StatusTo": 5}
2024-06-27 02:09:54,784 - INFO - Success on 17: 200 - {"IIVALUE": "AS*A", "IIVALUEF": 0}
2024-06-27 02:09:55,064 - INFO - Success on 17: 200 - {"IIVALUE": "500", "IIVALUEF": 0}
2024-06-27 02:09:55,895 - INFO - Success on 17: 200 - {"IIVALUE": "nan", "IIVALUEF": 0}
2024-06-27 02:09:56,159 - INFO - Success on 17: 200 - {"IIVALUE": "nan", "IIVALUEF": 0}
2024-06-27 02:09:57,394 - INFO - Success on 17: 200 - {"IIVALUE": " Research", "IIVALUEF": 0}
2024-06-27 02:09:57,612 - INFO - Success on 17: 200 - {"IIVALUE": null, "IIVALUEF": 0}
2024-06-27 02:09:58,395 - INFO - Success on 17: 200 - {"IIVALUE": null, "IIVALUEF": 0}
2024-06-27 02:09:58,673 - INFO - Success on 17: 200 - {"IIVALUE": null, "IIVALUEF": 0}
2024-06-27 02:09:59,411 - INFO - Success on 17: 200 - {"IIVALUE": null, "IIVALUEF": 0}
2024-06-27 02:09:59,674 - INFO - Success on 17: 200 - {"IIVALUE": "500.0", "IIVALUEF": 0}
2024-06-27 02:10:00,417 - INFO - Success on 17: 200 - {"IIVALUE": null, "IIVALUEF": 0}
2024-06-27 02:10:00,689 - INFO - Success on 17: 200 - {"IIVALUE": "311-313", "IIVALUEF": 0}
2024-06-27 02:10:00,969 - INFO - Success on 17: 200 - {"IIVALUE": null, "IIVALUEF": 0}
2024-06-27 02:10:01,252 - INFO - Success on 17: 200 - {"IIVALUE": "Potassium Iodide  ", "IIVALUEF": 0}
2024-06-27 02:10:01,525 - INFO - Success on 17: 200 - {"IIVALUE": "Sigma Aldrich", "IIVALUEF": 0}
2024-06-27 02:10:01,799 - INFO - Success on 17: 200 - {"IIVALUE": null, "IIVALUEF": 0}
2024-06-27 02:10:02,119 - INFO - Success on 17: 200 - {"IIVALUE": "g", "IIVALUEF": 0}
2024-06-27 02:10:02,434 - INFO - Success on 17: 200 - {"IIVALUE": null, "IIVALUEF": 0}
2024-06-27 02:10:02,715 - INFO - Success on 17: 200 - {"IIVALUE": null, "IIVALUEF": 0}
2024-06-27 02:10:03,011 - INFO - Success on 18: 200 - {"SHORT_DESC": "Chemical & Consumables Container", "RQ_VALUE": "T20240012", "DESCRIPTION": "Chemical & Consumables Container"}
2024-06-27 02:10:04,160 - INFO - Success on 18: 200 - {"StatusTo": 5}
2024-06-27 02:10:04,454 - INFO - Success on 18: 200 - {"IIVALUE": "AS*A", "IIVALUEF": 0}
2024-06-27 02:10:04,727 - INFO - Success on 18: 200 - {"IIVALUE": "4", "IIVALUEF": 0}
2024-06-27 02:10:05,000 - INFO - Success on 18: 200 - {"IIVALUE": "nan", "IIVALUEF": 0}
2024-06-27 02:10:05,274 - INFO - Success on 18: 200 - {"IIVALUE": "nan", "IIVALUEF": 0}
2024-06-27 02:10:05,543 - INFO - Success on 18: 200 - {"IIVALUE": " Research", "IIVALUEF": 0}
2024-06-27 02:10:05,778 - INFO - Success on 18: 200 - {"IIVALUE": null, "IIVALUEF": 0}
2024-06-27 02:10:05,999 - INFO - Success on 18: 200 - {"IIVALUE": null, "IIVALUEF": 0}
2024-06-27 02:10:06,278 - INFO - Success on 18: 200 - {"IIVALUE": null, "IIVALUEF": 0}
2024-06-27 02:10:06,523 - INFO - Success on 18: 200 - {"IIVALUE": null, "IIVALUEF": 0}
2024-06-27 02:10:06,892 - INFO - Success on 18: 200 - {"IIVALUE": "4.0", "IIVALUEF": 0}
2024-06-27 02:10:07,122 - INFO - Success on 18: 200 - {"IIVALUE": null, "IIVALUEF": 0}
2024-06-27 02:10:07,389 - INFO - Success on 18: 200 - {"IIVALUE": "311-313", "IIVALUEF": 0}
2024-06-27 02:10:07,622 - INFO - Success on 18: 200 - {"IIVALUE": null, "IIVALUEF": 0}
2024-06-27 02:10:07,901 - INFO - Success on 18: 200 - {"IIVALUE": "Sodium Thiosulfate 0.1N", "IIVALUEF": 0}
2024-06-27 02:10:08,195 - INFO - Success on 18: 200 - {"IIVALUE": "Sigma Aldrich", "IIVALUEF": 0}
2024-06-27 02:10:08,406 - INFO - Success on 18: 200 - {"IIVALUE": null, "IIVALUEF": 0}
2024-06-27 02:10:08,689 - INFO - Success on 18: 200 - {"IIVALUE": "l", "IIVALUEF": 0}
2024-06-27 02:10:08,920 - INFO - Success on 18: 200 - {"IIVALUE": null, "IIVALUEF": 0}
2024-06-27 02:10:09,173 - INFO - Success on 18: 200 - {"IIVALUE": null, "IIVALUEF": 0}
2024-06-27 02:10:09,457 - INFO - Success on 19: 200 - {"SHORT_DESC": "Chemical & Consumables Container", "RQ_VALUE": "T20240013", "DESCRIPTION": "Chemical & Consumables Container"}
2024-06-27 02:10:10,616 - INFO - Success on 19: 200 - {"StatusTo": 5}
2024-06-27 02:10:11,485 - INFO - Success on 19: 200 - {"IIVALUE": "CS", "IIVALUEF": 0}
2024-06-27 02:10:11,763 - INFO - Success on 19: 200 - {"IIVALUE": "1", "IIVALUEF": 0}
2024-06-27 02:10:12,998 - INFO - Success on 19: 200 - {"IIVALUE": "nan", "IIVALUEF": 0}
2024-06-27 02:10:13,301 - INFO - Success on 19: 200 - {"IIVALUE": "nan", "IIVALUEF": 0}
2024-06-27 02:10:13,587 - INFO - Success on 19: 200 - {"IIVALUE": "Research", "IIVALUEF": 0}
2024-06-27 02:10:13,809 - INFO - Success on 19: 200 - {"IIVALUE": null, "IIVALUEF": 0}
2024-06-27 02:10:15,006 - INFO - Success on 19: 200 - {"IIVALUE": null, "IIVALUEF": 0}
2024-06-27 02:10:15,273 - INFO - Success on 19: 200 - {"IIVALUE": null, "IIVALUEF": 0}
2024-06-27 02:10:16,023 - INFO - Success on 19: 200 - {"IIVALUE": null, "IIVALUEF": 0}
2024-06-27 02:10:16,300 - INFO - Success on 19: 200 - {"IIVALUE": "1.0", "IIVALUEF": 0}
2024-06-27 02:10:16,517 - INFO - Success on 19: 200 - {"IIVALUE": null, "IIVALUEF": 0}
2024-06-27 02:10:17,525 - INFO - Success on 19: 200 - {"IIVALUE": "364-366", "IIVALUEF": 0}
2024-06-27 02:10:17,748 - INFO - Success on 19: 200 - {"IIVALUE": null, "IIVALUEF": 0}
2024-06-27 02:10:18,049 - INFO - Success on 19: 200 - {"IIVALUE": "Chemlok 6411", "IIVALUEF": 0}
2024-06-27 02:10:19,041 - INFO - Success on 19: 200 - {"IIVALUE": "LORD", "IIVALUEF": 0}
2024-06-27 02:10:19,259 - INFO - Success on 19: 200 - {"IIVALUE": null, "IIVALUEF": 0}
2024-06-27 02:10:19,552 - INFO - Success on 19: 200 - {"IIVALUE": "gal (US)", "IIVALUEF": 0}
2024-06-27 02:10:19,774 - INFO - Success on 19: 200 - {"IIVALUE": null, "IIVALUEF": 0}
2024-06-27 02:10:20,024 - INFO - Success on 19: 200 - {"IIVALUE": null, "IIVALUEF": 0}
2024-06-27 02:10:21,044 - INFO - Success on 20: 200 - {"SHORT_DESC": "Chemical & Consumables Container", "RQ_VALUE": "T20240015", "DESCRIPTION": "Chemical & Consumables Container"}
2024-06-27 02:10:22,191 - INFO - Success on 20: 200 - {"StatusTo": 5}
2024-06-27 02:10:22,471 - INFO - Success on 20: 200 - {"IIVALUE": "AS*A", "IIVALUEF": 0}
2024-06-27 02:10:22,737 - INFO - Success on 20: 200 - {"IIVALUE": "1", "IIVALUEF": 0}
2024-06-27 02:10:22,999 - INFO - Success on 20: 200 - {"IIVALUE": "nan", "IIVALUEF": 0}
2024-06-27 02:10:23,264 - INFO - Success on 20: 200 - {"IIVALUE": "nan", "IIVALUEF": 0}
2024-06-27 02:10:23,545 - INFO - Success on 20: 200 - {"IIVALUE": " Research", "IIVALUEF": 0}
2024-06-27 02:10:24,560 - INFO - Success on 20: 200 - {"IIVALUE": null, "IIVALUEF": 0}
2024-06-27 02:10:25,572 - INFO - Success on 20: 200 - {"IIVALUE": null, "IIVALUEF": 0}
2024-06-27 02:10:25,868 - INFO - Success on 20: 200 - {"IIVALUE": null, "IIVALUEF": 0}
2024-06-27 02:10:26,108 - INFO - Success on 20: 200 - {"IIVALUE": null, "IIVALUEF": 0}
2024-06-27 02:10:26,390 - INFO - Success on 20: 200 - {"IIVALUE": "1.0", "IIVALUEF": 0}
2024-06-27 02:10:26,624 - INFO - Success on 20: 200 - {"IIVALUE": null, "IIVALUEF": 0}
2024-06-27 02:10:27,587 - INFO - Success on 20: 200 - {"IIVALUE": "311-313", "IIVALUEF": 0}
2024-06-27 02:10:27,807 - INFO - Success on 20: 200 - {"IIVALUE": null, "IIVALUEF": 0}
2024-06-27 02:10:28,587 - INFO - Success on 20: 200 - {"IIVALUE": "Acetic Acid", "IIVALUEF": 0}
2024-06-27 02:10:28,866 - INFO - Success on 20: 200 - {"IIVALUE": "Sigma Aldrich", "IIVALUEF": 0}
2024-06-27 02:10:29,089 - INFO - Success on 20: 200 - {"IIVALUE": null, "IIVALUEF": 0}
2024-06-27 02:10:30,097 - INFO - Success on 20: 200 - {"IIVALUE": "l", "IIVALUEF": 0}
2024-06-27 02:10:30,335 - INFO - Success on 20: 200 - {"IIVALUE": null, "IIVALUEF": 0}
2024-06-27 02:10:30,601 - INFO - Success on 20: 200 - {"IIVALUE": null, "IIVALUEF": 0}
2024-06-27 02:10:30,924 - INFO - Success on 21: 200 - {"SHORT_DESC": "Chemical & Consumables Container", "RQ_VALUE": "T20240016", "DESCRIPTION": "Chemical & Consumables Container"}
2024-06-27 02:10:32,068 - INFO - Success on 21: 200 - {"StatusTo": 5}
2024-06-27 02:10:32,344 - INFO - Success on 21: 200 - {"IIVALUE": "AS*A", "IIVALUEF": 0}
2024-06-27 02:10:32,616 - INFO - Success on 21: 200 - {"IIVALUE": "1", "IIVALUEF": 0}
2024-06-27 02:10:32,909 - INFO - Success on 21: 200 - {"IIVALUE": "nan", "IIVALUEF": 0}
2024-06-27 02:10:33,185 - INFO - Success on 21: 200 - {"IIVALUE": "nan", "IIVALUEF": 0}
2024-06-27 02:10:33,450 - INFO - Success on 21: 200 - {"IIVALUE": " Research", "IIVALUEF": 0}
2024-06-27 02:10:33,674 - INFO - Success on 21: 200 - {"IIVALUE": null, "IIVALUEF": 0}
2024-06-27 02:10:33,902 - INFO - Success on 21: 200 - {"IIVALUE": null, "IIVALUEF": 0}
2024-06-27 02:10:35,140 - INFO - Success on 21: 200 - {"IIVALUE": null, "IIVALUEF": 0}
2024-06-27 02:10:35,468 - INFO - Success on 21: 200 - {"IIVALUE": null, "IIVALUEF": 0}
2024-06-27 02:10:35,812 - INFO - Success on 21: 200 - {"IIVALUE": "1.0", "IIVALUEF": 0}
2024-06-27 02:10:36,073 - INFO - Success on 21: 200 - {"IIVALUE": null, "IIVALUEF": 0}
2024-06-27 02:10:38,159 - INFO - Success on 21: 200 - {"IIVALUE": "311-313", "IIVALUEF": 0}
2024-06-27 02:10:38,436 - INFO - Success on 21: 200 - {"IIVALUE": null, "IIVALUEF": 0}
2024-06-27 02:10:38,849 - INFO - Success on 21: 200 - {"IIVALUE": "Ceric Ammonium Sulfate 0.100N in 1N Sulfuric Acid", "IIVALUEF": 0}
2024-06-27 02:10:39,928 - INFO - Success on 21: 200 - {"IIVALUE": "Ricca", "IIVALUEF": 0}
2024-06-27 02:10:40,151 - INFO - Success on 21: 200 - {"IIVALUE": null, "IIVALUEF": 0}
2024-06-27 02:10:40,425 - INFO - Success on 21: 200 - {"IIVALUE": "l", "IIVALUEF": 0}
2024-06-27 02:10:40,646 - INFO - Success on 21: 200 - {"IIVALUE": null, "IIVALUEF": 0}
2024-06-27 02:10:41,670 - INFO - Success on 21: 200 - {"IIVALUE": null, "IIVALUEF": 0}
2024-06-27 02:10:41,975 - INFO - Success on 22: 200 - {"SHORT_DESC": "Chemical & Consumables Container", "RQ_VALUE": "T20240017", "DESCRIPTION": "Chemical & Consumables Container"}
2024-06-27 02:10:43,129 - INFO - Success on 22: 200 - {"StatusTo": 5}
2024-06-27 02:10:43,401 - INFO - Success on 22: 200 - {"IIVALUE": "AS*A", "IIVALUEF": 0}
2024-06-27 02:10:44,678 - INFO - Success on 22: 200 - {"IIVALUE": "4", "IIVALUEF": 0}
2024-06-27 02:10:44,954 - INFO - Success on 22: 200 - {"IIVALUE": "nan", "IIVALUEF": 0}
2024-06-27 02:10:45,238 - INFO - Success on 22: 200 - {"IIVALUE": "nan", "IIVALUEF": 0}
2024-06-27 02:10:46,184 - INFO - Success on 22: 200 - {"IIVALUE": "Research", "IIVALUEF": 0}
2024-06-27 02:10:46,445 - INFO - Success on 22: 200 - {"IIVALUE": null, "IIVALUEF": 0}
2024-06-27 02:10:46,692 - INFO - Success on 22: 200 - {"IIVALUE": null, "IIVALUEF": 0}
2024-06-27 02:10:47,696 - INFO - Success on 22: 200 - {"IIVALUE": null, "IIVALUEF": 0}
2024-06-27 02:10:47,916 - INFO - Success on 22: 200 - {"IIVALUE": null, "IIVALUEF": 0}
2024-06-27 02:10:48,193 - INFO - Success on 22: 200 - {"IIVALUE": "4.0", "IIVALUEF": 0}
2024-06-27 02:10:48,426 - INFO - Success on 22: 200 - {"IIVALUE": null, "IIVALUEF": 0}
2024-06-27 02:10:49,211 - INFO - Success on 22: 200 - {"IIVALUE": "260", "IIVALUEF": 0}
2024-06-27 02:10:49,429 - INFO - Success on 22: 200 - {"IIVALUE": null, "IIVALUEF": 0}
2024-06-27 02:10:49,700 - INFO - Success on 22: 200 - {"IIVALUE": "Heptane", "IIVALUEF": 0}
2024-06-27 02:10:50,712 - INFO - Success on 22: 200 - {"IIVALUE": "Sigma Aldrich", "IIVALUEF": 0}
2024-06-27 02:10:50,930 - INFO - Success on 22: 200 - {"IIVALUE": null, "IIVALUEF": 0}
2024-06-27 02:10:51,189 - INFO - Success on 22: 200 - {"IIVALUE": "l", "IIVALUEF": 0}
2024-06-27 02:10:52,225 - INFO - Success on 22: 200 - {"IIVALUE": null, "IIVALUEF": 0}
2024-06-27 02:10:52,439 - INFO - Success on 22: 200 - {"IIVALUE": null, "IIVALUEF": 0}
2024-06-27 02:10:53,723 - INFO - Success on 23: 200 - {"SHORT_DESC": "Chemical & Consumables Container", "RQ_VALUE": "T20240018", "DESCRIPTION": "Chemical & Consumables Container"}
2024-06-27 02:10:54,882 - INFO - Success on 23: 200 - {"StatusTo": 5}
2024-06-27 02:10:55,175 - INFO - Success on 23: 200 - {"IIVALUE": "AS*A", "IIVALUEF": 0}
2024-06-27 02:10:55,446 - INFO - Success on 23: 200 - {"IIVALUE": "4", "IIVALUEF": 0}
2024-06-27 02:10:55,709 - INFO - Success on 23: 200 - {"IIVALUE": "nan", "IIVALUEF": 0}
2024-06-27 02:10:55,968 - INFO - Success on 23: 200 - {"IIVALUE": "nan", "IIVALUEF": 0}
2024-06-27 02:10:56,248 - INFO - Success on 23: 200 - {"IIVALUE": "Research", "IIVALUEF": 0}
2024-06-27 02:10:56,470 - INFO - Success on 23: 200 - {"IIVALUE": null, "IIVALUEF": 0}
2024-06-27 02:10:56,711 - INFO - Success on 23: 200 - {"IIVALUE": null, "IIVALUEF": 0}
2024-06-27 02:10:57,006 - INFO - Success on 23: 200 - {"IIVALUE": null, "IIVALUEF": 0}
2024-06-27 02:10:57,216 - INFO - Success on 23: 200 - {"IIVALUE": null, "IIVALUEF": 0}
2024-06-27 02:10:57,545 - INFO - Success on 23: 200 - {"IIVALUE": "4.0", "IIVALUEF": 0}
2024-06-27 02:10:57,767 - INFO - Success on 23: 200 - {"IIVALUE": null, "IIVALUEF": 0}
2024-06-27 02:10:58,058 - INFO - Success on 23: 200 - {"IIVALUE": "260", "IIVALUEF": 0}
2024-06-27 02:10:58,282 - INFO - Success on 23: 200 - {"IIVALUE": null, "IIVALUEF": 0}
2024-06-27 02:10:58,590 - INFO - Success on 23: 200 - {"IIVALUE": "Heptane", "IIVALUEF": 0}
2024-06-27 02:10:58,849 - INFO - Success on 23: 200 - {"IIVALUE": "Sigma Aldrich", "IIVALUEF": 0}
2024-06-27 02:10:59,125 - INFO - Success on 23: 200 - {"IIVALUE": null, "IIVALUEF": 0}
2024-06-27 02:10:59,413 - INFO - Success on 23: 200 - {"IIVALUE": "l", "IIVALUEF": 0}
2024-06-27 02:10:59,637 - INFO - Success on 23: 200 - {"IIVALUE": null, "IIVALUEF": 0}
2024-06-27 02:10:59,877 - INFO - Success on 23: 200 - {"IIVALUE": null, "IIVALUEF": 0}
2024-06-27 02:11:00,147 - INFO - Success on 24: 200 - {"SHORT_DESC": "Chemical & Consumables Container", "RQ_VALUE": "T20240019", "DESCRIPTION": "Chemical & Consumables Container"}
2024-06-27 02:11:01,300 - INFO - Success on 24: 200 - {"StatusTo": 5}
2024-06-27 02:11:01,589 - INFO - Success on 24: 200 - {"IIVALUE": "AS*A", "IIVALUEF": 0}
2024-06-27 02:11:01,860 - INFO - Success on 24: 200 - {"IIVALUE": "4", "IIVALUEF": 0}
2024-06-27 02:11:02,131 - INFO - Success on 24: 200 - {"IIVALUE": "nan", "IIVALUEF": 0}
2024-06-27 02:11:02,406 - INFO - Success on 24: 200 - {"IIVALUE": "nan", "IIVALUEF": 0}
2024-06-27 02:11:02,682 - INFO - Success on 24: 200 - {"IIVALUE": "Research", "IIVALUEF": 0}
2024-06-27 02:11:02,931 - INFO - Success on 24: 200 - {"IIVALUE": null, "IIVALUEF": 0}
2024-06-27 02:11:03,151 - INFO - Success on 24: 200 - {"IIVALUE": null, "IIVALUEF": 0}
2024-06-27 02:11:03,434 - INFO - Success on 24: 200 - {"IIVALUE": null, "IIVALUEF": 0}
2024-06-27 02:11:03,684 - INFO - Success on 24: 200 - {"IIVALUE": null, "IIVALUEF": 0}
2024-06-27 02:11:03,971 - INFO - Success on 24: 200 - {"IIVALUE": "4.0", "IIVALUEF": 0}
2024-06-27 02:11:04,192 - INFO - Success on 24: 200 - {"IIVALUE": null, "IIVALUEF": 0}
2024-06-27 02:11:04,471 - INFO - Success on 24: 200 - {"IIVALUE": "260", "IIVALUEF": 0}
2024-06-27 02:11:04,687 - INFO - Success on 24: 200 - {"IIVALUE": null, "IIVALUEF": 0}
2024-06-27 02:11:04,960 - INFO - Success on 24: 200 - {"IIVALUE": "Heptane", "IIVALUEF": 0}
2024-06-27 02:11:05,226 - INFO - Success on 24: 200 - {"IIVALUE": "Sigma Aldrich", "IIVALUEF": 0}
2024-06-27 02:11:05,484 - INFO - Success on 24: 200 - {"IIVALUE": null, "IIVALUEF": 0}
2024-06-27 02:11:05,748 - INFO - Success on 24: 200 - {"IIVALUE": "l", "IIVALUEF": 0}
2024-06-27 02:11:05,964 - INFO - Success on 24: 200 - {"IIVALUE": null, "IIVALUEF": 0}
2024-06-27 02:11:06,179 - INFO - Success on 24: 200 - {"IIVALUE": null, "IIVALUEF": 0}
2024-06-27 02:11:07,353 - INFO - Success on 25: 200 - {"SHORT_DESC": "Chemical & Consumables Container", "RQ_VALUE": "T20240020", "DESCRIPTION": "Chemical & Consumables Container"}
2024-06-27 02:11:08,496 - INFO - Success on 25: 200 - {"StatusTo": 5}
2024-06-27 02:11:08,761 - INFO - Success on 25: 200 - {"IIVALUE": "AS*A", "IIVALUEF": 0}
2024-06-27 02:11:09,069 - INFO - Success on 25: 200 - {"IIVALUE": "4", "IIVALUEF": 0}
2024-06-27 02:11:09,331 - INFO - Success on 25: 200 - {"IIVALUE": "nan", "IIVALUEF": 0}
2024-06-27 02:11:09,623 - INFO - Success on 25: 200 - {"IIVALUE": "nan", "IIVALUEF": 0}
2024-06-27 02:11:09,916 - INFO - Success on 25: 200 - {"IIVALUE": "Research", "IIVALUEF": 0}
2024-06-27 02:11:10,878 - INFO - Success on 25: 200 - {"IIVALUE": null, "IIVALUEF": 0}
2024-06-27 02:11:11,095 - INFO - Success on 25: 200 - {"IIVALUE": null, "IIVALUEF": 0}
2024-06-27 02:11:11,366 - INFO - Success on 25: 200 - {"IIVALUE": null, "IIVALUEF": 0}
2024-06-27 02:11:11,583 - INFO - Success on 25: 200 - {"IIVALUE": null, "IIVALUEF": 0}
2024-06-27 02:11:11,845 - INFO - Success on 25: 200 - {"IIVALUE": "4.0", "IIVALUEF": 0}
2024-06-27 02:11:12,059 - INFO - Success on 25: 200 - {"IIVALUE": null, "IIVALUEF": 0}
2024-06-27 02:11:12,321 - INFO - Success on 25: 200 - {"IIVALUE": "260", "IIVALUEF": 0}
2024-06-27 02:11:12,536 - INFO - Success on 25: 200 - {"IIVALUE": null, "IIVALUEF": 0}
2024-06-27 02:11:12,825 - INFO - Success on 25: 200 - {"IIVALUE": "Heptane", "IIVALUEF": 0}
2024-06-27 02:11:13,091 - INFO - Success on 25: 200 - {"IIVALUE": "Sigma Aldrich", "IIVALUEF": 0}
2024-06-27 02:11:13,308 - INFO - Success on 25: 200 - {"IIVALUE": null, "IIVALUEF": 0}
2024-06-27 02:11:13,563 - INFO - Success on 25: 200 - {"IIVALUE": "l", "IIVALUEF": 0}
2024-06-27 02:11:13,784 - INFO - Success on 25: 200 - {"IIVALUE": null, "IIVALUEF": 0}
2024-06-27 02:11:14,005 - INFO - Success on 25: 200 - {"IIVALUE": null, "IIVALUEF": 0}
2024-06-27 02:11:14,275 - INFO - Success on 26: 200 - {"SHORT_DESC": "Chemical & Consumables Container", "RQ_VALUE": "T20240022", "DESCRIPTION": "Chemical & Consumables Container"}
2024-06-27 02:11:15,424 - INFO - Success on 26: 200 - {"StatusTo": 5}
2024-06-27 02:11:15,733 - INFO - Success on 26: 200 - {"IIVALUE": "CS", "IIVALUEF": 0}
2024-06-27 02:11:15,999 - INFO - Success on 26: 200 - {"IIVALUE": "50", "IIVALUEF": 0}
2024-06-27 02:11:16,292 - INFO - Success on 26: 200 - {"IIVALUE": "nan", "IIVALUEF": 0}
2024-06-27 02:11:16,579 - INFO - Success on 26: 200 - {"IIVALUE": "nan", "IIVALUEF": 0}
2024-06-27 02:11:16,852 - INFO - Success on 26: 200 - {"IIVALUE": "Research", "IIVALUEF": 0}
2024-06-27 02:11:17,075 - INFO - Success on 26: 200 - {"IIVALUE": null, "IIVALUEF": 0}
2024-06-27 02:11:17,293 - INFO - Success on 26: 200 - {"IIVALUE": null, "IIVALUEF": 0}
2024-06-27 02:11:17,575 - INFO - Success on 26: 200 - {"IIVALUE": null, "IIVALUEF": 0}
2024-06-27 02:11:17,794 - INFO - Success on 26: 200 - {"IIVALUE": null, "IIVALUEF": 0}
2024-06-27 02:11:18,094 - INFO - Success on 26: 200 - {"IIVALUE": "50.0", "IIVALUEF": 0}
2024-06-27 02:11:18,318 - INFO - Success on 26: 200 - {"IIVALUE": null, "IIVALUEF": 0}
2024-06-27 02:11:18,615 - INFO - Success on 26: 200 - {"IIVALUE": "338", "IIVALUEF": 0}
2024-06-27 02:11:18,834 - INFO - Success on 26: 200 - {"IIVALUE": null, "IIVALUEF": 0}
2024-06-27 02:11:19,098 - INFO - Success on 26: 200 - {"IIVALUE": "Loctite EA E-40FL", "IIVALUEF": 0}
2024-06-27 02:11:19,369 - INFO - Success on 26: 200 - {"IIVALUE": "Loctite", "IIVALUEF": 0}
2024-06-27 02:11:19,580 - INFO - Success on 26: 200 - {"IIVALUE": null, "IIVALUEF": 0}
2024-06-27 02:11:19,852 - INFO - Success on 26: 200 - {"IIVALUE": "mL", "IIVALUEF": 0}
2024-06-27 02:11:20,069 - INFO - Success on 26: 200 - {"IIVALUE": null, "IIVALUEF": 0}
2024-06-27 02:11:20,302 - INFO - Success on 26: 200 - {"IIVALUE": null, "IIVALUEF": 0}
2024-06-27 02:11:20,568 - INFO - Success on 27: 200 - {"SHORT_DESC": "Chemical & Consumables Container", "RQ_VALUE": "T20240029", "DESCRIPTION": "Chemical & Consumables Container"}
2024-06-27 02:11:21,702 - INFO - Success on 27: 200 - {"StatusTo": 5}
2024-06-27 02:11:21,969 - INFO - Success on 27: 200 - {"IIVALUE": "AS*A", "IIVALUEF": 0}
2024-06-27 02:11:22,258 - INFO - Success on 27: 200 - {"IIVALUE": "4", "IIVALUEF": 0}
2024-06-27 02:11:22,521 - INFO - Success on 27: 200 - {"IIVALUE": "nan", "IIVALUEF": 0}
2024-06-27 02:11:23,446 - INFO - Success on 27: 200 - {"IIVALUE": "nan", "IIVALUEF": 0}
2024-06-27 02:11:24,470 - INFO - Success on 27: 200 - {"IIVALUE": "Research", "IIVALUEF": 0}
2024-06-27 02:11:25,476 - INFO - Success on 27: 200 - {"IIVALUE": null, "IIVALUEF": 0}
2024-06-27 02:11:25,715 - INFO - Success on 27: 200 - {"IIVALUE": null, "IIVALUEF": 0}
2024-06-27 02:11:25,998 - INFO - Success on 27: 200 - {"IIVALUE": null, "IIVALUEF": 0}
2024-06-27 02:11:26,217 - INFO - Success on 27: 200 - {"IIVALUE": null, "IIVALUEF": 0}
2024-06-27 02:11:26,498 - INFO - Success on 27: 200 - {"IIVALUE": "4.0", "IIVALUEF": 0}
2024-06-27 02:11:27,499 - INFO - Success on 27: 200 - {"IIVALUE": null, "IIVALUEF": 0}
2024-06-27 02:11:27,821 - INFO - Success on 27: 200 - {"IIVALUE": "311-313", "IIVALUEF": 0}
2024-06-27 02:11:28,036 - INFO - Success on 27: 200 - {"IIVALUE": null, "IIVALUEF": 0}
2024-06-27 02:11:29,005 - INFO - Success on 27: 200 - {"IIVALUE": "Iodine Solution 0.0473N", "IIVALUEF": 0}
2024-06-27 02:11:29,268 - INFO - Success on 27: 200 - {"IIVALUE": "Ricca", "IIVALUEF": 0}
2024-06-27 02:11:29,496 - INFO - Success on 27: 200 - {"IIVALUE": null, "IIVALUEF": 0}
2024-06-27 02:11:29,762 - INFO - Success on 27: 200 - {"IIVALUE": "l", "IIVALUEF": 0}
2024-06-27 02:11:30,025 - INFO - Success on 27: 200 - {"IIVALUE": null, "IIVALUEF": 0}
2024-06-27 02:11:30,255 - INFO - Success on 27: 200 - {"IIVALUE": null, "IIVALUEF": 0}
2024-06-27 02:11:30,519 - INFO - Success on 28: 200 - {"SHORT_DESC": "Chemical & Consumables Container", "RQ_VALUE": "T20240030", "DESCRIPTION": "Chemical & Consumables Container"}
2024-06-27 02:11:31,661 - INFO - Success on 28: 200 - {"StatusTo": 5}
2024-06-27 02:11:31,966 - INFO - Success on 28: 200 - {"IIVALUE": "AS*A", "IIVALUEF": 0}
2024-06-27 02:11:32,231 - INFO - Success on 28: 200 - {"IIVALUE": "4", "IIVALUEF": 0}
2024-06-27 02:11:32,505 - INFO - Success on 28: 200 - {"IIVALUE": "nan", "IIVALUEF": 0}
2024-06-27 02:11:32,772 - INFO - Success on 28: 200 - {"IIVALUE": "nan", "IIVALUEF": 0}
2024-06-27 02:11:34,031 - INFO - Success on 28: 200 - {"IIVALUE": "Research", "IIVALUEF": 0}
2024-06-27 02:11:34,239 - INFO - Success on 28: 200 - {"IIVALUE": null, "IIVALUEF": 0}
2024-06-27 02:11:34,458 - INFO - Success on 28: 200 - {"IIVALUE": null, "IIVALUEF": 0}
2024-06-27 02:11:35,539 - INFO - Success on 28: 200 - {"IIVALUE": null, "IIVALUEF": 0}
2024-06-27 02:11:36,535 - INFO - Success on 28: 200 - {"IIVALUE": null, "IIVALUEF": 0}
2024-06-27 02:11:36,809 - INFO - Success on 28: 200 - {"IIVALUE": "4.0", "IIVALUEF": 0}
2024-06-27 02:11:37,059 - INFO - Success on 28: 200 - {"IIVALUE": null, "IIVALUEF": 0}
2024-06-27 02:11:37,340 - INFO - Success on 28: 200 - {"IIVALUE": "311-313", "IIVALUEF": 0}
2024-06-27 02:11:37,578 - INFO - Success on 28: 200 - {"IIVALUE": null, "IIVALUEF": 0}
2024-06-27 02:11:37,844 - INFO - Success on 28: 200 - {"IIVALUE": "Cyclohexane", "IIVALUEF": 0}
2024-06-27 02:11:38,116 - INFO - Success on 28: 200 - {"IIVALUE": "Sigma-Aldrich", "IIVALUEF": 0}
2024-06-27 02:11:38,344 - INFO - Success on 28: 200 - {"IIVALUE": null, "IIVALUEF": 0}
2024-06-27 02:11:39,547 - INFO - Success on 28: 200 - {"IIVALUE": "l", "IIVALUEF": 0}
2024-06-27 02:11:39,764 - INFO - Success on 28: 200 - {"IIVALUE": null, "IIVALUEF": 0}
2024-06-27 02:11:40,013 - INFO - Success on 28: 200 - {"IIVALUE": null, "IIVALUEF": 0}
2024-06-27 02:11:41,050 - INFO - Success on 29: 200 - {"SHORT_DESC": "Chemical & Consumables Container", "RQ_VALUE": "T20240031", "DESCRIPTION": "Chemical & Consumables Container"}
2024-06-27 02:11:42,195 - INFO - Success on 29: 200 - {"StatusTo": 5}
2024-06-27 02:11:42,484 - INFO - Success on 29: 200 - {"IIVALUE": "AS*A", "IIVALUEF": 0}
2024-06-27 02:11:42,772 - INFO - Success on 29: 200 - {"IIVALUE": "4", "IIVALUEF": 0}
2024-06-27 02:11:43,071 - INFO - Success on 29: 200 - {"IIVALUE": "nan", "IIVALUEF": 0}
2024-06-27 02:11:43,333 - INFO - Success on 29: 200 - {"IIVALUE": "nan", "IIVALUEF": 0}
2024-06-27 02:11:44,579 - INFO - Success on 29: 200 - {"IIVALUE": "Research", "IIVALUEF": 0}
2024-06-27 02:11:44,794 - INFO - Success on 29: 200 - {"IIVALUE": null, "IIVALUEF": 0}
2024-06-27 02:11:45,041 - INFO - Success on 29: 200 - {"IIVALUE": null, "IIVALUEF": 0}
2024-06-27 02:11:45,310 - INFO - Success on 29: 200 - {"IIVALUE": null, "IIVALUEF": 0}
2024-06-27 02:11:46,082 - INFO - Success on 29: 200 - {"IIVALUE": null, "IIVALUEF": 0}
2024-06-27 02:11:46,351 - INFO - Success on 29: 200 - {"IIVALUE": "4.0", "IIVALUEF": 0}
2024-06-27 02:11:46,581 - INFO - Success on 29: 200 - {"IIVALUE": null, "IIVALUEF": 0}
2024-06-27 02:11:46,870 - INFO - Success on 29: 200 - {"IIVALUE": "260", "IIVALUEF": 0}
2024-06-27 02:11:47,080 - INFO - Success on 29: 200 - {"IIVALUE": null, "IIVALUEF": 0}
2024-06-27 02:11:48,084 - INFO - Success on 29: 200 - {"IIVALUE": "Cyclohexane", "IIVALUEF": 0}
2024-06-27 02:11:48,351 - INFO - Success on 29: 200 - {"IIVALUE": "Sigma-Aldrich", "IIVALUEF": 0}
2024-06-27 02:11:48,569 - INFO - Success on 29: 200 - {"IIVALUE": null, "IIVALUEF": 0}
2024-06-27 02:11:48,859 - INFO - Success on 29: 200 - {"IIVALUE": "l", "IIVALUEF": 0}
2024-06-27 02:11:49,070 - INFO - Success on 29: 200 - {"IIVALUE": null, "IIVALUEF": 0}
2024-06-27 02:11:51,097 - INFO - Success on 29: 200 - {"IIVALUE": null, "IIVALUEF": 0}
2024-06-27 02:11:51,357 - INFO - Success on 30: 200 - {"SHORT_DESC": "Chemical & Consumables Container", "RQ_VALUE": "T20240032", "DESCRIPTION": "Chemical & Consumables Container"}
2024-06-27 02:11:52,518 - INFO - Success on 30: 200 - {"StatusTo": 5}
2024-06-27 02:11:52,814 - INFO - Success on 30: 200 - {"IIVALUE": "AS*A", "IIVALUEF": 0}
2024-06-27 02:11:53,088 - INFO - Success on 30: 200 - {"IIVALUE": "4", "IIVALUEF": 0}
2024-06-27 02:11:53,353 - INFO - Success on 30: 200 - {"IIVALUE": "nan", "IIVALUEF": 0}
2024-06-27 02:11:53,615 - INFO - Success on 30: 200 - {"IIVALUE": "nan", "IIVALUEF": 0}
2024-06-27 02:11:53,878 - INFO - Success on 30: 200 - {"IIVALUE": "Research", "IIVALUEF": 0}
2024-06-27 02:11:54,107 - INFO - Success on 30: 200 - {"IIVALUE": null, "IIVALUEF": 0}
2024-06-27 02:11:54,333 - INFO - Success on 30: 200 - {"IIVALUE": null, "IIVALUEF": 0}
2024-06-27 02:11:54,628 - INFO - Success on 30: 200 - {"IIVALUE": null, "IIVALUEF": 0}
2024-06-27 02:11:54,855 - INFO - Success on 30: 200 - {"IIVALUE": null, "IIVALUEF": 0}
2024-06-27 02:11:55,124 - INFO - Success on 30: 200 - {"IIVALUE": "4.0", "IIVALUEF": 0}
2024-06-27 02:11:55,336 - INFO - Success on 30: 200 - {"IIVALUE": null, "IIVALUEF": 0}
2024-06-27 02:11:55,656 - INFO - Success on 30: 200 - {"IIVALUE": "260", "IIVALUEF": 0}
2024-06-27 02:11:55,901 - INFO - Success on 30: 200 - {"IIVALUE": null, "IIVALUEF": 0}
2024-06-27 02:11:56,176 - INFO - Success on 30: 200 - {"IIVALUE": "Cyclohexane", "IIVALUEF": 0}
2024-06-27 02:11:56,451 - INFO - Success on 30: 200 - {"IIVALUE": "Sigma-Aldrich", "IIVALUEF": 0}
2024-06-27 02:11:56,662 - INFO - Success on 30: 200 - {"IIVALUE": null, "IIVALUEF": 0}
2024-06-27 02:11:56,932 - INFO - Success on 30: 200 - {"IIVALUE": "l", "IIVALUEF": 0}
2024-06-27 02:11:57,146 - INFO - Success on 30: 200 - {"IIVALUE": null, "IIVALUEF": 0}
2024-06-27 02:11:58,117 - INFO - Success on 30: 200 - {"IIVALUE": null, "IIVALUEF": 0}
2024-06-27 02:11:58,377 - INFO - Success on 31: 200 - {"SHORT_DESC": "Chemical & Consumables Container", "RQ_VALUE": "T20240033", "DESCRIPTION": "Chemical & Consumables Container"}
2024-06-27 02:11:59,504 - ERROR - Error at 30: 500 Server Error: Internal Server Error for url: https://opcenter-test.goodyear.com/OpcenterRDnLGIL/odata/RndvRq(7883)/ChangeStatus - {'StatusTo': 5}
2024-06-27 02:11:59,774 - INFO - Success on 31: 200 - {"IIVALUE": "AS*A", "IIVALUEF": 0}
2024-06-27 02:12:00,046 - INFO - Success on 31: 200 - {"IIVALUE": "4", "IIVALUEF": 0}
2024-06-27 02:12:00,325 - INFO - Success on 31: 200 - {"IIVALUE": "nan", "IIVALUEF": 0}
2024-06-27 02:12:00,601 - INFO - Success on 31: 200 - {"IIVALUE": "nan", "IIVALUEF": 0}
2024-06-27 02:12:00,868 - INFO - Success on 31: 200 - {"IIVALUE": "Research", "IIVALUEF": 0}
2024-06-27 02:12:01,085 - INFO - Success on 31: 200 - {"IIVALUE": null, "IIVALUEF": 0}
2024-06-27 02:12:01,343 - INFO - Success on 31: 200 - {"IIVALUE": null, "IIVALUEF": 0}
2024-06-27 02:12:01,632 - INFO - Success on 31: 200 - {"IIVALUE": null, "IIVALUEF": 0}
2024-06-27 02:12:01,849 - INFO - Success on 31: 200 - {"IIVALUE": null, "IIVALUEF": 0}
2024-06-27 02:12:02,115 - INFO - Success on 31: 200 - {"IIVALUE": "4.0", "IIVALUEF": 0}
2024-06-27 02:12:02,359 - INFO - Success on 31: 200 - {"IIVALUE": null, "IIVALUEF": 0}
2024-06-27 02:12:02,642 - INFO - Success on 31: 200 - {"IIVALUE": "260", "IIVALUEF": 0}
2024-06-27 02:12:02,854 - INFO - Success on 31: 200 - {"IIVALUE": null, "IIVALUEF": 0}
2024-06-27 02:12:03,132 - INFO - Success on 31: 200 - {"IIVALUE": "Cyclohexane", "IIVALUEF": 0}
2024-06-27 02:12:04,146 - INFO - Success on 31: 200 - {"IIVALUE": "Sigma-Aldrich", "IIVALUEF": 0}
2024-06-27 02:12:04,366 - INFO - Success on 31: 200 - {"IIVALUE": null, "IIVALUEF": 0}
2024-06-27 02:12:04,685 - INFO - Success on 31: 200 - {"IIVALUE": "l", "IIVALUEF": 0}
2024-06-27 02:12:04,899 - INFO - Success on 31: 200 - {"IIVALUE": null, "IIVALUEF": 0}
2024-06-27 02:12:05,140 - INFO - Success on 31: 200 - {"IIVALUE": null, "IIVALUEF": 0}
