2024-06-27 02:39:44,503 - INFO - Success on 1: 200 - {"SHORT_DESC": "Chemical & Consumables Container", "RQ_VALUE": "T20040479", "DESCRIPTION": "Chemical & Consumables Container"}
2024-06-27 02:39:45,676 - INFO - Success on 1: 200 - {"StatusTo": 5}
2024-06-27 02:39:45,963 - INFO - Success on 1: 200 - {"IIVALUE": "AS*A", "IIVALUEF": 0}
2024-06-27 02:39:46,247 - INFO - Success on 1: 200 - {"IIVALUE": "25", "IIVALUEF": 0}
2024-06-27 02:39:46,517 - INFO - Success on 1: 200 - {"IIVALUE": null, "IIVALUEF": 0}
2024-06-27 02:39:46,747 - INFO - Success on 1: 200 - {"IIVALUE": null, "IIVALUEF": 0}
2024-06-27 02:39:47,019 - INFO - Success on 1: 200 - {"IIVALUE": " Research", "IIVALUEF": 0}
2024-06-27 02:39:47,235 - INFO - Success on 1: 200 - {"IIVALUE": null, "IIVALUEF": 0}
2024-06-27 02:39:47,453 - INFO - Success on 1: 200 - {"IIVALUE": null, "IIVALUEF": 0}
2024-06-27 02:39:47,728 - INFO - Success on 1: 200 - {"IIVALUE": null, "IIVALUEF": 0}
2024-06-27 02:39:47,957 - INFO - Success on 1: 200 - {"IIVALUE": null, "IIVALUEF": 0}
2024-06-27 02:39:48,247 - INFO - Success on 1: 200 - {"IIVALUE": "25.0", "IIVALUEF": 0}
2024-06-27 02:39:48,475 - INFO - Success on 1: 200 - {"IIVALUE": null, "IIVALUEF": 0}
2024-06-27 02:39:48,754 - INFO - Success on 1: 200 - {"IIVALUE": "210-212", "IIVALUEF": 0}
2024-06-27 02:39:48,968 - INFO - Success on 1: 200 - {"IIVALUE": null, "IIVALUEF": 0}
2024-06-27 02:39:49,224 - INFO - Success on 1: 200 - {"IIVALUE": "TETRABUTYLAMMONIUM BROMIDE", "IIVALUEF": 0}
2024-06-27 02:39:49,502 - INFO - Success on 1: 200 - {"IIVALUE": "ALDRICH", "IIVALUEF": 0}
2024-06-27 02:39:49,759 - INFO - Success on 1: 200 - {"IIVALUE": null, "IIVALUEF": 0}
2024-06-27 02:39:50,056 - INFO - Success on 1: 200 - {"IIVALUE": "g", "IIVALUEF": 0}
2024-06-27 02:39:50,288 - INFO - Success on 1: 200 - {"IIVALUE": null, "IIVALUEF": 0}
2024-06-27 02:39:50,511 - INFO - Success on 1: 200 - {"IIVALUE": null, "IIVALUEF": 0}
2024-06-27 02:39:50,807 - INFO - Success on 2: 200 - {"SHORT_DESC": "Chemical & Consumables Container", "RQ_VALUE": "T20160730", "DESCRIPTION": "Chemical & Consumables Container"}
2024-06-27 02:39:51,990 - INFO - Success on 2: 200 - {"StatusTo": 5}
2024-06-27 02:39:52,308 - INFO - Success on 2: 200 - {"IIVALUE": "CS", "IIVALUEF": 0}
2024-06-27 02:39:54,160 - INFO - Success on 2: 200 - {"IIVALUE": "1000", "IIVALUEF": 0}
2024-06-27 02:39:55,175 - INFO - Success on 2: 200 - {"IIVALUE": null, "IIVALUEF": 0}
2024-06-27 02:39:56,203 - INFO - Success on 2: 200 - {"IIVALUE": null, "IIVALUEF": 0}
2024-06-27 02:39:57,202 - INFO - Success on 2: 200 - {"IIVALUE": " Research", "IIVALUEF": 0}
2024-06-27 02:39:58,204 - INFO - Success on 2: 200 - {"IIVALUE": null, "IIVALUEF": 0}
2024-06-27 02:39:59,216 - INFO - Success on 2: 200 - {"IIVALUE": null, "IIVALUEF": 0}
2024-06-27 02:40:00,218 - INFO - Success on 2: 200 - {"IIVALUE": null, "IIVALUEF": 0}
2024-06-27 02:40:01,231 - INFO - Success on 2: 200 - {"IIVALUE": null, "IIVALUEF": 0}
2024-06-27 02:40:02,249 - INFO - Success on 2: 200 - {"IIVALUE": "1000.0", "IIVALUEF": 0}
2024-06-27 02:40:03,262 - INFO - Success on 2: 200 - {"IIVALUE": null, "IIVALUEF": 0}
2024-06-27 02:40:04,276 - INFO - Success on 2: 200 - {"IIVALUE": "364-366", "IIVALUEF": 0}
2024-06-27 02:40:05,275 - INFO - Success on 2: 200 - {"IIVALUE": null, "IIVALUEF": 0}
2024-06-27 02:40:06,276 - INFO - Success on 2: 200 - {"IIVALUE": "SULFURIC ACID", "IIVALUEF": 0}
2024-06-27 02:40:07,283 - INFO - Success on 2: 200 - {"IIVALUE": "ALDRICH", "IIVALUEF": 0}
2024-06-27 02:40:08,283 - INFO - Success on 2: 200 - {"IIVALUE": null, "IIVALUEF": 0}
2024-06-27 02:40:09,285 - INFO - Success on 2: 200 - {"IIVALUE": "g", "IIVALUEF": 0}
2024-06-27 02:40:10,285 - INFO - Success on 2: 200 - {"IIVALUE": null, "IIVALUEF": 0}
2024-06-27 02:40:11,286 - INFO - Success on 2: 200 - {"IIVALUE": null, "IIVALUEF": 0}
2024-06-27 02:40:11,609 - INFO - Success on 3: 200 - {"SHORT_DESC": "Chemical & Consumables Container", "RQ_VALUE": "T20180829", "DESCRIPTION": "Chemical & Consumables Container"}
2024-06-27 02:40:12,759 - INFO - Success on 3: 200 - {"StatusTo": 5}
2024-06-27 02:40:13,027 - INFO - Success on 3: 200 - {"IIVALUE": "LCM", "IIVALUEF": 0}
2024-06-27 02:40:13,269 - INFO - Success on 3: 200 - {"IIVALUE": null, "IIVALUEF": 0}
2024-06-27 02:40:13,551 - INFO - Success on 3: 200 - {"IIVALUE": null, "IIVALUEF": 0}
2024-06-27 02:40:13,775 - INFO - Success on 3: 200 - {"IIVALUE": null, "IIVALUEF": 0}
2024-06-27 02:40:14,059 - INFO - Success on 3: 200 - {"IIVALUE": "Research", "IIVALUEF": 0}
2024-06-27 02:40:14,273 - INFO - Success on 3: 200 - {"IIVALUE": null, "IIVALUEF": 0}
2024-06-27 02:40:14,535 - INFO - Success on 3: 200 - {"IIVALUE": null, "IIVALUEF": 0}
2024-06-27 02:40:14,802 - INFO - Success on 3: 200 - {"IIVALUE": null, "IIVALUEF": 0}
2024-06-27 02:40:15,071 - INFO - Success on 3: 200 - {"IIVALUE": null, "IIVALUEF": 0}
2024-06-27 02:40:15,349 - INFO - Success on 3: 200 - {"IIVALUE": "0.95", "IIVALUEF": 0}
2024-06-27 02:40:15,573 - INFO - Success on 3: 200 - {"IIVALUE": null, "IIVALUEF": 0}
2024-06-27 02:40:15,860 - INFO - Success on 3: 200 - {"IIVALUE": "110", "IIVALUEF": 0}
2024-06-27 02:40:16,093 - INFO - Success on 3: 200 - {"IIVALUE": null, "IIVALUEF": 0}
2024-06-27 02:40:16,395 - INFO - Success on 3: 200 - {"IIVALUE": "WHISTLE", "IIVALUEF": 0}
2024-06-27 02:40:16,677 - INFO - Success on 3: 200 - {"IIVALUE": "DRACKETT", "IIVALUEF": 0}
2024-06-27 02:40:16,906 - INFO - Success on 3: 200 - {"IIVALUE": null, "IIVALUEF": 0}
2024-06-27 02:40:17,181 - INFO - Success on 3: 200 - {"IIVALUE": "kg", "IIVALUEF": 0}
2024-06-27 02:40:17,413 - INFO - Success on 3: 200 - {"IIVALUE": null, "IIVALUEF": 0}
2024-06-27 02:40:18,311 - INFO - Success on 3: 200 - {"IIVALUE": null, "IIVALUEF": 0}
2024-06-27 02:40:19,326 - INFO - Success on 4: 200 - {"SHORT_DESC": "Chemical & Consumables Container", "RQ_VALUE": "T20210332", "DESCRIPTION": "Chemical & Consumables Container"}
2024-06-27 02:40:21,345 - INFO - Success on 4: 200 - {"StatusTo": 5}
2024-06-27 02:40:22,346 - INFO - Success on 4: 200 - {"IIVALUE": "FS*A", "IIVALUEF": 0}
2024-06-27 02:40:23,362 - INFO - Success on 4: 200 - {"IIVALUE": "1", "IIVALUEF": 0}
2024-06-27 02:40:24,367 - INFO - Success on 4: 200 - {"IIVALUE": null, "IIVALUEF": 0}
2024-06-27 02:40:25,373 - INFO - Success on 4: 200 - {"IIVALUE": null, "IIVALUEF": 0}
2024-06-27 02:40:26,385 - INFO - Success on 4: 200 - {"IIVALUE": " Research", "IIVALUEF": 0}
2024-06-27 02:40:27,385 - INFO - Success on 4: 200 - {"IIVALUE": null, "IIVALUEF": 0}
2024-06-27 02:40:28,388 - INFO - Success on 4: 200 - {"IIVALUE": null, "IIVALUEF": 0}
2024-06-27 02:40:29,392 - INFO - Success on 4: 200 - {"IIVALUE": null, "IIVALUEF": 0}
2024-06-27 02:40:32,417 - INFO - Success on 4: 200 - {"IIVALUE": null, "IIVALUEF": 0}
2024-06-27 02:40:33,430 - INFO - Success on 4: 200 - {"IIVALUE": "1.0", "IIVALUEF": 0}
2024-06-27 02:40:34,431 - INFO - Success on 4: 200 - {"IIVALUE": null, "IIVALUEF": 0}
2024-06-27 02:40:35,442 - INFO - Success on 4: 200 - {"IIVALUE": "336", "IIVALUEF": 0}
2024-06-27 02:40:36,441 - INFO - Success on 4: 200 - {"IIVALUE": null, "IIVALUEF": 0}
2024-06-27 02:40:37,450 - INFO - Success on 4: 200 - {"IIVALUE": "Triethoxy(octyl) silane", "IIVALUEF": 0}
2024-06-27 02:40:38,449 - INFO - Success on 4: 200 - {"IIVALUE": "Aldrich", "IIVALUEF": 0}
2024-06-27 02:40:39,470 - INFO - Success on 4: 200 - {"IIVALUE": null, "IIVALUEF": 0}
2024-06-27 02:40:40,472 - INFO - Success on 4: 200 - {"IIVALUE": "l", "IIVALUEF": 0}
2024-06-27 02:40:41,476 - INFO - Success on 4: 200 - {"IIVALUE": null, "IIVALUEF": 0}
2024-06-27 02:40:42,493 - INFO - Success on 4: 200 - {"IIVALUE": null, "IIVALUEF": 0}
2024-06-27 02:40:43,493 - INFO - Success on 5: 200 - {"SHORT_DESC": "Chemical & Consumables Container", "RQ_VALUE": "T20220479", "DESCRIPTION": "Chemical & Consumables Container"}
2024-06-27 02:40:45,506 - INFO - Success on 5: 200 - {"StatusTo": 5}
2024-06-27 02:40:46,507 - INFO - Success on 5: 200 - {"IIVALUE": "Maintenance", "IIVALUEF": 0}
2024-06-27 02:40:47,508 - INFO - Success on 5: 200 - {"IIVALUE": "22", "IIVALUEF": 0}
2024-06-27 02:40:48,510 - INFO - Success on 5: 200 - {"IIVALUE": null, "IIVALUEF": 0}
2024-06-27 02:40:49,535 - INFO - Success on 5: 200 - {"IIVALUE": null, "IIVALUEF": 0}
2024-06-27 02:40:50,536 - INFO - Success on 5: 200 - {"IIVALUE": "Research", "IIVALUEF": 0}
2024-06-27 02:40:51,540 - INFO - Success on 5: 200 - {"IIVALUE": null, "IIVALUEF": 0}
2024-06-27 02:40:52,538 - INFO - Success on 5: 200 - {"IIVALUE": null, "IIVALUEF": 0}
2024-06-27 02:40:53,541 - INFO - Success on 5: 200 - {"IIVALUE": null, "IIVALUEF": 0}
2024-06-27 02:40:54,551 - INFO - Success on 5: 200 - {"IIVALUE": null, "IIVALUEF": 0}
2024-06-27 02:40:55,551 - INFO - Success on 5: 200 - {"IIVALUE": "22.0", "IIVALUEF": 0}
2024-06-27 02:40:56,555 - INFO - Success on 5: 200 - {"IIVALUE": null, "IIVALUEF": 0}
2024-06-27 02:40:57,555 - INFO - Success on 5: 200 - {"IIVALUE": "105", "IIVALUEF": 0}
2024-06-27 02:40:58,561 - INFO - Success on 5: 200 - {"IIVALUE": null, "IIVALUEF": 0}
2024-06-27 02:40:59,576 - INFO - Success on 5: 200 - {"IIVALUE": "OXYGEN", "IIVALUEF": 0}
2024-06-27 02:41:00,596 - INFO - Success on 5: 200 - {"IIVALUE": "AIRGAS", "IIVALUEF": 0}
2024-06-27 02:41:01,596 - INFO - Success on 5: 200 - {"IIVALUE": null, "IIVALUEF": 0}
2024-06-27 02:41:02,621 - INFO - Success on 5: 200 - {"IIVALUE": "lb", "IIVALUEF": 0}
2024-06-27 02:41:03,627 - INFO - Success on 5: 200 - {"IIVALUE": null, "IIVALUEF": 0}
2024-06-27 02:41:04,627 - INFO - Success on 5: 200 - {"IIVALUE": null, "IIVALUEF": 0}
2024-06-27 02:41:05,643 - INFO - Success on 6: 200 - {"SHORT_DESC": "Chemical & Consumables Container", "RQ_VALUE": "T20230209", "DESCRIPTION": "Chemical & Consumables Container"}
2024-06-27 02:41:07,651 - INFO - Success on 6: 200 - {"StatusTo": 5}
2024-06-27 02:41:08,653 - INFO - Success on 6: 200 - {"IIVALUE": "AS*A", "IIVALUEF": 0}
2024-06-27 02:41:08,921 - INFO - Success on 6: 200 - {"IIVALUE": "4", "IIVALUEF": 0}
2024-06-27 02:41:09,187 - INFO - Success on 6: 200 - {"IIVALUE": null, "IIVALUEF": 0}
2024-06-27 02:41:09,400 - INFO - Success on 6: 200 - {"IIVALUE": null, "IIVALUEF": 0}
2024-06-27 02:41:09,681 - INFO - Success on 6: 200 - {"IIVALUE": " Research", "IIVALUEF": 0}
2024-06-27 02:41:09,893 - INFO - Success on 6: 200 - {"IIVALUE": null, "IIVALUEF": 0}
2024-06-27 02:41:10,107 - INFO - Success on 6: 200 - {"IIVALUE": null, "IIVALUEF": 0}
2024-06-27 02:41:10,373 - INFO - Success on 6: 200 - {"IIVALUE": null, "IIVALUEF": 0}
2024-06-27 02:41:10,594 - INFO - Success on 6: 200 - {"IIVALUE": null, "IIVALUEF": 0}
2024-06-27 02:41:10,875 - INFO - Success on 6: 200 - {"IIVALUE": "4.0", "IIVALUEF": 0}
2024-06-27 02:41:11,093 - INFO - Success on 6: 200 - {"IIVALUE": null, "IIVALUEF": 0}
2024-06-27 02:41:11,385 - INFO - Success on 6: 200 - {"IIVALUE": "307-309", "IIVALUEF": 0}
2024-06-27 02:41:11,596 - INFO - Success on 6: 200 - {"IIVALUE": null, "IIVALUEF": 0}
2024-06-27 02:41:11,878 - INFO - Success on 6: 200 - {"IIVALUE": "Tetrahydrofuran", "IIVALUEF": 0}
2024-06-27 02:41:12,142 - INFO - Success on 6: 200 - {"IIVALUE": "Sigma Aldrich", "IIVALUEF": 0}
2024-06-27 02:41:12,379 - INFO - Success on 6: 200 - {"IIVALUE": null, "IIVALUEF": 0}
2024-06-27 02:41:12,650 - INFO - Success on 6: 200 - {"IIVALUE": "l", "IIVALUEF": 0}
2024-06-27 02:41:12,890 - INFO - Success on 6: 200 - {"IIVALUE": null, "IIVALUEF": 0}
2024-06-27 02:41:13,107 - INFO - Success on 6: 200 - {"IIVALUE": null, "IIVALUEF": 0}
2024-06-27 02:41:13,369 - INFO - Success on 7: 200 - {"SHORT_DESC": "Chemical & Consumables Container", "RQ_VALUE": "T20240001", "DESCRIPTION": "Chemical & Consumables Container"}
2024-06-27 02:41:14,544 - INFO - Success on 7: 200 - {"StatusTo": 5}
2024-06-27 02:41:15,730 - INFO - Success on 7: 200 - {"IIVALUE": "APM*A (RL)", "IIVALUEF": 0}
2024-06-27 02:41:16,731 - INFO - Success on 7: 200 - {"IIVALUE": "1", "IIVALUEF": 0}
2024-06-27 02:41:17,730 - INFO - Success on 7: 200 - {"IIVALUE": null, "IIVALUEF": 0}
2024-06-27 02:41:18,731 - INFO - Success on 7: 200 - {"IIVALUE": null, "IIVALUEF": 0}
2024-06-27 02:41:19,733 - INFO - Success on 7: 200 - {"IIVALUE": "Research", "IIVALUEF": 0}
2024-06-27 02:41:20,747 - INFO - Success on 7: 200 - {"IIVALUE": null, "IIVALUEF": 0}
2024-06-27 02:41:21,746 - INFO - Success on 7: 200 - {"IIVALUE": null, "IIVALUEF": 0}
2024-06-27 02:41:22,763 - INFO - Success on 7: 200 - {"IIVALUE": null, "IIVALUEF": 0}
2024-06-27 02:41:23,786 - INFO - Success on 7: 200 - {"IIVALUE": null, "IIVALUEF": 0}
2024-06-27 02:41:24,786 - INFO - Success on 7: 200 - {"IIVALUE": "1.0", "IIVALUEF": 0}
2024-06-27 02:41:25,793 - INFO - Success on 7: 200 - {"IIVALUE": null, "IIVALUEF": 0}
2024-06-27 02:41:26,796 - INFO - Success on 7: 200 - {"IIVALUE": "165", "IIVALUEF": 0}
2024-06-27 02:41:27,798 - INFO - Success on 7: 200 - {"IIVALUE": null, "IIVALUEF": 0}
2024-06-27 02:41:28,809 - INFO - Success on 7: 200 - {"IIVALUE": "Latex Concentrate DRC 60PTC", "IIVALUEF": 0}
2024-06-27 02:41:29,811 - INFO - Success on 7: 200 - {"IIVALUE": "MGR Vina ", "IIVALUEF": 0}
2024-06-27 02:41:30,813 - INFO - Success on 7: 200 - {"IIVALUE": null, "IIVALUEF": 0}
2024-06-27 02:41:31,813 - INFO - Success on 7: 200 - {"IIVALUE": "gal (US)", "IIVALUEF": 0}
2024-06-27 02:41:32,819 - INFO - Success on 7: 200 - {"IIVALUE": null, "IIVALUEF": 0}
2024-06-27 02:41:33,818 - INFO - Success on 7: 200 - {"IIVALUE": null, "IIVALUEF": 0}
2024-06-27 02:41:34,825 - INFO - Success on 8: 200 - {"SHORT_DESC": "Chemical & Consumables Container", "RQ_VALUE": "T20240002", "DESCRIPTION": "Chemical & Consumables Container"}
2024-06-27 02:41:36,841 - INFO - Success on 8: 200 - {"StatusTo": 5}
2024-06-27 02:41:37,856 - INFO - Success on 8: 200 - {"IIVALUE": "AS*A", "IIVALUEF": 0}
2024-06-27 02:41:38,859 - INFO - Success on 8: 200 - {"IIVALUE": "4", "IIVALUEF": 0}
2024-06-27 02:41:39,874 - INFO - Success on 8: 200 - {"IIVALUE": null, "IIVALUEF": 0}
2024-06-27 02:41:40,876 - INFO - Success on 8: 200 - {"IIVALUE": null, "IIVALUEF": 0}
2024-06-27 02:41:41,881 - INFO - Success on 8: 200 - {"IIVALUE": " Research", "IIVALUEF": 0}
2024-06-27 02:41:42,884 - INFO - Success on 8: 200 - {"IIVALUE": null, "IIVALUEF": 0}
2024-06-27 02:41:43,898 - INFO - Success on 8: 200 - {"IIVALUE": null, "IIVALUEF": 0}
2024-06-27 02:41:44,905 - INFO - Success on 8: 200 - {"IIVALUE": null, "IIVALUEF": 0}
2024-06-27 02:41:45,122 - INFO - Success on 8: 200 - {"IIVALUE": null, "IIVALUEF": 0}
2024-06-27 02:41:46,408 - INFO - Success on 8: 200 - {"IIVALUE": "4.0", "IIVALUEF": 0}
2024-06-27 02:41:46,618 - INFO - Success on 8: 200 - {"IIVALUE": null, "IIVALUEF": 0}
2024-06-27 02:41:46,926 - INFO - Success on 8: 200 - {"IIVALUE": "311-313", "IIVALUEF": 0}
2024-06-27 02:41:47,141 - INFO - Success on 8: 200 - {"IIVALUE": null, "IIVALUEF": 0}
2024-06-27 02:41:47,421 - INFO - Success on 8: 200 - {"IIVALUE": "Methanol ", "IIVALUEF": 0}
2024-06-27 02:41:49,437 - INFO - Success on 8: 200 - {"IIVALUE": "Sigma Aldrich", "IIVALUEF": 0}
2024-06-27 02:41:49,655 - INFO - Success on 8: 200 - {"IIVALUE": null, "IIVALUEF": 0}
2024-06-27 02:41:49,927 - INFO - Success on 8: 200 - {"IIVALUE": "l", "IIVALUEF": 0}
2024-06-27 02:41:50,144 - INFO - Success on 8: 200 - {"IIVALUE": null, "IIVALUEF": 0}
2024-06-27 02:41:50,394 - INFO - Success on 8: 200 - {"IIVALUE": null, "IIVALUEF": 0}
2024-06-27 02:41:50,738 - INFO - Success on 9: 200 - {"SHORT_DESC": "Chemical & Consumables Container", "RQ_VALUE": "T20240003", "DESCRIPTION": "Chemical & Consumables Container"}
2024-06-27 02:41:51,874 - INFO - Success on 9: 200 - {"StatusTo": 5}
2024-06-27 02:41:52,147 - INFO - Success on 9: 200 - {"IIVALUE": "AS*A", "IIVALUEF": 0}
2024-06-27 02:41:52,438 - INFO - Success on 9: 200 - {"IIVALUE": "4", "IIVALUEF": 0}
2024-06-27 02:41:52,753 - INFO - Success on 9: 200 - {"IIVALUE": null, "IIVALUEF": 0}
2024-06-27 02:41:52,960 - INFO - Success on 9: 200 - {"IIVALUE": null, "IIVALUEF": 0}
2024-06-27 02:41:53,240 - INFO - Success on 9: 200 - {"IIVALUE": " Research", "IIVALUEF": 0}
2024-06-27 02:41:53,455 - INFO - Success on 9: 200 - {"IIVALUE": null, "IIVALUEF": 0}
2024-06-27 02:41:53,666 - INFO - Success on 9: 200 - {"IIVALUE": null, "IIVALUEF": 0}
2024-06-27 02:41:53,941 - INFO - Success on 9: 200 - {"IIVALUE": null, "IIVALUEF": 0}
2024-06-27 02:41:54,153 - INFO - Success on 9: 200 - {"IIVALUE": null, "IIVALUEF": 0}
2024-06-27 02:41:54,427 - INFO - Success on 9: 200 - {"IIVALUE": "4.0", "IIVALUEF": 0}
2024-06-27 02:41:54,640 - INFO - Success on 9: 200 - {"IIVALUE": null, "IIVALUEF": 0}
2024-06-27 02:41:55,481 - INFO - Success on 9: 200 - {"IIVALUE": "311-313", "IIVALUEF": 0}
2024-06-27 02:41:55,703 - INFO - Success on 9: 200 - {"IIVALUE": null, "IIVALUEF": 0}
2024-06-27 02:41:56,976 - INFO - Success on 9: 200 - {"IIVALUE": "Methanol ", "IIVALUEF": 0}
2024-06-27 02:41:57,253 - INFO - Success on 9: 200 - {"IIVALUE": "Sigma Aldrich", "IIVALUEF": 0}
2024-06-27 02:41:57,477 - INFO - Success on 9: 200 - {"IIVALUE": null, "IIVALUEF": 0}
2024-06-27 02:41:58,496 - INFO - Success on 9: 200 - {"IIVALUE": "l", "IIVALUEF": 0}
2024-06-27 02:41:58,711 - INFO - Success on 9: 200 - {"IIVALUE": null, "IIVALUEF": 0}
2024-06-27 02:41:59,497 - INFO - Success on 9: 200 - {"IIVALUE": null, "IIVALUEF": 0}
2024-06-27 02:41:59,780 - INFO - Success on 10: 200 - {"SHORT_DESC": "Chemical & Consumables Container", "RQ_VALUE": "T20240004", "DESCRIPTION": "Chemical & Consumables Container"}
2024-06-27 02:42:00,926 - INFO - Success on 10: 200 - {"StatusTo": 5}
2024-06-27 02:42:02,008 - INFO - Success on 10: 200 - {"IIVALUE": "AS*A", "IIVALUEF": 0}
2024-06-27 02:42:02,299 - INFO - Success on 10: 200 - {"IIVALUE": "4", "IIVALUEF": 0}
2024-06-27 02:42:02,564 - INFO - Success on 10: 200 - {"IIVALUE": null, "IIVALUEF": 0}
2024-06-27 02:42:03,506 - INFO - Success on 10: 200 - {"IIVALUE": null, "IIVALUEF": 0}
2024-06-27 02:42:03,811 - INFO - Success on 10: 200 - {"IIVALUE": "Research", "IIVALUEF": 0}
2024-06-27 02:42:05,015 - INFO - Success on 10: 200 - {"IIVALUE": null, "IIVALUEF": 0}
2024-06-27 02:42:05,227 - INFO - Success on 10: 200 - {"IIVALUE": null, "IIVALUEF": 0}
2024-06-27 02:42:06,015 - INFO - Success on 10: 200 - {"IIVALUE": null, "IIVALUEF": 0}
2024-06-27 02:42:06,231 - INFO - Success on 10: 200 - {"IIVALUE": null, "IIVALUEF": 0}
2024-06-27 02:42:07,027 - INFO - Success on 10: 200 - {"IIVALUE": "4.0", "IIVALUEF": 0}
2024-06-27 02:42:07,240 - INFO - Success on 10: 200 - {"IIVALUE": null, "IIVALUEF": 0}
2024-06-27 02:42:08,034 - INFO - Success on 10: 200 - {"IIVALUE": "260", "IIVALUEF": 0}
2024-06-27 02:42:08,249 - INFO - Success on 10: 200 - {"IIVALUE": null, "IIVALUEF": 0}
2024-06-27 02:42:09,535 - INFO - Success on 10: 200 - {"IIVALUE": "Methanol ", "IIVALUEF": 0}
2024-06-27 02:42:09,800 - INFO - Success on 10: 200 - {"IIVALUE": "Sigma Aldrich", "IIVALUEF": 0}
2024-06-27 02:42:10,013 - INFO - Success on 10: 200 - {"IIVALUE": null, "IIVALUEF": 0}
2024-06-27 02:42:11,044 - INFO - Success on 10: 200 - {"IIVALUE": "l", "IIVALUEF": 0}
2024-06-27 02:42:11,268 - INFO - Success on 10: 200 - {"IIVALUE": null, "IIVALUEF": 0}
2024-06-27 02:42:12,046 - INFO - Success on 10: 200 - {"IIVALUE": null, "IIVALUEF": 0}
2024-06-27 02:42:12,318 - INFO - Success on 11: 200 - {"SHORT_DESC": "Chemical & Consumables Container", "RQ_VALUE": "T20240005", "DESCRIPTION": "Chemical & Consumables Container"}
2024-06-27 02:42:13,488 - INFO - Success on 11: 200 - {"StatusTo": 5}
2024-06-27 02:42:13,761 - INFO - Success on 11: 200 - {"IIVALUE": "AS*A", "IIVALUEF": 0}
2024-06-27 02:42:14,057 - INFO - Success on 11: 200 - {"IIVALUE": "4", "IIVALUEF": 0}
2024-06-27 02:42:14,356 - INFO - Success on 11: 200 - {"IIVALUE": null, "IIVALUEF": 0}
2024-06-27 02:42:14,576 - INFO - Success on 11: 200 - {"IIVALUE": null, "IIVALUEF": 0}
2024-06-27 02:42:14,872 - INFO - Success on 11: 200 - {"IIVALUE": "Research", "IIVALUEF": 0}
2024-06-27 02:42:15,086 - INFO - Success on 11: 200 - {"IIVALUE": null, "IIVALUEF": 0}
2024-06-27 02:42:15,312 - INFO - Success on 11: 200 - {"IIVALUE": null, "IIVALUEF": 0}
2024-06-27 02:42:15,578 - INFO - Success on 11: 200 - {"IIVALUE": null, "IIVALUEF": 0}
2024-06-27 02:42:15,827 - INFO - Success on 11: 200 - {"IIVALUE": null, "IIVALUEF": 0}
2024-06-27 02:42:16,130 - INFO - Success on 11: 200 - {"IIVALUE": "4.0", "IIVALUEF": 0}
2024-06-27 02:42:16,345 - INFO - Success on 11: 200 - {"IIVALUE": null, "IIVALUEF": 0}
2024-06-27 02:42:16,621 - INFO - Success on 11: 200 - {"IIVALUE": "260", "IIVALUEF": 0}
2024-06-27 02:42:16,841 - INFO - Success on 11: 200 - {"IIVALUE": null, "IIVALUEF": 0}
2024-06-27 02:42:17,112 - INFO - Success on 11: 200 - {"IIVALUE": "Methanol ", "IIVALUEF": 0}
2024-06-27 02:42:17,423 - INFO - Success on 11: 200 - {"IIVALUE": "Sigma Aldrich", "IIVALUEF": 0}
2024-06-27 02:42:17,664 - INFO - Success on 11: 200 - {"IIVALUE": null, "IIVALUEF": 0}
2024-06-27 02:42:17,958 - INFO - Success on 11: 200 - {"IIVALUE": "l", "IIVALUEF": 0}
2024-06-27 02:42:18,198 - INFO - Success on 11: 200 - {"IIVALUE": null, "IIVALUEF": 0}
2024-06-27 02:42:18,441 - INFO - Success on 11: 200 - {"IIVALUE": null, "IIVALUEF": 0}
2024-06-27 02:42:18,699 - INFO - Success on 12: 200 - {"SHORT_DESC": "Chemical & Consumables Container", "RQ_VALUE": "T20240006", "DESCRIPTION": "Chemical & Consumables Container"}
2024-06-27 02:42:19,843 - INFO - Success on 12: 200 - {"StatusTo": 5}
2024-06-27 02:42:20,131 - INFO - Success on 12: 200 - {"IIVALUE": "AS*A", "IIVALUEF": 0}
2024-06-27 02:42:20,433 - INFO - Success on 12: 200 - {"IIVALUE": "4", "IIVALUEF": 0}
2024-06-27 02:42:20,700 - INFO - Success on 12: 200 - {"IIVALUE": null, "IIVALUEF": 0}
2024-06-27 02:42:20,929 - INFO - Success on 12: 200 - {"IIVALUE": null, "IIVALUEF": 0}
2024-06-27 02:42:21,204 - INFO - Success on 12: 200 - {"IIVALUE": "Research", "IIVALUEF": 0}
2024-06-27 02:42:21,447 - INFO - Success on 12: 200 - {"IIVALUE": null, "IIVALUEF": 0}
2024-06-27 02:42:21,688 - INFO - Success on 12: 200 - {"IIVALUE": null, "IIVALUEF": 0}
2024-06-27 02:42:21,992 - INFO - Success on 12: 200 - {"IIVALUE": null, "IIVALUEF": 0}
2024-06-27 02:42:22,266 - INFO - Success on 12: 200 - {"IIVALUE": null, "IIVALUEF": 0}
2024-06-27 02:42:22,550 - INFO - Success on 12: 200 - {"IIVALUE": "4.0", "IIVALUEF": 0}
2024-06-27 02:42:22,792 - INFO - Success on 12: 200 - {"IIVALUE": null, "IIVALUEF": 0}
2024-06-27 02:42:23,095 - INFO - Success on 12: 200 - {"IIVALUE": "210-212", "IIVALUEF": 0}
2024-06-27 02:42:23,316 - INFO - Success on 12: 200 - {"IIVALUE": null, "IIVALUEF": 0}
2024-06-27 02:42:23,605 - INFO - Success on 12: 200 - {"IIVALUE": "Acetone", "IIVALUEF": 0}
2024-06-27 02:42:23,870 - INFO - Success on 12: 200 - {"IIVALUE": "Sigma Aldrich", "IIVALUEF": 0}
2024-06-27 02:42:24,091 - INFO - Success on 12: 200 - {"IIVALUE": null, "IIVALUEF": 0}
2024-06-27 02:42:24,364 - INFO - Success on 12: 200 - {"IIVALUE": "l", "IIVALUEF": 0}
2024-06-27 02:42:24,584 - INFO - Success on 12: 200 - {"IIVALUE": null, "IIVALUEF": 0}
2024-06-27 02:42:24,812 - INFO - Success on 12: 200 - {"IIVALUE": null, "IIVALUEF": 0}
2024-06-27 02:42:25,075 - INFO - Success on 13: 200 - {"SHORT_DESC": "Chemical & Consumables Container", "RQ_VALUE": "T20240007", "DESCRIPTION": "Chemical & Consumables Container"}
2024-06-27 02:42:26,227 - INFO - Success on 13: 200 - {"StatusTo": 5}
2024-06-27 02:42:26,510 - INFO - Success on 13: 200 - {"IIVALUE": "AS*A", "IIVALUEF": 0}
2024-06-27 02:42:26,810 - INFO - Success on 13: 200 - {"IIVALUE": "4", "IIVALUEF": 0}
2024-06-27 02:42:27,098 - INFO - Success on 13: 200 - {"IIVALUE": null, "IIVALUEF": 0}
2024-06-27 02:42:27,312 - INFO - Success on 13: 200 - {"IIVALUE": null, "IIVALUEF": 0}
2024-06-27 02:42:27,612 - INFO - Success on 13: 200 - {"IIVALUE": "Research", "IIVALUEF": 0}
2024-06-27 02:42:27,824 - INFO - Success on 13: 200 - {"IIVALUE": null, "IIVALUEF": 0}
2024-06-27 02:42:28,630 - INFO - Success on 13: 200 - {"IIVALUE": null, "IIVALUEF": 0}
2024-06-27 02:42:28,898 - INFO - Success on 13: 200 - {"IIVALUE": null, "IIVALUEF": 0}
2024-06-27 02:42:29,133 - INFO - Success on 13: 200 - {"IIVALUE": null, "IIVALUEF": 0}
2024-06-27 02:42:30,149 - INFO - Success on 13: 200 - {"IIVALUE": "4.0", "IIVALUEF": 0}
2024-06-27 02:42:31,150 - INFO - Success on 13: 200 - {"IIVALUE": null, "IIVALUEF": 0}
2024-06-27 02:42:32,165 - INFO - Success on 13: 200 - {"IIVALUE": "311-313", "IIVALUEF": 0}
2024-06-27 02:42:32,381 - INFO - Success on 13: 200 - {"IIVALUE": null, "IIVALUEF": 0}
2024-06-27 02:42:33,184 - INFO - Success on 13: 200 - {"IIVALUE": "Acetone", "IIVALUEF": 0}
2024-06-27 02:42:33,456 - INFO - Success on 13: 200 - {"IIVALUE": "Sigma Aldrich", "IIVALUEF": 0}
2024-06-27 02:42:34,188 - INFO - Success on 13: 200 - {"IIVALUE": null, "IIVALUEF": 0}
2024-06-27 02:42:34,481 - INFO - Success on 13: 200 - {"IIVALUE": "l", "IIVALUEF": 0}
2024-06-27 02:42:35,700 - INFO - Success on 13: 200 - {"IIVALUE": null, "IIVALUEF": 0}
2024-06-27 02:42:35,963 - INFO - Success on 13: 200 - {"IIVALUE": null, "IIVALUEF": 0}
2024-06-27 02:42:36,250 - INFO - Success on 14: 200 - {"SHORT_DESC": "Chemical & Consumables Container", "RQ_VALUE": "T20240008", "DESCRIPTION": "Chemical & Consumables Container"}
2024-06-27 02:42:37,407 - INFO - Success on 14: 200 - {"StatusTo": 5}
2024-06-27 02:42:38,225 - INFO - Success on 14: 200 - {"IIVALUE": "AS*A", "IIVALUEF": 0}
2024-06-27 02:42:38,498 - INFO - Success on 14: 200 - {"IIVALUE": "4", "IIVALUEF": 0}
2024-06-27 02:42:38,758 - INFO - Success on 14: 200 - {"IIVALUE": null, "IIVALUEF": 0}
2024-06-27 02:42:39,730 - INFO - Success on 14: 200 - {"IIVALUE": null, "IIVALUEF": 0}
2024-06-27 02:42:39,994 - INFO - Success on 14: 200 - {"IIVALUE": "Research", "IIVALUEF": 0}
2024-06-27 02:42:40,746 - INFO - Success on 14: 200 - {"IIVALUE": null, "IIVALUEF": 0}
2024-06-27 02:42:40,959 - INFO - Success on 14: 200 - {"IIVALUE": null, "IIVALUEF": 0}
2024-06-27 02:42:42,246 - INFO - Success on 14: 200 - {"IIVALUE": null, "IIVALUEF": 0}
2024-06-27 02:42:42,480 - INFO - Success on 14: 200 - {"IIVALUE": null, "IIVALUEF": 0}
2024-06-27 02:42:43,261 - INFO - Success on 14: 200 - {"IIVALUE": "4.0", "IIVALUEF": 0}
2024-06-27 02:42:43,483 - INFO - Success on 14: 200 - {"IIVALUE": null, "IIVALUEF": 0}
2024-06-27 02:42:44,763 - INFO - Success on 14: 200 - {"IIVALUE": "260", "IIVALUEF": 0}
2024-06-27 02:42:44,976 - INFO - Success on 14: 200 - {"IIVALUE": null, "IIVALUEF": 0}
2024-06-27 02:42:45,777 - INFO - Success on 14: 200 - {"IIVALUE": "Acetone", "IIVALUEF": 0}
2024-06-27 02:42:46,046 - INFO - Success on 14: 200 - {"IIVALUE": "Sigma Aldrich", "IIVALUEF": 0}
2024-06-27 02:42:47,278 - INFO - Success on 14: 200 - {"IIVALUE": null, "IIVALUEF": 0}
2024-06-27 02:42:47,547 - INFO - Success on 14: 200 - {"IIVALUE": "l", "IIVALUEF": 0}
2024-06-27 02:42:48,280 - INFO - Success on 14: 200 - {"IIVALUE": null, "IIVALUEF": 0}
2024-06-27 02:42:48,507 - INFO - Success on 14: 200 - {"IIVALUE": null, "IIVALUEF": 0}
2024-06-27 02:42:48,792 - INFO - Success on 15: 200 - {"SHORT_DESC": "Chemical & Consumables Container", "RQ_VALUE": "T20240009", "DESCRIPTION": "Chemical & Consumables Container"}
2024-06-27 02:42:49,966 - INFO - Success on 15: 200 - {"StatusTo": 5}
2024-06-27 02:42:51,804 - INFO - Success on 15: 200 - {"IIVALUE": "AS*A", "IIVALUEF": 0}
2024-06-27 02:42:52,096 - INFO - Success on 15: 200 - {"IIVALUE": "4", "IIVALUEF": 0}
2024-06-27 02:42:53,334 - INFO - Success on 15: 200 - {"IIVALUE": null, "IIVALUEF": 0}
2024-06-27 02:42:53,559 - INFO - Success on 15: 200 - {"IIVALUE": null, "IIVALUEF": 0}
2024-06-27 02:42:53,862 - INFO - Success on 15: 200 - {"IIVALUE": "Research", "IIVALUEF": 0}
2024-06-27 02:42:54,834 - INFO - Success on 15: 200 - {"IIVALUE": null, "IIVALUEF": 0}
2024-06-27 02:42:55,049 - INFO - Success on 15: 200 - {"IIVALUE": null, "IIVALUEF": 0}
2024-06-27 02:42:55,837 - INFO - Success on 15: 200 - {"IIVALUE": null, "IIVALUEF": 0}
2024-06-27 02:42:56,053 - INFO - Success on 15: 200 - {"IIVALUE": null, "IIVALUEF": 0}
2024-06-27 02:42:56,841 - INFO - Success on 15: 200 - {"IIVALUE": "4.0", "IIVALUEF": 0}
2024-06-27 02:42:57,071 - INFO - Success on 15: 200 - {"IIVALUE": null, "IIVALUEF": 0}
2024-06-27 02:42:57,844 - INFO - Success on 15: 200 - {"IIVALUE": "260", "IIVALUEF": 0}
2024-06-27 02:42:58,075 - INFO - Success on 15: 200 - {"IIVALUE": null, "IIVALUEF": 0}
2024-06-27 02:42:58,845 - INFO - Success on 15: 200 - {"IIVALUE": "Acetone", "IIVALUEF": 0}
2024-06-27 02:42:59,106 - INFO - Success on 15: 200 - {"IIVALUE": "Sigma Aldrich", "IIVALUEF": 0}
2024-06-27 02:43:00,353 - INFO - Success on 15: 200 - {"IIVALUE": null, "IIVALUEF": 0}
2024-06-27 02:43:00,626 - INFO - Success on 15: 200 - {"IIVALUE": "l", "IIVALUEF": 0}
2024-06-27 02:43:00,944 - INFO - Success on 15: 200 - {"IIVALUE": null, "IIVALUEF": 0}
2024-06-27 02:43:01,865 - INFO - Success on 15: 200 - {"IIVALUE": null, "IIVALUEF": 0}
2024-06-27 02:43:02,123 - INFO - Success on 16: 200 - {"SHORT_DESC": "Chemical & Consumables Container", "RQ_VALUE": "T20240010", "DESCRIPTION": "Chemical & Consumables Container"}
2024-06-27 02:43:03,270 - INFO - Success on 16: 200 - {"StatusTo": 5}
2024-06-27 02:43:04,370 - INFO - Success on 16: 200 - {"IIVALUE": "AS*A", "IIVALUEF": 0}
2024-06-27 02:43:04,639 - INFO - Success on 16: 200 - {"IIVALUE": "100", "IIVALUEF": 0}
2024-06-27 02:43:05,887 - INFO - Success on 16: 200 - {"IIVALUE": null, "IIVALUEF": 0}
2024-06-27 02:43:06,100 - INFO - Success on 16: 200 - {"IIVALUE": null, "IIVALUEF": 0}
2024-06-27 02:43:07,387 - INFO - Success on 16: 200 - {"IIVALUE": " Research", "IIVALUEF": 0}
2024-06-27 02:43:07,622 - INFO - Success on 16: 200 - {"IIVALUE": null, "IIVALUEF": 0}
2024-06-27 02:43:08,392 - INFO - Success on 16: 200 - {"IIVALUE": null, "IIVALUEF": 0}
2024-06-27 02:43:08,660 - INFO - Success on 16: 200 - {"IIVALUE": null, "IIVALUEF": 0}
2024-06-27 02:43:09,401 - INFO - Success on 16: 200 - {"IIVALUE": null, "IIVALUEF": 0}
2024-06-27 02:43:09,669 - INFO - Success on 16: 200 - {"IIVALUE": "100.0", "IIVALUEF": 0}
2024-06-27 02:43:09,892 - INFO - Success on 16: 200 - {"IIVALUE": null, "IIVALUEF": 0}
2024-06-27 02:43:10,152 - INFO - Success on 16: 200 - {"IIVALUE": "311-313", "IIVALUEF": 0}
2024-06-27 02:43:10,377 - INFO - Success on 16: 200 - {"IIVALUE": null, "IIVALUEF": 0}
2024-06-27 02:43:10,644 - INFO - Success on 16: 200 - {"IIVALUE": "Potassium Iodate", "IIVALUEF": 0}
2024-06-27 02:43:10,905 - INFO - Success on 16: 200 - {"IIVALUE": "Merck KGaA", "IIVALUEF": 0}
2024-06-27 02:43:11,126 - INFO - Success on 16: 200 - {"IIVALUE": null, "IIVALUEF": 0}
2024-06-27 02:43:11,396 - INFO - Success on 16: 200 - {"IIVALUE": "g", "IIVALUEF": 0}
2024-06-27 02:43:11,609 - INFO - Success on 16: 200 - {"IIVALUE": null, "IIVALUEF": 0}
2024-06-27 02:43:11,853 - INFO - Success on 16: 200 - {"IIVALUE": null, "IIVALUEF": 0}
2024-06-27 02:43:12,115 - INFO - Success on 17: 200 - {"SHORT_DESC": "Chemical & Consumables Container", "RQ_VALUE": "T20240011", "DESCRIPTION": "Chemical & Consumables Container"}
2024-06-27 02:43:13,262 - INFO - Success on 17: 200 - {"StatusTo": 5}
2024-06-27 02:43:13,522 - INFO - Success on 17: 200 - {"IIVALUE": "AS*A", "IIVALUEF": 0}
2024-06-27 02:43:13,791 - INFO - Success on 17: 200 - {"IIVALUE": "500", "IIVALUEF": 0}
2024-06-27 02:43:14,066 - INFO - Success on 17: 200 - {"IIVALUE": null, "IIVALUEF": 0}
2024-06-27 02:43:14,286 - INFO - Success on 17: 200 - {"IIVALUE": null, "IIVALUEF": 0}
2024-06-27 02:43:14,571 - INFO - Success on 17: 200 - {"IIVALUE": " Research", "IIVALUEF": 0}
2024-06-27 02:43:14,807 - INFO - Success on 17: 200 - {"IIVALUE": null, "IIVALUEF": 0}
2024-06-27 02:43:15,025 - INFO - Success on 17: 200 - {"IIVALUE": null, "IIVALUEF": 0}
2024-06-27 02:43:15,313 - INFO - Success on 17: 200 - {"IIVALUE": null, "IIVALUEF": 0}
2024-06-27 02:43:15,530 - INFO - Success on 17: 200 - {"IIVALUE": null, "IIVALUEF": 0}
2024-06-27 02:43:16,475 - INFO - Success on 17: 200 - {"IIVALUE": "500.0", "IIVALUEF": 0}
2024-06-27 02:43:16,693 - INFO - Success on 17: 200 - {"IIVALUE": null, "IIVALUEF": 0}
2024-06-27 02:43:17,501 - INFO - Success on 17: 200 - {"IIVALUE": "311-313", "IIVALUEF": 0}
2024-06-27 02:43:17,723 - INFO - Success on 17: 200 - {"IIVALUE": null, "IIVALUEF": 0}
2024-06-27 02:43:17,997 - INFO - Success on 17: 200 - {"IIVALUE": "Potassium Iodide  ", "IIVALUEF": 0}
2024-06-27 02:43:19,026 - INFO - Success on 17: 200 - {"IIVALUE": "Sigma Aldrich", "IIVALUEF": 0}
2024-06-27 02:43:19,237 - INFO - Success on 17: 200 - {"IIVALUE": null, "IIVALUEF": 0}
2024-06-27 02:43:20,530 - INFO - Success on 17: 200 - {"IIVALUE": "g", "IIVALUEF": 0}
2024-06-27 02:43:20,765 - INFO - Success on 17: 200 - {"IIVALUE": null, "IIVALUEF": 0}
2024-06-27 02:43:20,991 - INFO - Success on 17: 200 - {"IIVALUE": null, "IIVALUEF": 0}
2024-06-27 02:43:22,031 - INFO - Success on 18: 200 - {"SHORT_DESC": "Chemical & Consumables Container", "RQ_VALUE": "T20240012", "DESCRIPTION": "Chemical & Consumables Container"}
2024-06-27 02:43:23,192 - INFO - Success on 18: 200 - {"StatusTo": 5}
2024-06-27 02:43:23,477 - INFO - Success on 18: 200 - {"IIVALUE": "AS*A", "IIVALUEF": 0}
2024-06-27 02:43:24,545 - INFO - Success on 18: 200 - {"IIVALUE": "4", "IIVALUEF": 0}
2024-06-27 02:43:24,818 - INFO - Success on 18: 200 - {"IIVALUE": null, "IIVALUEF": 0}
2024-06-27 02:43:25,060 - INFO - Success on 18: 200 - {"IIVALUE": null, "IIVALUEF": 0}
2024-06-27 02:43:26,052 - INFO - Success on 18: 200 - {"IIVALUE": " Research", "IIVALUEF": 0}
2024-06-27 02:43:26,264 - INFO - Success on 18: 200 - {"IIVALUE": null, "IIVALUEF": 0}
2024-06-27 02:43:27,067 - INFO - Success on 18: 200 - {"IIVALUE": null, "IIVALUEF": 0}
2024-06-27 02:43:27,333 - INFO - Success on 18: 200 - {"IIVALUE": null, "IIVALUEF": 0}
2024-06-27 02:43:27,554 - INFO - Success on 18: 200 - {"IIVALUE": null, "IIVALUEF": 0}
2024-06-27 02:43:27,829 - INFO - Success on 18: 200 - {"IIVALUE": "4.0", "IIVALUEF": 0}
2024-06-27 02:43:28,049 - INFO - Success on 18: 200 - {"IIVALUE": null, "IIVALUEF": 0}
2024-06-27 02:43:28,351 - INFO - Success on 18: 200 - {"IIVALUE": "311-313", "IIVALUEF": 0}
2024-06-27 02:43:28,580 - INFO - Success on 18: 200 - {"IIVALUE": null, "IIVALUEF": 0}
2024-06-27 02:43:28,868 - INFO - Success on 18: 200 - {"IIVALUE": "Sodium Thiosulfate 0.1N", "IIVALUEF": 0}
2024-06-27 02:43:29,134 - INFO - Success on 18: 200 - {"IIVALUE": "Sigma Aldrich", "IIVALUEF": 0}
2024-06-27 02:43:29,347 - INFO - Success on 18: 200 - {"IIVALUE": null, "IIVALUEF": 0}
2024-06-27 02:43:29,611 - INFO - Success on 18: 200 - {"IIVALUE": "l", "IIVALUEF": 0}
2024-06-27 02:43:29,821 - INFO - Success on 18: 200 - {"IIVALUE": null, "IIVALUEF": 0}
2024-06-27 02:43:30,033 - INFO - Success on 18: 200 - {"IIVALUE": null, "IIVALUEF": 0}
2024-06-27 02:43:30,329 - INFO - Success on 19: 200 - {"SHORT_DESC": "Chemical & Consumables Container", "RQ_VALUE": "T20240013", "DESCRIPTION": "Chemical & Consumables Container"}
2024-06-27 02:43:31,473 - INFO - Success on 19: 200 - {"StatusTo": 5}
2024-06-27 02:43:31,748 - INFO - Success on 19: 200 - {"IIVALUE": "CS", "IIVALUEF": 0}
2024-06-27 02:43:32,016 - INFO - Success on 19: 200 - {"IIVALUE": "1", "IIVALUEF": 0}
2024-06-27 02:43:32,287 - INFO - Success on 19: 200 - {"IIVALUE": null, "IIVALUEF": 0}
2024-06-27 02:43:32,530 - INFO - Success on 19: 200 - {"IIVALUE": null, "IIVALUEF": 0}
2024-06-27 02:43:32,816 - INFO - Success on 19: 200 - {"IIVALUE": "Research", "IIVALUEF": 0}
2024-06-27 02:43:33,050 - INFO - Success on 19: 200 - {"IIVALUE": null, "IIVALUEF": 0}
2024-06-27 02:43:33,297 - INFO - Success on 19: 200 - {"IIVALUE": null, "IIVALUEF": 0}
2024-06-27 02:43:33,558 - INFO - Success on 19: 200 - {"IIVALUE": null, "IIVALUEF": 0}
2024-06-27 02:43:33,775 - INFO - Success on 19: 200 - {"IIVALUE": null, "IIVALUEF": 0}
2024-06-27 02:43:34,057 - INFO - Success on 19: 200 - {"IIVALUE": "1.0", "IIVALUEF": 0}
2024-06-27 02:43:34,299 - INFO - Success on 19: 200 - {"IIVALUE": null, "IIVALUEF": 0}
2024-06-27 02:43:34,591 - INFO - Success on 19: 200 - {"IIVALUE": "364-366", "IIVALUEF": 0}
2024-06-27 02:43:34,805 - INFO - Success on 19: 200 - {"IIVALUE": null, "IIVALUEF": 0}
2024-06-27 02:43:35,628 - INFO - Success on 19: 200 - {"IIVALUE": "Chemlok 6411", "IIVALUEF": 0}
2024-06-27 02:43:36,637 - INFO - Success on 19: 200 - {"IIVALUE": "LORD", "IIVALUEF": 0}
2024-06-27 02:43:36,857 - INFO - Success on 19: 200 - {"IIVALUE": null, "IIVALUEF": 0}
2024-06-27 02:43:37,206 - INFO - Success on 19: 200 - {"IIVALUE": "gal (US)", "IIVALUEF": 0}
2024-06-27 02:43:38,143 - INFO - Success on 19: 200 - {"IIVALUE": null, "IIVALUEF": 0}
2024-06-27 02:43:38,382 - INFO - Success on 19: 200 - {"IIVALUE": null, "IIVALUEF": 0}
2024-06-27 02:43:39,651 - INFO - Success on 20: 200 - {"SHORT_DESC": "Chemical & Consumables Container", "RQ_VALUE": "T20240015", "DESCRIPTION": "Chemical & Consumables Container"}
2024-06-27 02:43:40,805 - INFO - Success on 20: 200 - {"StatusTo": 5}
2024-06-27 02:43:41,081 - INFO - Success on 20: 200 - {"IIVALUE": "AS*A", "IIVALUEF": 0}
2024-06-27 02:43:41,346 - INFO - Success on 20: 200 - {"IIVALUE": "1", "IIVALUEF": 0}
2024-06-27 02:43:42,171 - INFO - Success on 20: 200 - {"IIVALUE": null, "IIVALUEF": 0}
2024-06-27 02:43:42,394 - INFO - Success on 20: 200 - {"IIVALUE": null, "IIVALUEF": 0}
2024-06-27 02:43:43,671 - INFO - Success on 20: 200 - {"IIVALUE": " Research", "IIVALUEF": 0}
2024-06-27 02:43:43,896 - INFO - Success on 20: 200 - {"IIVALUE": null, "IIVALUEF": 0}
2024-06-27 02:43:44,672 - INFO - Success on 20: 200 - {"IIVALUE": null, "IIVALUEF": 0}
2024-06-27 02:43:44,945 - INFO - Success on 20: 200 - {"IIVALUE": null, "IIVALUEF": 0}
2024-06-27 02:43:45,186 - INFO - Success on 20: 200 - {"IIVALUE": null, "IIVALUEF": 0}
2024-06-27 02:43:45,469 - INFO - Success on 20: 200 - {"IIVALUE": "1.0", "IIVALUEF": 0}
2024-06-27 02:43:46,687 - INFO - Success on 20: 200 - {"IIVALUE": null, "IIVALUEF": 0}
2024-06-27 02:43:46,981 - INFO - Success on 20: 200 - {"IIVALUE": "311-313", "IIVALUEF": 0}
2024-06-27 02:43:47,207 - INFO - Success on 20: 200 - {"IIVALUE": null, "IIVALUEF": 0}
2024-06-27 02:43:47,505 - INFO - Success on 20: 200 - {"IIVALUE": "Acetic Acid", "IIVALUEF": 0}
2024-06-27 02:43:47,792 - INFO - Success on 20: 200 - {"IIVALUE": "Sigma Aldrich", "IIVALUEF": 0}
2024-06-27 02:43:48,018 - INFO - Success on 20: 200 - {"IIVALUE": null, "IIVALUEF": 0}
2024-06-27 02:43:48,293 - INFO - Success on 20: 200 - {"IIVALUE": "l", "IIVALUEF": 0}
2024-06-27 02:43:49,200 - INFO - Success on 20: 200 - {"IIVALUE": null, "IIVALUEF": 0}
2024-06-27 02:43:50,203 - INFO - Success on 20: 200 - {"IIVALUE": null, "IIVALUEF": 0}
2024-06-27 02:43:50,475 - INFO - Success on 21: 200 - {"SHORT_DESC": "Chemical & Consumables Container", "RQ_VALUE": "T20240016", "DESCRIPTION": "Chemical & Consumables Container"}
2024-06-27 02:43:51,645 - INFO - Success on 21: 200 - {"StatusTo": 5}
2024-06-27 02:43:51,928 - INFO - Success on 21: 200 - {"IIVALUE": "AS*A", "IIVALUEF": 0}
2024-06-27 02:43:52,217 - INFO - Success on 21: 200 - {"IIVALUE": "1", "IIVALUEF": 0}
2024-06-27 02:43:52,505 - INFO - Success on 21: 200 - {"IIVALUE": null, "IIVALUEF": 0}
2024-06-27 02:43:52,725 - INFO - Success on 21: 200 - {"IIVALUE": null, "IIVALUEF": 0}
2024-06-27 02:43:53,021 - INFO - Success on 21: 200 - {"IIVALUE": " Research", "IIVALUEF": 0}
2024-06-27 02:43:53,244 - INFO - Success on 21: 200 - {"IIVALUE": null, "IIVALUEF": 0}
2024-06-27 02:43:53,472 - INFO - Success on 21: 200 - {"IIVALUE": null, "IIVALUEF": 0}
2024-06-27 02:43:53,745 - INFO - Success on 21: 200 - {"IIVALUE": null, "IIVALUEF": 0}
2024-06-27 02:43:53,973 - INFO - Success on 21: 200 - {"IIVALUE": null, "IIVALUEF": 0}
2024-06-27 02:43:54,259 - INFO - Success on 21: 200 - {"IIVALUE": "1.0", "IIVALUEF": 0}
2024-06-27 02:43:54,482 - INFO - Success on 21: 200 - {"IIVALUE": null, "IIVALUEF": 0}
2024-06-27 02:43:54,762 - INFO - Success on 21: 200 - {"IIVALUE": "311-313", "IIVALUEF": 0}
2024-06-27 02:43:54,980 - INFO - Success on 21: 200 - {"IIVALUE": null, "IIVALUEF": 0}
2024-06-27 02:43:55,258 - INFO - Success on 21: 200 - {"IIVALUE": "Ceric Ammonium Sulfate 0.100N in 1N Sulfuric Acid", "IIVALUEF": 0}
2024-06-27 02:43:55,540 - INFO - Success on 21: 200 - {"IIVALUE": "Ricca", "IIVALUEF": 0}
2024-06-27 02:43:55,750 - INFO - Success on 21: 200 - {"IIVALUE": null, "IIVALUEF": 0}
2024-06-27 02:43:56,022 - INFO - Success on 21: 200 - {"IIVALUE": "l", "IIVALUEF": 0}
2024-06-27 02:43:56,241 - INFO - Success on 21: 200 - {"IIVALUE": null, "IIVALUEF": 0}
2024-06-27 02:43:56,499 - INFO - Success on 21: 200 - {"IIVALUE": null, "IIVALUEF": 0}
2024-06-27 02:43:57,750 - INFO - Success on 22: 200 - {"SHORT_DESC": "Chemical & Consumables Container", "RQ_VALUE": "T20240017", "DESCRIPTION": "Chemical & Consumables Container"}
2024-06-27 02:43:58,899 - INFO - Success on 22: 200 - {"StatusTo": 5}
2024-06-27 02:43:59,161 - INFO - Success on 22: 200 - {"IIVALUE": "AS*A", "IIVALUEF": 0}
2024-06-27 02:43:59,456 - INFO - Success on 22: 200 - {"IIVALUE": "4", "IIVALUEF": 0}
2024-06-27 02:43:59,730 - INFO - Success on 22: 200 - {"IIVALUE": null, "IIVALUEF": 0}
2024-06-27 02:43:59,958 - INFO - Success on 22: 200 - {"IIVALUE": null, "IIVALUEF": 0}
2024-06-27 02:44:00,234 - INFO - Success on 22: 200 - {"IIVALUE": "Research", "IIVALUEF": 0}
2024-06-27 02:44:01,260 - INFO - Success on 22: 200 - {"IIVALUE": null, "IIVALUEF": 0}
2024-06-27 02:44:01,484 - INFO - Success on 22: 200 - {"IIVALUE": null, "IIVALUEF": 0}
2024-06-27 02:44:01,780 - INFO - Success on 22: 200 - {"IIVALUE": null, "IIVALUEF": 0}
2024-06-27 02:44:02,776 - INFO - Success on 22: 200 - {"IIVALUE": null, "IIVALUEF": 0}
2024-06-27 02:44:03,068 - INFO - Success on 22: 200 - {"IIVALUE": "4.0", "IIVALUEF": 0}
2024-06-27 02:44:03,307 - INFO - Success on 22: 200 - {"IIVALUE": null, "IIVALUEF": 0}
2024-06-27 02:44:03,595 - INFO - Success on 22: 200 - {"IIVALUE": "260", "IIVALUEF": 0}
2024-06-27 02:44:04,785 - INFO - Success on 22: 200 - {"IIVALUE": null, "IIVALUEF": 0}
2024-06-27 02:44:05,780 - INFO - Success on 22: 200 - {"IIVALUE": "Heptane", "IIVALUEF": 0}
2024-06-27 02:44:06,057 - INFO - Success on 22: 200 - {"IIVALUE": "Sigma Aldrich", "IIVALUEF": 0}
2024-06-27 02:44:06,301 - INFO - Success on 22: 200 - {"IIVALUE": null, "IIVALUEF": 0}
2024-06-27 02:44:06,578 - INFO - Success on 22: 200 - {"IIVALUE": "l", "IIVALUEF": 0}
2024-06-27 02:44:06,822 - INFO - Success on 22: 200 - {"IIVALUE": null, "IIVALUEF": 0}
2024-06-27 02:44:07,782 - INFO - Success on 22: 200 - {"IIVALUE": null, "IIVALUEF": 0}
2024-06-27 02:44:08,056 - INFO - Success on 23: 200 - {"SHORT_DESC": "Chemical & Consumables Container", "RQ_VALUE": "T20240018", "DESCRIPTION": "Chemical & Consumables Container"}
2024-06-27 02:44:09,209 - INFO - Success on 23: 200 - {"StatusTo": 5}
2024-06-27 02:44:09,501 - INFO - Success on 23: 200 - {"IIVALUE": "AS*A", "IIVALUEF": 0}
2024-06-27 02:44:09,774 - INFO - Success on 23: 200 - {"IIVALUE": "4", "IIVALUEF": 0}
2024-06-27 02:44:10,049 - INFO - Success on 23: 200 - {"IIVALUE": null, "IIVALUEF": 0}
2024-06-27 02:44:10,269 - INFO - Success on 23: 200 - {"IIVALUE": null, "IIVALUEF": 0}
2024-06-27 02:44:10,547 - INFO - Success on 23: 200 - {"IIVALUE": "Research", "IIVALUEF": 0}
2024-06-27 02:44:11,805 - INFO - Success on 23: 200 - {"IIVALUE": null, "IIVALUEF": 0}
2024-06-27 02:44:12,039 - INFO - Success on 23: 200 - {"IIVALUE": null, "IIVALUEF": 0}
2024-06-27 02:44:12,307 - INFO - Success on 23: 200 - {"IIVALUE": null, "IIVALUEF": 0}
2024-06-27 02:44:12,532 - INFO - Success on 23: 200 - {"IIVALUE": null, "IIVALUEF": 0}
2024-06-27 02:44:13,811 - INFO - Success on 23: 200 - {"IIVALUE": "4.0", "IIVALUEF": 0}
2024-06-27 02:44:14,047 - INFO - Success on 23: 200 - {"IIVALUE": null, "IIVALUEF": 0}
2024-06-27 02:44:14,308 - INFO - Success on 23: 200 - {"IIVALUE": "260", "IIVALUEF": 0}
2024-06-27 02:44:14,524 - INFO - Success on 23: 200 - {"IIVALUE": null, "IIVALUEF": 0}
2024-06-27 02:44:14,787 - INFO - Success on 23: 200 - {"IIVALUE": "Heptane", "IIVALUEF": 0}
2024-06-27 02:44:15,064 - INFO - Success on 23: 200 - {"IIVALUE": "Sigma Aldrich", "IIVALUEF": 0}
2024-06-27 02:44:15,281 - INFO - Success on 23: 200 - {"IIVALUE": null, "IIVALUEF": 0}
2024-06-27 02:44:15,557 - INFO - Success on 23: 200 - {"IIVALUE": "l", "IIVALUEF": 0}
2024-06-27 02:44:15,777 - INFO - Success on 23: 200 - {"IIVALUE": null, "IIVALUEF": 0}
2024-06-27 02:44:16,030 - INFO - Success on 23: 200 - {"IIVALUE": null, "IIVALUEF": 0}
2024-06-27 02:44:16,303 - INFO - Success on 24: 200 - {"SHORT_DESC": "Chemical & Consumables Container", "RQ_VALUE": "T20240019", "DESCRIPTION": "Chemical & Consumables Container"}
2024-06-27 02:44:17,470 - INFO - Success on 24: 200 - {"StatusTo": 5}
2024-06-27 02:44:17,761 - INFO - Success on 24: 200 - {"IIVALUE": "AS*A", "IIVALUEF": 0}
2024-06-27 02:44:18,031 - INFO - Success on 24: 200 - {"IIVALUE": "4", "IIVALUEF": 0}
2024-06-27 02:44:18,333 - INFO - Success on 24: 200 - {"IIVALUE": null, "IIVALUEF": 0}
2024-06-27 02:44:18,547 - INFO - Success on 24: 200 - {"IIVALUE": null, "IIVALUEF": 0}
2024-06-27 02:44:18,811 - INFO - Success on 24: 200 - {"IIVALUE": "Research", "IIVALUEF": 0}
2024-06-27 02:44:19,060 - INFO - Success on 24: 200 - {"IIVALUE": null, "IIVALUEF": 0}
2024-06-27 02:44:19,297 - INFO - Success on 24: 200 - {"IIVALUE": null, "IIVALUEF": 0}
2024-06-27 02:44:19,574 - INFO - Success on 24: 200 - {"IIVALUE": null, "IIVALUEF": 0}
2024-06-27 02:44:19,838 - INFO - Success on 24: 200 - {"IIVALUE": null, "IIVALUEF": 0}
2024-06-27 02:44:20,137 - INFO - Success on 24: 200 - {"IIVALUE": "4.0", "IIVALUEF": 0}
2024-06-27 02:44:20,357 - INFO - Success on 24: 200 - {"IIVALUE": null, "IIVALUEF": 0}
2024-06-27 02:44:20,683 - INFO - Success on 24: 200 - {"IIVALUE": "260", "IIVALUEF": 0}
2024-06-27 02:44:20,912 - INFO - Success on 24: 200 - {"IIVALUE": null, "IIVALUEF": 0}
2024-06-27 02:44:21,214 - INFO - Success on 24: 200 - {"IIVALUE": "Heptane", "IIVALUEF": 0}
2024-06-27 02:44:21,523 - INFO - Success on 24: 200 - {"IIVALUE": "Sigma Aldrich", "IIVALUEF": 0}
2024-06-27 02:44:21,785 - INFO - Success on 24: 200 - {"IIVALUE": null, "IIVALUEF": 0}
2024-06-27 02:44:22,084 - INFO - Success on 24: 200 - {"IIVALUE": "l", "IIVALUEF": 0}
2024-06-27 02:44:22,310 - INFO - Success on 24: 200 - {"IIVALUE": null, "IIVALUEF": 0}
2024-06-27 02:44:22,557 - INFO - Success on 24: 200 - {"IIVALUE": null, "IIVALUEF": 0}
2024-06-27 02:44:22,848 - INFO - Success on 25: 200 - {"SHORT_DESC": "Chemical & Consumables Container", "RQ_VALUE": "T20240020", "DESCRIPTION": "Chemical & Consumables Container"}
2024-06-27 02:44:23,992 - INFO - Success on 25: 200 - {"StatusTo": 5}
2024-06-27 02:44:24,315 - INFO - Success on 25: 200 - {"IIVALUE": "AS*A", "IIVALUEF": 0}
2024-06-27 02:44:24,591 - INFO - Success on 25: 200 - {"IIVALUE": "4", "IIVALUEF": 0}
2024-06-27 02:44:24,894 - INFO - Success on 25: 200 - {"IIVALUE": null, "IIVALUEF": 0}
2024-06-27 02:44:25,115 - INFO - Success on 25: 200 - {"IIVALUE": null, "IIVALUEF": 0}
2024-06-27 02:44:25,420 - INFO - Success on 25: 200 - {"IIVALUE": "Research", "IIVALUEF": 0}
2024-06-27 02:44:25,630 - INFO - Success on 25: 200 - {"IIVALUE": null, "IIVALUEF": 0}
2024-06-27 02:44:25,850 - INFO - Success on 25: 200 - {"IIVALUE": null, "IIVALUEF": 0}
2024-06-27 02:44:26,114 - INFO - Success on 25: 200 - {"IIVALUE": null, "IIVALUEF": 0}
2024-06-27 02:44:26,363 - INFO - Success on 25: 200 - {"IIVALUE": null, "IIVALUEF": 0}
2024-06-27 02:44:26,655 - INFO - Success on 25: 200 - {"IIVALUE": "4.0", "IIVALUEF": 0}
2024-06-27 02:44:26,880 - INFO - Success on 25: 200 - {"IIVALUE": null, "IIVALUEF": 0}
2024-06-27 02:44:27,163 - INFO - Success on 25: 200 - {"IIVALUE": "260", "IIVALUEF": 0}
2024-06-27 02:44:27,378 - INFO - Success on 25: 200 - {"IIVALUE": null, "IIVALUEF": 0}
2024-06-27 02:44:27,667 - INFO - Success on 25: 200 - {"IIVALUE": "Heptane", "IIVALUEF": 0}
2024-06-27 02:44:27,948 - INFO - Success on 25: 200 - {"IIVALUE": "Sigma Aldrich", "IIVALUEF": 0}
2024-06-27 02:44:28,176 - INFO - Success on 25: 200 - {"IIVALUE": null, "IIVALUEF": 0}
2024-06-27 02:44:28,451 - INFO - Success on 25: 200 - {"IIVALUE": "l", "IIVALUEF": 0}
2024-06-27 02:44:28,658 - INFO - Success on 25: 200 - {"IIVALUE": null, "IIVALUEF": 0}
2024-06-27 02:44:28,908 - INFO - Success on 25: 200 - {"IIVALUE": null, "IIVALUEF": 0}
2024-06-27 02:44:29,184 - INFO - Success on 26: 200 - {"SHORT_DESC": "Chemical & Consumables Container", "RQ_VALUE": "T20240022", "DESCRIPTION": "Chemical & Consumables Container"}
2024-06-27 02:44:30,334 - INFO - Success on 26: 200 - {"StatusTo": 5}
2024-06-27 02:44:30,613 - INFO - Success on 26: 200 - {"IIVALUE": "CS", "IIVALUEF": 0}
2024-06-27 02:44:31,894 - INFO - Success on 26: 200 - {"IIVALUE": "50", "IIVALUEF": 0}
2024-06-27 02:44:32,170 - INFO - Success on 26: 200 - {"IIVALUE": null, "IIVALUEF": 0}
2024-06-27 02:44:32,413 - INFO - Success on 26: 200 - {"IIVALUE": null, "IIVALUEF": 0}
2024-06-27 02:44:32,707 - INFO - Success on 26: 200 - {"IIVALUE": "Research", "IIVALUEF": 0}
2024-06-27 02:44:33,896 - INFO - Success on 26: 200 - {"IIVALUE": null, "IIVALUEF": 0}
2024-06-27 02:44:34,110 - INFO - Success on 26: 200 - {"IIVALUE": null, "IIVALUEF": 0}
2024-06-27 02:44:34,394 - INFO - Success on 26: 200 - {"IIVALUE": null, "IIVALUEF": 0}
2024-06-27 02:44:34,615 - INFO - Success on 26: 200 - {"IIVALUE": null, "IIVALUEF": 0}
2024-06-27 02:44:34,894 - INFO - Success on 26: 200 - {"IIVALUE": "50.0", "IIVALUEF": 0}
2024-06-27 02:44:35,900 - INFO - Success on 26: 200 - {"IIVALUE": null, "IIVALUEF": 0}
2024-06-27 02:44:36,174 - INFO - Success on 26: 200 - {"IIVALUE": "338", "IIVALUEF": 0}
2024-06-27 02:44:36,402 - INFO - Success on 26: 200 - {"IIVALUE": null, "IIVALUEF": 0}
2024-06-27 02:44:37,410 - INFO - Success on 26: 200 - {"IIVALUE": "Loctite EA E-40FL", "IIVALUEF": 0}
2024-06-27 02:44:37,683 - INFO - Success on 26: 200 - {"IIVALUE": "Loctite", "IIVALUEF": 0}
2024-06-27 02:44:37,908 - INFO - Success on 26: 200 - {"IIVALUE": null, "IIVALUEF": 0}
2024-06-27 02:44:38,920 - INFO - Success on 26: 200 - {"IIVALUE": "mL", "IIVALUEF": 0}
2024-06-27 02:44:39,150 - INFO - Success on 26: 200 - {"IIVALUE": null, "IIVALUEF": 0}
2024-06-27 02:44:39,395 - INFO - Success on 26: 200 - {"IIVALUE": null, "IIVALUEF": 0}
2024-06-27 02:44:39,650 - INFO - Success on 27: 200 - {"SHORT_DESC": "Chemical & Consumables Container", "RQ_VALUE": "T20240029", "DESCRIPTION": "Chemical & Consumables Container"}
2024-06-27 02:44:40,794 - INFO - Success on 27: 200 - {"StatusTo": 5}
2024-06-27 02:44:41,088 - INFO - Success on 27: 200 - {"IIVALUE": "AS*A", "IIVALUEF": 0}
2024-06-27 02:44:41,354 - INFO - Success on 27: 200 - {"IIVALUE": "4", "IIVALUEF": 0}
2024-06-27 02:44:41,631 - INFO - Success on 27: 200 - {"IIVALUE": null, "IIVALUEF": 0}
2024-06-27 02:44:41,874 - INFO - Success on 27: 200 - {"IIVALUE": null, "IIVALUEF": 0}
2024-06-27 02:44:42,198 - INFO - Success on 27: 200 - {"IIVALUE": "Research", "IIVALUEF": 0}
2024-06-27 02:44:42,424 - INFO - Success on 27: 200 - {"IIVALUE": null, "IIVALUEF": 0}
2024-06-27 02:44:42,669 - INFO - Success on 27: 200 - {"IIVALUE": null, "IIVALUEF": 0}
2024-06-27 02:44:42,936 - INFO - Success on 27: 200 - {"IIVALUE": null, "IIVALUEF": 0}
2024-06-27 02:44:43,149 - INFO - Success on 27: 200 - {"IIVALUE": null, "IIVALUEF": 0}
2024-06-27 02:44:43,443 - INFO - Success on 27: 200 - {"IIVALUE": "4.0", "IIVALUEF": 0}
2024-06-27 02:44:43,676 - INFO - Success on 27: 200 - {"IIVALUE": null, "IIVALUEF": 0}
2024-06-27 02:44:43,995 - INFO - Success on 27: 200 - {"IIVALUE": "311-313", "IIVALUEF": 0}
2024-06-27 02:44:44,214 - INFO - Success on 27: 200 - {"IIVALUE": null, "IIVALUEF": 0}
2024-06-27 02:44:44,492 - INFO - Success on 27: 200 - {"IIVALUE": "Iodine Solution 0.0473N", "IIVALUEF": 0}
2024-06-27 02:44:44,786 - INFO - Success on 27: 200 - {"IIVALUE": "Ricca", "IIVALUEF": 0}
2024-06-27 02:44:45,018 - INFO - Success on 27: 200 - {"IIVALUE": null, "IIVALUEF": 0}
2024-06-27 02:44:45,315 - INFO - Success on 27: 200 - {"IIVALUE": "l", "IIVALUEF": 0}
2024-06-27 02:44:45,568 - INFO - Success on 27: 200 - {"IIVALUE": null, "IIVALUEF": 0}
2024-06-27 02:44:45,818 - INFO - Success on 27: 200 - {"IIVALUE": null, "IIVALUEF": 0}
2024-06-27 02:44:46,105 - INFO - Success on 28: 200 - {"SHORT_DESC": "Chemical & Consumables Container", "RQ_VALUE": "T20240030", "DESCRIPTION": "Chemical & Consumables Container"}
2024-06-27 02:44:47,255 - INFO - Success on 28: 200 - {"StatusTo": 5}
2024-06-27 02:44:47,532 - INFO - Success on 28: 200 - {"IIVALUE": "AS*A", "IIVALUEF": 0}
2024-06-27 02:44:47,817 - INFO - Success on 28: 200 - {"IIVALUE": "4", "IIVALUEF": 0}
2024-06-27 02:44:48,095 - INFO - Success on 28: 200 - {"IIVALUE": null, "IIVALUEF": 0}
2024-06-27 02:44:48,355 - INFO - Success on 28: 200 - {"IIVALUE": null, "IIVALUEF": 0}
2024-06-27 02:44:48,653 - INFO - Success on 28: 200 - {"IIVALUE": "Research", "IIVALUEF": 0}
2024-06-27 02:44:48,879 - INFO - Success on 28: 200 - {"IIVALUE": null, "IIVALUEF": 0}
2024-06-27 02:44:49,129 - INFO - Success on 28: 200 - {"IIVALUE": null, "IIVALUEF": 0}
2024-06-27 02:44:49,429 - INFO - Success on 28: 200 - {"IIVALUE": null, "IIVALUEF": 0}
2024-06-27 02:44:49,673 - INFO - Success on 28: 200 - {"IIVALUE": null, "IIVALUEF": 0}
2024-06-27 02:44:49,970 - INFO - Success on 28: 200 - {"IIVALUE": "4.0", "IIVALUEF": 0}
2024-06-27 02:44:50,188 - INFO - Success on 28: 200 - {"IIVALUE": null, "IIVALUEF": 0}
2024-06-27 02:44:50,460 - INFO - Success on 28: 200 - {"IIVALUE": "311-313", "IIVALUEF": 0}
2024-06-27 02:44:50,678 - INFO - Success on 28: 200 - {"IIVALUE": null, "IIVALUEF": 0}
2024-06-27 02:44:50,957 - INFO - Success on 28: 200 - {"IIVALUE": "Cyclohexane", "IIVALUEF": 0}
2024-06-27 02:44:51,225 - INFO - Success on 28: 200 - {"IIVALUE": "Sigma-Aldrich", "IIVALUEF": 0}
2024-06-27 02:44:52,459 - INFO - Success on 28: 200 - {"IIVALUE": null, "IIVALUEF": 0}
2024-06-27 02:44:52,739 - INFO - Success on 28: 200 - {"IIVALUE": "l", "IIVALUEF": 0}
2024-06-27 02:44:52,961 - INFO - Success on 28: 200 - {"IIVALUE": null, "IIVALUEF": 0}
2024-06-27 02:44:53,182 - INFO - Success on 28: 200 - {"IIVALUE": null, "IIVALUEF": 0}
2024-06-27 02:44:54,461 - INFO - Success on 29: 200 - {"SHORT_DESC": "Chemical & Consumables Container", "RQ_VALUE": "T20240031", "DESCRIPTION": "Chemical & Consumables Container"}
2024-06-27 02:44:55,611 - INFO - Success on 29: 200 - {"StatusTo": 5}
2024-06-27 02:44:55,876 - INFO - Success on 29: 200 - {"IIVALUE": "AS*A", "IIVALUEF": 0}
2024-06-27 02:44:56,146 - INFO - Success on 29: 200 - {"IIVALUE": "4", "IIVALUEF": 0}
2024-06-27 02:44:56,427 - INFO - Success on 29: 200 - {"IIVALUE": null, "IIVALUEF": 0}
2024-06-27 02:44:56,658 - INFO - Success on 29: 200 - {"IIVALUE": null, "IIVALUEF": 0}
2024-06-27 02:44:56,962 - INFO - Success on 29: 200 - {"IIVALUE": "Research", "IIVALUEF": 0}
2024-06-27 02:44:57,180 - INFO - Success on 29: 200 - {"IIVALUE": null, "IIVALUEF": 0}
2024-06-27 02:44:57,406 - INFO - Success on 29: 200 - {"IIVALUE": null, "IIVALUEF": 0}
2024-06-27 02:44:57,681 - INFO - Success on 29: 200 - {"IIVALUE": null, "IIVALUEF": 0}
2024-06-27 02:44:57,932 - INFO - Success on 29: 200 - {"IIVALUE": null, "IIVALUEF": 0}
2024-06-27 02:44:58,240 - INFO - Success on 29: 200 - {"IIVALUE": "4.0", "IIVALUEF": 0}
2024-06-27 02:44:58,478 - INFO - Success on 29: 200 - {"IIVALUE": null, "IIVALUEF": 0}
2024-06-27 02:44:58,773 - INFO - Success on 29: 200 - {"IIVALUE": "260", "IIVALUEF": 0}
2024-06-27 02:44:59,974 - INFO - Success on 29: 200 - {"IIVALUE": null, "IIVALUEF": 0}
2024-06-27 02:45:00,338 - INFO - Success on 29: 200 - {"IIVALUE": "Cyclohexane", "IIVALUEF": 0}
2024-06-27 02:45:00,641 - INFO - Success on 29: 200 - {"IIVALUE": "Sigma-Aldrich", "IIVALUEF": 0}
2024-06-27 02:45:00,866 - INFO - Success on 29: 200 - {"IIVALUE": null, "IIVALUEF": 0}
2024-06-27 02:45:01,143 - INFO - Success on 29: 200 - {"IIVALUE": "l", "IIVALUEF": 0}
2024-06-27 02:45:01,381 - INFO - Success on 29: 200 - {"IIVALUE": null, "IIVALUEF": 0}
2024-06-27 02:45:02,488 - INFO - Success on 29: 200 - {"IIVALUE": null, "IIVALUEF": 0}
2024-06-27 02:45:02,754 - INFO - Success on 30: 200 - {"SHORT_DESC": "Chemical & Consumables Container", "RQ_VALUE": "T20240032", "DESCRIPTION": "Chemical & Consumables Container"}
2024-06-27 02:45:03,904 - INFO - Success on 30: 200 - {"StatusTo": 5}
2024-06-27 02:45:04,182 - INFO - Success on 30: 200 - {"IIVALUE": "AS*A", "IIVALUEF": 0}
2024-06-27 02:45:05,007 - INFO - Success on 30: 200 - {"IIVALUE": "4", "IIVALUEF": 0}
2024-06-27 02:45:05,286 - INFO - Success on 30: 200 - {"IIVALUE": null, "IIVALUEF": 0}
2024-06-27 02:45:05,515 - INFO - Success on 30: 200 - {"IIVALUE": null, "IIVALUEF": 0}
2024-06-27 02:45:06,514 - INFO - Success on 30: 200 - {"IIVALUE": "Research", "IIVALUEF": 0}
2024-06-27 02:45:06,739 - INFO - Success on 30: 200 - {"IIVALUE": null, "IIVALUEF": 0}
2024-06-27 02:45:06,958 - INFO - Success on 30: 200 - {"IIVALUE": null, "IIVALUEF": 0}
2024-06-27 02:45:08,019 - INFO - Success on 30: 200 - {"IIVALUE": null, "IIVALUEF": 0}
2024-06-27 02:45:08,245 - INFO - Success on 30: 200 - {"IIVALUE": null, "IIVALUEF": 0}
2024-06-27 02:45:08,536 - INFO - Success on 30: 200 - {"IIVALUE": "4.0", "IIVALUEF": 0}
2024-06-27 02:45:08,747 - INFO - Success on 30: 200 - {"IIVALUE": null, "IIVALUEF": 0}
2024-06-27 02:45:09,028 - INFO - Success on 30: 200 - {"IIVALUE": "260", "IIVALUEF": 0}
2024-06-27 02:45:10,023 - INFO - Success on 30: 200 - {"IIVALUE": null, "IIVALUEF": 0}
2024-06-27 02:45:10,282 - INFO - Success on 30: 200 - {"IIVALUE": "Cyclohexane", "IIVALUEF": 0}
2024-06-27 02:45:10,553 - INFO - Success on 30: 200 - {"IIVALUE": "Sigma-Aldrich", "IIVALUEF": 0}
2024-06-27 02:45:10,777 - INFO - Success on 30: 200 - {"IIVALUE": null, "IIVALUEF": 0}
2024-06-27 02:45:11,045 - INFO - Success on 30: 200 - {"IIVALUE": "l", "IIVALUEF": 0}
2024-06-27 02:45:11,255 - INFO - Success on 30: 200 - {"IIVALUE": null, "IIVALUEF": 0}
2024-06-27 02:45:11,495 - INFO - Success on 30: 200 - {"IIVALUE": null, "IIVALUEF": 0}
2024-06-27 02:45:11,758 - INFO - Success on 31: 200 - {"SHORT_DESC": "Chemical & Consumables Container", "RQ_VALUE": "T20240033", "DESCRIPTION": "Chemical & Consumables Container"}
2024-06-27 02:45:12,903 - INFO - Success on 31: 200 - {"StatusTo": 5}
2024-06-27 02:45:13,164 - INFO - Success on 31: 200 - {"IIVALUE": "AS*A", "IIVALUEF": 0}
2024-06-27 02:45:13,442 - INFO - Success on 31: 200 - {"IIVALUE": "4", "IIVALUEF": 0}
2024-06-27 02:45:13,726 - INFO - Success on 31: 200 - {"IIVALUE": null, "IIVALUEF": 0}
2024-06-27 02:45:13,958 - INFO - Success on 31: 200 - {"IIVALUE": null, "IIVALUEF": 0}
2024-06-27 02:45:14,233 - INFO - Success on 31: 200 - {"IIVALUE": "Research", "IIVALUEF": 0}
2024-06-27 02:45:14,475 - INFO - Success on 31: 200 - {"IIVALUE": null, "IIVALUEF": 0}
2024-06-27 02:45:15,544 - INFO - Success on 31: 200 - {"IIVALUE": null, "IIVALUEF": 0}
2024-06-27 02:45:15,832 - INFO - Success on 31: 200 - {"IIVALUE": null, "IIVALUEF": 0}
2024-06-27 02:45:16,086 - INFO - Success on 31: 200 - {"IIVALUE": null, "IIVALUEF": 0}
2024-06-27 02:45:16,397 - INFO - Success on 31: 200 - {"IIVALUE": "4.0", "IIVALUEF": 0}
2024-06-27 02:45:16,623 - INFO - Success on 31: 200 - {"IIVALUE": null, "IIVALUEF": 0}
2024-06-27 02:45:16,892 - INFO - Success on 31: 200 - {"IIVALUE": "260", "IIVALUEF": 0}
2024-06-27 02:45:17,117 - INFO - Success on 31: 200 - {"IIVALUE": null, "IIVALUEF": 0}
2024-06-27 02:45:18,052 - INFO - Success on 31: 200 - {"IIVALUE": "Cyclohexane", "IIVALUEF": 0}
2024-06-27 02:45:18,334 - INFO - Success on 31: 200 - {"IIVALUE": "Sigma-Aldrich", "IIVALUEF": 0}
2024-06-27 02:45:18,552 - INFO - Success on 31: 200 - {"IIVALUE": null, "IIVALUEF": 0}
2024-06-27 02:45:18,834 - INFO - Success on 31: 200 - {"IIVALUE": "l", "IIVALUEF": 0}
2024-06-27 02:45:19,558 - INFO - Success on 31: 200 - {"IIVALUE": null, "IIVALUEF": 0}
2024-06-27 02:45:19,772 - INFO - Success on 31: 200 - {"IIVALUE": null, "IIVALUEF": 0}
